Component: ARM Compiler 5.06 update 6 (build 750) Tool: armlink [4d35ed]

==============================================================================

Section Cross References

    startup_stm32f407xx.o(RESET) refers to startup_stm32f407xx.o(STACK) for __initial_sp
    startup_stm32f407xx.o(RESET) refers to startup_stm32f407xx.o(.text) for Reset_Handler
    startup_stm32f407xx.o(RESET) refers to stm32f4xx_it.o(i.NMI_Handler) for NMI_Handler
    startup_stm32f407xx.o(RESET) refers to stm32f4xx_it.o(i.HardFault_Handler) for HardFault_Handler
    startup_stm32f407xx.o(RESET) refers to stm32f4xx_it.o(i.MemManage_Handler) for MemManage_Handler
    startup_stm32f407xx.o(RESET) refers to stm32f4xx_it.o(i.BusFault_Handler) for BusFault_Handler
    startup_stm32f407xx.o(RESET) refers to stm32f4xx_it.o(i.UsageFault_Handler) for UsageFault_Handler
    startup_stm32f407xx.o(RESET) refers to port.o(.emb_text) for SVC_Handler
    startup_stm32f407xx.o(RESET) refers to stm32f4xx_it.o(i.DebugMon_Handler) for DebugMon_Handler
    startup_stm32f407xx.o(RESET) refers to port.o(i.SysTick_Handler) for SysTick_Handler
    startup_stm32f407xx.o(RESET) refers to stm32f4xx_it.o(i.EXTI0_IRQHandler) for EXTI0_IRQHandler
    startup_stm32f407xx.o(RESET) refers to stm32f4xx_it.o(i.EXTI1_IRQHandler) for EXTI1_IRQHandler
    startup_stm32f407xx.o(RESET) refers to stm32f4xx_it.o(i.TIM5_IRQHandler) for TIM5_IRQHandler
    startup_stm32f407xx.o(.text) refers to system_stm32f4xx.o(i.SystemInit) for SystemInit
    startup_stm32f407xx.o(.text) refers to entry.o(.ARM.Collect$$$$00000000) for __main
    main.o(i.AccelReadThread) refers to main.o(i.get_scaled_data) for get_scaled_data
    main.o(i.AccelReadThread) refers to f2d.o(.text) for __aeabi_f2d
    main.o(i.AccelReadThread) refers to printfa.o(i.__0sprintf) for __2sprintf
    main.o(i.AccelReadThread) refers to strcpy.o(.text) for strcpy
    main.o(i.AccelReadThread) refers to cmsis_os2.o(i.osMessageQueuePut) for osMessageQueuePut
    main.o(i.AccelReadThread) refers to stm32f4xx_hal_gpio.o(i.HAL_GPIO_WritePin) for HAL_GPIO_WritePin
    main.o(i.AccelReadThread) refers to cmsis_os2.o(i.osDelay) for osDelay
    main.o(i.AccelReadThread) refers to main.o(.bss) for .bss
    main.o(i.AccelReadThread) refers to main.o(.data) for .data
    main.o(i.CheckUpdateThread) refers to cmsis_os2.o(i.osMutexAcquire) for osMutexAcquire
    main.o(i.CheckUpdateThread) refers to stm32f4xx_hal_gpio.o(i.HAL_GPIO_WritePin) for HAL_GPIO_WritePin
    main.o(i.CheckUpdateThread) refers to stm32f4xx_hal_uart.o(i.HAL_UART_Transmit) for HAL_UART_Transmit
    main.o(i.CheckUpdateThread) refers to cmsis_os2.o(i.osMutexRelease) for osMutexRelease
    main.o(i.CheckUpdateThread) refers to cmsis_os2.o(i.osDelay) for osDelay
    main.o(i.CheckUpdateThread) refers to main.o(.data) for .data
    main.o(i.CheckUpdateThread) refers to main.o(.bss) for .bss
    main.o(i.HAL_GPIO_EXTI_Callback) refers to cmsis_os2.o(i.osEventFlagsSet) for osEventFlagsSet
    main.o(i.HAL_GPIO_EXTI_Callback) refers to memcpya.o(.text) for __aeabi_memcpy4
    main.o(i.HAL_GPIO_EXTI_Callback) refers to main.o(.data) for .data
    main.o(i.HAL_GPIO_EXTI_Callback) refers to main.o(.bss) for .bss
    main.o(i.HAL_TIM_PeriodElapsedCallback) refers to stm32f4xx_hal.o(i.HAL_IncTick) for HAL_IncTick
    main.o(i.MX_GPIO_Init) refers to memseta.o(.text) for __aeabi_memclr4
    main.o(i.MX_GPIO_Init) refers to stm32f4xx_hal_gpio.o(i.HAL_GPIO_WritePin) for HAL_GPIO_WritePin
    main.o(i.MX_GPIO_Init) refers to stm32f4xx_hal_gpio.o(i.HAL_GPIO_Init) for HAL_GPIO_Init
    main.o(i.MX_GPIO_Init) refers to stm32f4xx_hal_cortex.o(i.HAL_NVIC_SetPriority) for HAL_NVIC_SetPriority
    main.o(i.MX_GPIO_Init) refers to stm32f4xx_hal_cortex.o(i.HAL_NVIC_EnableIRQ) for HAL_NVIC_EnableIRQ
    main.o(i.MX_SPI1_Init) refers to stm32f4xx_hal_spi.o(i.HAL_SPI_Init) for HAL_SPI_Init
    main.o(i.MX_SPI1_Init) refers to main.o(.bss) for .bss
    main.o(i.SystemClock_Config) refers to memseta.o(.text) for __aeabi_memclr4
    main.o(i.SystemClock_Config) refers to stm32f4xx_hal_rcc.o(i.HAL_RCC_OscConfig) for HAL_RCC_OscConfig
    main.o(i.SystemClock_Config) refers to stm32f4xx_hal_rcc.o(i.HAL_RCC_ClockConfig) for HAL_RCC_ClockConfig
    main.o(i.TransmitUartThread) refers to cmsis_os2.o(i.osMessageQueueGet) for osMessageQueueGet
    main.o(i.TransmitUartThread) refers to stm32f4xx_hal_gpio.o(i.HAL_GPIO_WritePin) for HAL_GPIO_WritePin
    main.o(i.TransmitUartThread) refers to cmsis_os2.o(i.osDelay) for osDelay
    main.o(i.TransmitUartThread) refers to cmsis_os2.o(i.osMutexAcquire) for osMutexAcquire
    main.o(i.TransmitUartThread) refers to strlen.o(.text) for strlen
    main.o(i.TransmitUartThread) refers to stm32f4xx_hal_uart.o(i.HAL_UART_Transmit) for HAL_UART_Transmit
    main.o(i.TransmitUartThread) refers to cmsis_os2.o(i.osMutexRelease) for osMutexRelease
    main.o(i.TransmitUartThread) refers to memseta.o(.text) for __aeabi_memclr4
[...]
    prvDeleteTCB                             0x08003e67   Thumb Code    52  tasks.o(i.prvDeleteTCB)
    i.prvHeapInit                            0x08003e9c   Section        0  heap_4.o(i.prvHeapInit)
    prvHeapInit                              0x08003e9d   Thumb Code    66  heap_4.o(i.prvHeapInit)
    i.prvIdleTask                            0x08003ee8   Section        0  tasks.o(i.prvIdleTask)
    prvIdleTask                              0x08003ee9   Thumb Code    82  tasks.o(i.prvIdleTask)
    i.prvInitialiseMutex                     0x08003f48   Section        0  queue.o(i.prvInitialiseMutex)
    prvInitialiseMutex                       0x08003f49   Thumb Code    22  queue.o(i.prvInitialiseMutex)
    i.prvInitialiseNewQueue                  0x08003f60   Section        0  queue.o(i.prvInitialiseNewQueue)
    prvInitialiseNewQueue                    0x08003f61   Thumb Code    34  queue.o(i.prvInitialiseNewQueue)
    i.prvInitialiseNewTask                   0x08003f82   Section        0  tasks.o(i.prvInitialiseNewTask)
    prvInitialiseNewTask                     0x08003f83   Thumb Code   156  tasks.o(i.prvInitialiseNewTask)
    i.prvInsertBlockIntoFreeList             0x08004020   Section        0  heap_4.o(i.prvInsertBlockIntoFreeList)
    prvInsertBlockIntoFreeList               0x08004021   Thumb Code    72  heap_4.o(i.prvInsertBlockIntoFreeList)
    i.prvInsertTimerInActiveList             0x0800406c   Section        0  timers.o(i.prvInsertTimerInActiveList)
    prvInsertTimerInActiveList               0x0800406d   Thumb Code    52  timers.o(i.prvInsertTimerInActiveList)
    i.prvIsQueueEmpty                        0x080040a4   Section        0  queue.o(i.prvIsQueueEmpty)
    prvIsQueueEmpty                          0x080040a5   Thumb Code    28  queue.o(i.prvIsQueueEmpty)
    i.prvProcessReceivedCommands             0x080040c0   Section        0  timers.o(i.prvProcessReceivedCommands)
    prvProcessReceivedCommands               0x080040c1   Thumb Code   198  timers.o(i.prvProcessReceivedCommands)
    i.prvProcessTimerOrBlockTask             0x0800418c   Section        0  timers.o(i.prvProcessTimerOrBlockTask)
    prvProcessTimerOrBlockTask               0x0800418d   Thumb Code   172  timers.o(i.prvProcessTimerOrBlockTask)
    i.prvResetNextTaskUnblockTime            0x08004240   Section        0  tasks.o(i.prvResetNextTaskUnblockTime)
    prvResetNextTaskUnblockTime              0x08004241   Thumb Code    26  tasks.o(i.prvResetNextTaskUnblockTime)
    i.prvSampleTimeNow                       0x08004260   Section        0  timers.o(i.prvSampleTimeNow)
    prvSampleTimeNow                         0x08004261   Thumb Code    36  timers.o(i.prvSampleTimeNow)
    i.prvSwitchTimerLists                    0x08004288   Section        0  timers.o(i.prvSwitchTimerLists)
    prvSwitchTimerLists                      0x08004289   Thumb Code   102  timers.o(i.prvSwitchTimerLists)
    i.prvTaskExitError                       0x080042f4   Section        0  port.o(i.prvTaskExitError)
    prvTaskExitError                         0x080042f5   Thumb Code    36  port.o(i.prvTaskExitError)
    i.prvTestWaitCondition                   0x0800431c   Section        0  event_groups.o(i.prvTestWaitCondition)
    prvTestWaitCondition                     0x0800431d   Thumb Code    20  event_groups.o(i.prvTestWaitCondition)
    i.prvTimerTask                           0x08004330   Section        0  timers.o(i.prvTimerTask)
    prvTimerTask                             0x08004331   Thumb Code    32  timers.o(i.prvTimerTask)
    i.prvUnlockQueue                         0x08004354   Section        0  queue.o(i.prvUnlockQueue)
    prvUnlockQueue                           0x08004355   Thumb Code   106  queue.o(i.prvUnlockQueue)
    i.pvPortMalloc                           0x080043c0   Section        0  heap_4.o(i.pvPortMalloc)
    i.pvTaskIncrementMutexHeldCount          0x08004498   Section        0  tasks.o(i.pvTaskIncrementMutexHeldCount)
    i.pxPortInitialiseStack                  0x080044b0   Section        0  port.o(i.pxPortInitialiseStack)
    i.readIO                                 0x080044dc   Section        0  main.o(i.readIO)
    i.strrev                                 0x08004524   Section        0  main.o(i.strrev)
    i.uxListRemove                           0x08004550   Section        0  list.o(i.uxListRemove)
    i.uxTaskResetEventItemValue              0x08004578   Section        0  tasks.o(i.uxTaskResetEventItemValue)
    i.vApplicationGetIdleTaskMemory          0x08004590   Section        0  cmsis_os2.o(i.vApplicationGetIdleTaskMemory)
    i.vApplicationGetTimerTaskMemory         0x080045a4   Section        0  cmsis_os2.o(i.vApplicationGetTimerTaskMemory)
    i.vEventGroupClearBitsCallback           0x080045bc   Section        0  event_groups.o(i.vEventGroupClearBitsCallback)
    i.vEventGroupSetBitsCallback             0x080045c0   Section        0  event_groups.o(i.vEventGroupSetBitsCallback)
    i.vListInitialise                        0x080045c4   Section        0  list.o(i.vListInitialise)
    i.vListInitialiseItem                    0x080045da   Section        0  list.o(i.vListInitialiseItem)
    i.vListInsert                            0x080045e0   Section        0  list.o(i.vListInsert)
    i.vListInsertEnd                         0x08004610   Section        0  list.o(i.vListInsertEnd)
    i.vPortEnterCritical                     0x08004628   Section        0  port.o(i.vPortEnterCritical)
    i.vPortExitCritical                      0x08004668   Section        0  port.o(i.vPortExitCritical)
    i.vPortFree                              0x08004690   Section        0  heap_4.o(i.vPortFree)
    i.vPortSetupTimerInterrupt               0x080046ec   Section        0  port.o(i.vPortSetupTimerInterrupt)
    i.vPortValidateInterruptPriority         0x08004710   Section        0  port.o(i.vPortValidateInterruptPriority)
    i.vQueueAddToRegistry                    0x08004764   Section        0  queue.o(i.vQueueAddToRegistry)
    i.vQueueWaitForMessageRestricted         0x0800478c   Section        0  queue.o(i.vQueueWaitForMessageRestricted)
    i.vTaskDelay                             0x080047d0   Section        0  tasks.o(i.vTaskDelay)
    i.vTaskInternalSetTimeOutState           0x0800481c   Section        0  tasks.o(i.vTaskInternalSetTimeOutState)
    i.vTaskMissedYield                       0x0800482c   Section        0  tasks.o(i.vTaskMissedYield)
    i.vTaskPlaceOnEventList                  0x08004838   Section        0  tasks.o(i.vTaskPlaceOnEventList)
    i.vTaskPlaceOnEventListRestricted        0x08004868   Section        0  tasks.o(i.vTaskPlaceOnEventListRestricted)
    i.vTaskPlaceOnUnorderedEventList         0x080048a0   Section        0  tasks.o(i.vTaskPlaceOnUnorderedEventList)
    i.vTaskPriorityDisinheritAfterTimeout    0x080048f0   Section        0  tasks.o(i.vTaskPriorityDisinheritAfterTimeout)
    i.vTaskRemoveFromUnorderedEventList      0x08004980   Section        0  tasks.o(i.vTaskRemoveFromUnorderedEventList)
    i.vTaskStartScheduler                    0x080049f0   Section        0  tasks.o(i.vTaskStartScheduler)
    i.vTaskSuspendAll                        0x08004a78   Section        0  tasks.o(i.vTaskSuspendAll)
    i.vTaskSwitchContext                     0x08004a88   Section        0  tasks.o(i.vTaskSwitchContext)
    i.writeIO                                0x08004aec   Section        0  main.o(i.writeIO)
    i.write_to_flash_word                    0x08004b2c   Section        0  main.o(i.write_to_flash_word)
    i.xEventGroupClearBits                   0x08004b74   Section        0  event_groups.o(i.xEventGroupClearBits)
    i.xEventGroupClearBitsFromISR            0x08004bb4   Section        0  event_groups.o(i.xEventGroupClearBitsFromISR)
    i.xEventGroupCreate                      0x08004bc4   Section        0  event_groups.o(i.xEventGroupCreate)
    i.xEventGroupCreateStatic                0x08004be0   Section        0  event_groups.o(i.xEventGroupCreateStatic)
    i.xEventGroupGetBitsFromISR              0x08004c0c   Section        0  event_groups.o(i.xEventGroupGetBitsFromISR)
    i.xEventGroupSetBits                     0x08004c26   Section        0  event_groups.o(i.xEventGroupSetBits)
    i.xEventGroupSetBitsFromISR              0x08004cb4   Section        0  event_groups.o(i.xEventGroupSetBitsFromISR)
    i.xEventGroupWaitBits                    0x08004cc4   Section        0  event_groups.o(i.xEventGroupWaitBits)
    i.xPortStartScheduler                    0x08004dcc   Section        0  port.o(i.xPortStartScheduler)
    i.xQueueCreateMutex                      0x08004ec0   Section        0  queue.o(i.xQueueCreateMutex)
    i.xQueueCreateMutexStatic                0x08004ed6   Section        0  queue.o(i.xQueueCreateMutexStatic)
    i.xQueueGenericCreate                    0x08004ef0   Section        0  queue.o(i.xQueueGenericCreate)
    i.xQueueGenericCreateStatic              0x08004f38   Section        0  queue.o(i.xQueueGenericCreateStatic)
    i.xQueueGenericReset                     0x08004fa0   Section        0  queue.o(i.xQueueGenericReset)
    i.xQueueGenericSend                      0x08005028   Section        0  queue.o(i.xQueueGenericSend)
    i.xQueueGenericSendFromISR               0x08005188   Section        0  queue.o(i.xQueueGenericSendFromISR)
    i.xQueueGiveMutexRecursive               0x08005244   Section        0  queue.o(i.xQueueGiveMutexRecursive)
    i.xQueueReceive                          0x08005284   Section        0  queue.o(i.xQueueReceive)
    i.xQueueReceiveFromISR                   0x080053bc   Section        0  queue.o(i.xQueueReceiveFromISR)
    i.xQueueSemaphoreTake                    0x08005458   Section        0  queue.o(i.xQueueSemaphoreTake)
    i.xQueueTakeMutexRecursive               0x080055d0   Section        0  queue.o(i.xQueueTakeMutexRecursive)
    i.xTaskCheckForTimeOut                   0x08005610   Section        0  tasks.o(i.xTaskCheckForTimeOut)
    i.xTaskCreate                            0x08005684   Section        0  tasks.o(i.xTaskCreate)
    i.xTaskCreateStatic                      0x080056de   Section        0  tasks.o(i.xTaskCreateStatic)
    i.xTaskGetCurrentTaskHandle              0x08005734   Section        0  tasks.o(i.xTaskGetCurrentTaskHandle)
    i.xTaskGetSchedulerState                 0x08005740   Section        0  tasks.o(i.xTaskGetSchedulerState)
    i.xTaskGetTickCount                      0x0800575c   Section        0  tasks.o(i.xTaskGetTickCount)
    i.xTaskIncrementTick                     0x08005768   Section        0  tasks.o(i.xTaskIncrementTick)
    i.xTaskPriorityDisinherit                0x08005830   Section        0  tasks.o(i.xTaskPriorityDisinherit)
    i.xTaskPriorityInherit                   0x080058b0   Section        0  tasks.o(i.xTaskPriorityInherit)
    i.xTaskRemoveFromEventList               0x08005928   Section        0  tasks.o(i.xTaskRemoveFromEventList)
    i.xTaskResumeAll                         0x08005998   Section        0  tasks.o(i.xTaskResumeAll)
    i.xTimerCreateTimerTask                  0x08005a5c   Section        0  timers.o(i.xTimerCreateTimerTask)
    i.xTimerGenericCommand                   0x08005abc   Section        0  timers.o(i.xTimerGenericCommand)
    i.xTimerPendFunctionCallFromISR          0x08005b24   Section        0  timers.o(i.xTimerPendFunctionCallFromISR)
    .constdata                               0x08005b4c   Section      184  main.o(.constdata)
    .constdata                               0x08005c04   Section       16  system_stm32f4xx.o(.constdata)
    .constdata                               0x08005c14   Section        8  system_stm32f4xx.o(.constdata)
    .constdata                               0x08005c1c   Section      129  ctype_o.o(.constdata)
    .constdata                               0x08005ca0   Section        4  ctype_o.o(.constdata)
    table                                    0x08005ca0   Data           4  ctype_o.o(.constdata)
    .conststring                             0x08005ca4   Section       74  main.o(.conststring)
    .data                                    0x20000000   Section       44  main.o(.data)
    response                                 0x20000000   Data           1  main.o(.data)
    .data                                    0x2000002c   Section       12  stm32f4xx_hal.o(.data)
    .data                                    0x20000038   Section        4  system_stm32f4xx.o(.data)
    .data                                    0x2000003c   Section       60  tasks.o(.data)
    pxDelayedTaskList                        0x20000040   Data           4  tasks.o(.data)
    pxOverflowDelayedTaskList                0x20000044   Data           4  tasks.o(.data)
    uxDeletedTasksWaitingCleanUp             0x20000048   Data           4  tasks.o(.data)
    uxCurrentNumberOfTasks                   0x2000004c   Data           4  tasks.o(.data)
    xTickCount                               0x20000050   Data           4  tasks.o(.data)
    uxTopReadyPriority                       0x20000054   Data           4  tasks.o(.data)
    xSchedulerRunning                        0x20000058   Data           4  tasks.o(.data)
    uxPendedTicks                            0x2000005c   Data           4  tasks.o(.data)
    xYieldPending                            0x20000060   Data           4  tasks.o(.data)
    xNumOfOverflows                          0x20000064   Data           4  tasks.o(.data)
    uxTaskNumber                             0x20000068   Data           4  tasks.o(.data)
    xNextTaskUnblockTime                     0x2000006c   Data           4  tasks.o(.data)
    xIdleTaskHandle                          0x20000070   Data           4  tasks.o(.data)
    uxSchedulerSuspended                     0x20000074   Data           4  tasks.o(.data)
    .data                                    0x20000078   Section       20  timers.o(.data)
    pxCurrentTimerList                       0x20000078   Data           4  timers.o(.data)
    pxOverflowTimerList                      0x2000007c   Data           4  timers.o(.data)
    xTimerQueue                              0x20000080   Data           4  timers.o(.data)
    xTimerTaskHandle                         0x20000084   Data           4  timers.o(.data)
    xLastTime                                0x20000088   Data           4  timers.o(.data)
    .data                                    0x2000008c   Section        4  cmsis_os2.o(.data)
    KernelState                              0x2000008c   Data           4  cmsis_os2.o(.data)
    .data                                    0x20000090   Section       24  heap_4.o(.data)
    pxEnd                                    0x20000090   Data           4  heap_4.o(.data)
    xFreeBytesRemaining                      0x20000094   Data           4  heap_4.o(.data)
    xMinimumEverFreeBytesRemaining           0x20000098   Data           4  heap_4.o(.data)
    xBlockAllocatedBit                       0x2000009c   Data           4  heap_4.o(.data)
    xStart                                   0x200000a0   Data           8  heap_4.o(.data)
    .data                                    0x200000a8   Section       12  port.o(.data)
    ucMaxSysCallPriority                     0x200000a8   Data           1  port.o(.data)
    uxCriticalNesting                        0x200000ac   Data           4  port.o(.data)
    ulMaxPRIGROUPValue                       0x200000b0   Data           4  port.o(.data)
    .data                                    0x200000b4   Section        4  strtok.o(.data)
    state                                    0x200000b4   Data           4  strtok.o(.data)
    .data                                    0x200000b8   Section        4  errno.o(.data)
    _errno                                   0x200000b8   Data           4  errno.o(.data)
    .bss                                     0x200000bc   Section      344  main.o(.bss)
    .bss                                     0x20000214   Section       64  stm32f4xx_hal_timebase_tim.o(.bss)
    .bss                                     0x20000254   Section       32  stm32f4xx_hal_flash.o(.bss)
    .bss                                     0x20000274   Section       64  queue.o(.bss)
    .bss                                     0x200002b4   Section     1220  tasks.o(.bss)
    pxReadyTasksLists                        0x200002b4   Data        1120  tasks.o(.bss)
    xDelayedTaskList1                        0x20000714   Data          20  tasks.o(.bss)
    xDelayedTaskList2                        0x20000728   Data          20  tasks.o(.bss)
    xPendingReadyList                        0x2000073c   Data          20  tasks.o(.bss)
    xTasksWaitingTermination                 0x20000750   Data          20  tasks.o(.bss)
    xSuspendedTaskList                       0x20000764   Data          20  tasks.o(.bss)
    .bss                                     0x20000778   Section      280  timers.o(.bss)
    xActiveTimerList1                        0x20000778   Data          20  timers.o(.bss)
    xActiveTimerList2                        0x2000078c   Data          20  timers.o(.bss)
    xStaticTimerQueue                        0x200007a0   Data          80  timers.o(.bss)
    ucStaticTimerQueueStorage                0x200007f0   Data         160  timers.o(.bss)
    .bss                                     0x20000890   Section     1720  cmsis_os2.o(.bss)
    Idle_TCB                                 0x20000890   Data          92  cmsis_os2.o(.bss)
    Idle_Stack                               0x200008ec   Data         512  cmsis_os2.o(.bss)
    Timer_TCB                                0x20000aec   Data          92  cmsis_os2.o(.bss)
    Timer_Stack                              0x20000b48   Data        1024  cmsis_os2.o(.bss)
    .bss                                     0x20000f48   Section    15360  heap_4.o(.bss)
    ucHeap                                   0x20000f48   Data       15360  heap_4.o(.bss)
    STACK                                    0x20004b48   Section     1024  startup_stm32f407xx.o(STACK)

    Global Symbols

    Symbol Name                              Value     Ov Type        Size  Object(Section)

    BuildAttributes$$THM_ISAv4$E$P$D$K$B$S$7EM$VFPi3$EXTD16$VFPS$VFMA$PE$A:L22UL41UL21$X:L11$S22US41US21$IEEE1$IW$USESV6$~STKCKD$USESV7$~SHL$OTIME$ROPI$EBA8$MICROLIB$REQ8$PRES8$EABIv2 0x00000000   Number         0  anon$$obj.o ABSOLUTE
    __ARM_use_no_argv                        0x00000000   Number         0  main.o ABSOLUTE
    _printf_a                                0x00000000   Number         0  stubs.o ABSOLUTE
    _printf_c                                0x00000000   Number         0  stubs.o ABSOLUTE
    _printf_charcount                        0x00000000   Number         0  stubs.o ABSOLUTE
    _printf_d                                0x00000000   Number         0  stubs.o ABSOLUTE
    _printf_e                                0x00000000   Number         0  stubs.o ABSOLUTE
    _printf_f                                0x00000000   Number         0  stubs.o ABSOLUTE
    _printf_flags                            0x00000000   Number         0  stubs.o ABSOLUTE
    _printf_fp_dec                           0x00000000   Number         0  stubs.o ABSOLUTE
    _printf_fp_hex                           0x00000000   Number         0  stubs.o ABSOLUTE
    _printf_g                                0x00000000   Number         0  stubs.o ABSOLUTE
    _printf_i                                0x00000000   Number         0  stubs.o ABSOLUTE
    _printf_int_dec                          0x00000000   Number         0  stubs.o ABSOLUTE
    _printf_l                                0x00000000   Number         0  stubs.o ABSOLUTE
    _printf_lc                               0x00000000   Number         0  stubs.o ABSOLUTE
    _printf_ll                               0x00000000   Number         0  stubs.o ABSOLUTE
    _printf_lld                              0x00000000   Number         0  stubs.o ABSOLUTE
    _printf_lli                              0x00000000   Number         0  stubs.o ABSOLUTE
    _printf_llo                              0x00000000   Number         0  stubs.o ABSOLUTE
    _printf_llu                              0x00000000   Number         0  stubs.o ABSOLUTE
    _printf_llx                              0x00000000   Number         0  stubs.o ABSOLUTE
    _printf_longlong_dec                     0x00000000   Number         0  stubs.o ABSOLUTE
    _printf_longlong_hex                     0x00000000   Number         0  stubs.o ABSOLUTE
    _printf_longlong_oct                     0x00000000   Number         0  stubs.o ABSOLUTE
    _printf_ls                               0x00000000   Number         0  stubs.o ABSOLUTE
    _printf_mbtowc                           0x00000000   Number         0  stubs.o ABSOLUTE
    _printf_n                                0x00000000   Number         0  stubs.o ABSOLUTE
    _printf_o                                0x00000000   Number         0  stubs.o ABSOLUTE
    _printf_p                                0x00000000   Number         0  stubs.o ABSOLUTE
    _printf_percent                          0x00000000   Number         0  stubs.o ABSOLUTE
    _printf_pre_padding                      0x00000000   Number         0  stubs.o ABSOLUTE
    _printf_return_value                     0x00000000   Number         0  stubs.o ABSOLUTE
    _printf_s                                0x00000000   Number         0  stubs.o ABSOLUTE
    _printf_sizespec                         0x00000000   Number         0  stubs.o ABSOLUTE
    _printf_str                              0x00000000   Number         0  stubs.o ABSOLUTE
    _printf_truncate_signed                  0x00000000   Number         0  stubs.o ABSOLUTE
    _printf_truncate_unsigned                0x00000000   Number         0  stubs.o ABSOLUTE
    _printf_u                                0x00000000   Number         0  stubs.o ABSOLUTE
    _printf_wc                               0x00000000   Number         0  stubs.o ABSOLUTE
    _printf_wctomb                           0x00000000   Number         0  stubs.o ABSOLUTE
    _printf_widthprec                        0x00000000   Number         0  stubs.o ABSOLUTE
    _printf_x                                0x00000000   Number         0  stubs.o ABSOLUTE
    __cpp_initialize__aeabi_                  - Undefined Weak Reference
    __cxa_finalize                            - Undefined Weak Reference
    __decompress                              - Undefined Weak Reference
    _clock_init                               - Undefined Weak Reference
    _microlib_exit                            - Undefined Weak Reference
    __Vectors_Size                           0x00000188   Number         0  startup_stm32f407xx.o ABSOLUTE
    __Vectors                                0x08000000   Data           4  startup_stm32f407xx.o(RESET)
    __Vectors_End                            0x08000188   Data           0  startup_stm32f407xx.o(RESET)
    __main                                   0x08000189   Thumb Code     0  entry.o(.ARM.Collect$$$$00000000)
    _main_stk                                0x08000189   Thumb Code     0  entry2.o(.ARM.Collect$$$$00000001)
    _main_scatterload                        0x0800018d   Thumb Code     0  entry5.o(.ARM.Collect$$$$00000004)
    __main_after_scatterload                 0x08000191   Thumb Code     0  entry5.o(.ARM.Collect$$$$00000004)
    _main_clock                              0x08000191   Thumb Code     0  entry7b.o(.ARM.Collect$$$$00000008)
    _main_cpp_init                           0x08000191   Thumb Code     0  entry8b.o(.ARM.Collect$$$$0000000A)
    _main_init                               0x08000191   Thumb Code     0  entry9a.o(.ARM.Collect$$$$0000000B)
    __rt_final_cpp                           0x08000199   Thumb Code     0  entry10a.o(.ARM.Collect$$$$0000000D)
    __rt_final_exit                          0x08000199   Thumb Code     0  entry11a.o(.ARM.Collect$$$$0000000F)
    SVC_Handler                              0x0800019d   Thumb Code    28  port.o(.emb_text)
    __asm___6_port_c_39a90d8d__prvStartFirstTask 0x080001bd   Thumb Code    36  port.o(.emb_text)
    __asm___6_port_c_39a90d8d__prvEnableVFP  0x080001e5   Thumb Code    16  port.o(.emb_text)
    PendSV_Handler                           0x080001f9   Thumb Code    88  port.o(.emb_text)
    vPortGetIPSR                             0x08000255   Thumb Code     6  port.o(.emb_text)
    Reset_Handler                            0x0800025d   Thumb Code     8  startup_stm32f407xx.o(.text)
    ADC_IRQHandler                           0x08000277   Thumb Code     0  startup_stm32f407xx.o(.text)
    CAN1_RX0_IRQHandler                      0x08000277   Thumb Code     0  startup_stm32f407xx.o(.text)
    CAN1_RX1_IRQHandler                      0x08000277   Thumb Code     0  startup_stm32f407xx.o(.text)
    CAN1_SCE_IRQHandler                      0x08000277   Thumb Code     0  startup_stm32f407xx.o(.text)
    CAN1_TX_IRQHandler                       0x08000277   Thumb Code     0  startup_stm32f407xx.o(.text)
    CAN2_RX0_IRQHandler                      0x08000277   Thumb Code     0  startup_stm32f407xx.o(.text)
    CAN2_RX1_IRQHandler                      0x08000277   Thumb Code     0  startup_stm32f407xx.o(.text)
    CAN2_SCE_IRQHandler                      0x08000277   Thumb Code     0  startup_stm32f407xx.o(.text)
    CAN2_TX_IRQHandler                       0x08000277   Thumb Code     0  startup_stm32f407xx.o(.text)
    DCMI_IRQHandler                          0x08000277   Thumb Code     0  startup_stm32f407xx.o(.text)
    DMA1_Stream0_IRQHandler                  0x08000277   Thumb Code     0  startup_stm32f407xx.o(.text)
    DMA1_Stream1_IRQHandler                  0x08000277   Thumb Code     0  startup_stm32f407xx.o(.text)
    DMA1_Stream2_IRQHandler                  0x08000277   Thumb Code     0  startup_stm32f407xx.o(.text)
    DMA1_Stream3_IRQHandler                  0x08000277   Thumb Code     0  startup_stm32f407xx.o(.text)
    DMA1_Stream4_IRQHandler                  0x08000277   Thumb Code     0  startup_stm32f407xx.o(.text)
    DMA1_Stream5_IRQHandler                  0x08000277   Thumb Code     0  startup_stm32f407xx.o(.text)
    DMA1_Stream6_IRQHandler                  0x08000277   Thumb Code     0  startup_stm32f407xx.o(.text)
    DMA1_Stream7_IRQHandler                  0x08000277   Thumb Code     0  startup_stm32f407xx.o(.text)
    DMA2_Stream0_IRQHandler                  0x08000277   Thumb Code     0  startup_stm32f407xx.o(.text)
    DMA2_Stream1_IRQHandler                  0x08000277   Thumb Code     0  startup_stm32f407xx.o(.text)
    DMA2_Stream2_IRQHandler                  0x08000277   Thumb Code     0  startup_stm32f407xx.o(.text)
    DMA2_Stream3_IRQHandler                  0x08000277   Thumb Code     0  startup_stm32f407xx.o(.text)
    DMA2_Stream4_IRQHandler                  0x08000277   Thumb Code     0  startup_stm32f407xx.o(.text)
    DMA2_Stream5_IRQHandler                  0x08000277   Thumb Code     0  startup_stm32f407xx.o(.text)
    DMA2_Stream6_IRQHandler                  0x08000277   Thumb Code     0  startup_stm32f407xx.o(.text)
    DMA2_Stream7_IRQHandler                  0x08000277   Thumb Code     0  startup_stm32f407xx.o(.text)
    ETH_IRQHandler                           0x08000277   Thumb Code     0  startup_stm32f407xx.o(.text)
    ETH_WKUP_IRQHandler                      0x08000277   Thumb Code     0  startup_stm32f407xx.o(.text)
    EXTI15_10_IRQHandler                     0x08000277   Thumb Code     0  startup_stm32f407xx.o(.text)
    EXTI2_IRQHandler                         0x08000277   Thumb Code     0  startup_stm32f407xx.o(.text)
    EXTI3_IRQHandler                         0x08000277   Thumb Code     0  startup_stm32f407xx.o(.text)
    EXTI4_IRQHandler                         0x08000277   Thumb Code     0  startup_stm32f407xx.o(.text)
    EXTI9_5_IRQHandler                       0x08000277   Thumb Code     0  startup_stm32f407xx.o(.text)
    FLASH_IRQHandler                         0x08000277   Thumb Code     0  startup_stm32f407xx.o(.text)
    FMC_IRQHandler                           0x08000277   Thumb Code     0  startup_stm32f407xx.o(.text)
    FPU_IRQHandler                           0x08000277   Thumb Code     0  startup_stm32f407xx.o(.text)
    HASH_RNG_IRQHandler                      0x08000277   Thumb Code     0  startup_stm32f407xx.o(.text)
    I2C1_ER_IRQHandler                       0x08000277   Thumb Code     0  startup_stm32f407xx.o(.text)
    I2C1_EV_IRQHandler                       0x08000277   Thumb Code     0  startup_stm32f407xx.o(.text)
    I2C2_ER_IRQHandler                       0x08000277   Thumb Code     0  startup_stm32f407xx.o(.text)
    I2C2_EV_IRQHandler                       0x08000277   Thumb Code     0  startup_stm32f407xx.o(.text)
    I2C3_ER_IRQHandler                       0x08000277   Thumb Code     0  startup_stm32f407xx.o(.text)
    I2C3_EV_IRQHandler                       0x08000277   Thumb Code     0  startup_stm32f407xx.o(.text)
    OTG_FS_IRQHandler                        0x08000277   Thumb Code     0  startup_stm32f407xx.o(.text)
    OTG_FS_WKUP_IRQHandler                   0x08000277   Thumb Code     0  startup_stm32f407xx.o(.text)
    OTG_HS_EP1_IN_IRQHandler                 0x08000277   Thumb Code     0  startup_stm32f407xx.o(.text)
    OTG_HS_EP1_OUT_IRQHandler                0x08000277   Thumb Code     0  startup_stm32f407xx.o(.text)
    OTG_HS_IRQHandler                        0x08000277   Thumb Code     0  startup_stm32f407xx.o(.text)
    OTG_HS_WKUP_IRQHandler                   0x08000277   Thumb Code     0  startup_stm32f407xx.o(.text)
    PVD_IRQHandler                           0x08000277   Thumb Code     0  startup_stm32f407xx.o(.text)
    RCC_IRQHandler                           0x08000277   Thumb Code     0  startup_stm32f407xx.o(.text)
    RTC_Alarm_IRQHandler                     0x08000277   Thumb Code     0  startup_stm32f407xx.o(.text)
    RTC_WKUP_IRQHandler                      0x08000277   Thumb Code     0  startup_stm32f407xx.o(.text)
    SDIO_IRQHandler                          0x08000277   Thumb Code     0  startup_stm32f407xx.o(.text)
    SPI1_IRQHandler                          0x08000277   Thumb Code     0  startup_stm32f407xx.o(.text)
    SPI2_IRQHandler                          0x08000277   Thumb Code     0  startup_stm32f407xx.o(.text)
    SPI3_IRQHandler                          0x08000277   Thumb Code     0  startup_stm32f407xx.o(.text)
    TAMP_STAMP_IRQHandler                    0x08000277   Thumb Code     0  startup_stm32f407xx.o(.text)
    TIM1_BRK_TIM9_IRQHandler                 0x08000277   Thumb Code     0  startup_stm32f407xx.o(.text)
    TIM1_CC_IRQHandler                       0x08000277   Thumb Code     0  startup_stm32f407xx.o(.text)
    TIM1_TRG_COM_TIM11_IRQHandler            0x08000277   Thumb Code     0  startup_stm32f407xx.o(.text)
    TIM1_UP_TIM10_IRQHandler                 0x08000277   Thumb Code     0  startup_stm32f407xx.o(.text)
    TIM2_IRQHandler                          0x08000277   Thumb Code     0  startup_stm32f407xx.o(.text)
    TIM3_IRQHandler                          0x08000277   Thumb Code     0  startup_stm32f407xx.o(.text)
    TIM4_IRQHandler                          0x08000277   Thumb Code     0  startup_stm32f407xx.o(.text)
    TIM6_DAC_IRQHandler                      0x08000277   Thumb Code     0  startup_stm32f407xx.o(.text)
    TIM7_IRQHandler                          0x08000277   Thumb Code     0  startup_stm32f407xx.o(.text)
    TIM8_BRK_TIM12_IRQHandler                0x08000277   Thumb Code     0  startup_stm32f407xx.o(.text)
    TIM8_CC_IRQHandler                       0x08000277   Thumb Code     0  startup_stm32f407xx.o(.text)
    TIM8_TRG_COM_TIM14_IRQHandler            0x08000277   Thumb Code     0  startup_stm32f407xx.o(.text)
    TIM8_UP_TIM13_IRQHandler                 0x08000277   Thumb Code     0  startup_stm32f407xx.o(.text)
    UART4_IRQHandler                         0x08000277   Thumb Code     0  startup_stm32f407xx.o(.text)
    UART5_IRQHandler                         0x08000277   Thumb Code     0  startup_stm32f407xx.o(.text)
    USART1_IRQHandler                        0x08000277   Thumb Code     0  startup_stm32f407xx.o(.text)
    USART2_IRQHandler                        0x08000277   Thumb Code     0  startup_stm32f407xx.o(.text)
    USART3_IRQHandler                        0x08000277   Thumb Code     0  startup_stm32f407xx.o(.text)
    USART6_IRQHandler                        0x08000277   Thumb Code     0  startup_stm32f407xx.o(.text)
    WWDG_IRQHandler                          0x08000277   Thumb Code     0  startup_stm32f407xx.o(.text)
    __aeabi_uldivmod                         0x08000281   Thumb Code    98  uldiv.o(.text)
    __aeabi_memcpy                           0x080002e3   Thumb Code    36  memcpya.o(.text)
    __aeabi_memcpy4                          0x080002e3   Thumb Code     0  memcpya.o(.text)
    __aeabi_memcpy8                          0x080002e3   Thumb Code     0  memcpya.o(.text)
    __aeabi_memset                           0x08000307   Thumb Code    14  memseta.o(.text)
    __aeabi_memset4                          0x08000307   Thumb Code     0  memseta.o(.text)
    __aeabi_memset8                          0x08000307   Thumb Code     0  memseta.o(.text)
    __aeabi_memclr                           0x08000315   Thumb Code     4  memseta.o(.text)
    __aeabi_memclr4                          0x08000315   Thumb Code     0  memseta.o(.text)
    __aeabi_memclr8                          0x08000315   Thumb Code     0  memseta.o(.text)
    memset                                   0x08000319   Thumb Code    18  memseta.o(.text)
    strlen                                   0x0800032b   Thumb Code    14  strlen.o(.text)
    strcmp                                   0x08000339   Thumb Code    28  strcmp.o(.text)
    strcpy                                   0x08000355   Thumb Code    18  strcpy.o(.text)
    strtok                                   0x08000369   Thumb Code    62  strtok.o(.text)
    strtol                                   0x080003ad   Thumb Code   112  strtol.o(.text)
    __aeabi_dmul                             0x0800041d   Thumb Code   228  dmul.o(.text)
    __aeabi_i2d                              0x08000501   Thumb Code    34  dflti.o(.text)
    __aeabi_f2d                              0x08000523   Thumb Code    38  f2d.o(.text)
    __aeabi_d2f                              0x08000549   Thumb Code    56  d2f.o(.text)
    __aeabi_uidiv                            0x08000581   Thumb Code     0  uidiv.o(.text)
    __aeabi_uidivmod                         0x08000581   Thumb Code    44  uidiv.o(.text)
    __aeabi_llsl                             0x080005ad   Thumb Code    30  llshl.o(.text)
    _ll_shift_l                              0x080005ad   Thumb Code     0  llshl.o(.text)
    __aeabi_llsr                             0x080005cb   Thumb Code    32  llushr.o(.text)
    _ll_ushift_r                             0x080005cb   Thumb Code     0  llushr.o(.text)
    __rt_ctype_table                         0x080005ed   Thumb Code     4  ctype_o.o(.text)
    _strtoul                                 0x080005f5   Thumb Code   158  _strtoul.o(.text)
    __I$use$fp                               0x08000693   Thumb Code     0  iusefp.o(.text)
    _float_round                             0x08000693   Thumb Code    18  fepilogue.o(.text)
    _float_epilogue                          0x080006a5   Thumb Code    92  fepilogue.o(.text)
    _double_round                            0x08000701   Thumb Code    30  depilogue.o(.text)
    _double_epilogue                         0x0800071f   Thumb Code   156  depilogue.o(.text)
    __aeabi_dadd                             0x080007bb   Thumb Code   322  dadd.o(.text)
    __aeabi_dsub                             0x080008fd   Thumb Code     6  dadd.o(.text)
    __aeabi_drsub                            0x08000903   Thumb Code     6  dadd.o(.text)
    __aeabi_ddiv                             0x08000909   Thumb Code   222  ddiv.o(.text)
    __aeabi_d2ulz                            0x080009e7   Thumb Code    48  dfixul.o(.text)
    __aeabi_cdrcmple                         0x08000a19   Thumb Code    48  cdrcmple.o(.text)
    __scatterload                            0x08000a49   Thumb Code    28  init.o(.text)
    __scatterload_rt2                        0x08000a49   Thumb Code     0  init.o(.text)
    __aeabi_lasr                             0x08000a6d   Thumb Code    36  llsshr.o(.text)
    _ll_sshift_r                             0x08000a6d   Thumb Code     0  llsshr.o(.text)
    _chval                                   0x08000a91   Thumb Code    28  _chval.o(.text)
    AccelReadThread                          0x08000aad   Thumb Code   134  main.o(i.AccelReadThread)
    BusFault_Handler                         0x08000b59   Thumb Code     2  stm32f4xx_it.o(i.BusFault_Handler)
    CheckUpdateThread                        0x08000b5d   Thumb Code    94  main.o(i.CheckUpdateThread)
    DebugMon_Handler                         0x08000bd5   Thumb Code     2  stm32f4xx_it.o(i.DebugMon_Handler)
    EXTI0_IRQHandler                         0x08000bd7   Thumb Code     6  stm32f4xx_it.o(i.EXTI0_IRQHandler)
    EXTI1_IRQHandler                         0x08000bdd   Thumb Code     6  stm32f4xx_it.o(i.EXTI1_IRQHandler)
    FLASH_Erase_Sector                       0x08000be5   Thumb Code    74  stm32f4xx_hal_flash_ex.o(i.FLASH_Erase_Sector)
    FLASH_WaitForLastOperation               0x08000d2d   Thumb Code    72  stm32f4xx_hal_flash.o(i.FLASH_WaitForLastOperation)
    HAL_FLASH_Lock                           0x08000d7d   Thumb Code    14  stm32f4xx_hal_flash.o(i.HAL_FLASH_Lock)
    HAL_FLASH_Program                        0x08000d91   Thumb Code   116  stm32f4xx_hal_flash.o(i.HAL_FLASH_Program)
    HAL_FLASH_Unlock                         0x08000e0d   Thumb Code    32  stm32f4xx_hal_flash.o(i.HAL_FLASH_Unlock)
    HAL_GPIO_EXTI_Callback                   0x08000e39   Thumb Code    50  main.o(i.HAL_GPIO_EXTI_Callback)
    HAL_GPIO_EXTI_IRQHandler                 0x08000e79   Thumb Code    18  stm32f4xx_hal_gpio.o(i.HAL_GPIO_EXTI_IRQHandler)
    HAL_GPIO_Init                            0x08000e91   Thumb Code   388  stm32f4xx_hal_gpio.o(i.HAL_GPIO_Init)
    HAL_GPIO_TogglePin                       0x08001041   Thumb Code    14  stm32f4xx_hal_gpio.o(i.HAL_GPIO_TogglePin)
    HAL_GPIO_WritePin                        0x0800104f   Thumb Code    10  stm32f4xx_hal_gpio.o(i.HAL_GPIO_WritePin)
    HAL_GetTick                              0x08001059   Thumb Code     6  stm32f4xx_hal.o(i.HAL_GetTick)
    HAL_IncTick                              0x08001065   Thumb Code    12  stm32f4xx_hal.o(i.HAL_IncTick)
    HAL_Init                                 0x08001075   Thumb Code    48  stm32f4xx_hal.o(i.HAL_Init)
    HAL_InitTick                             0x080010a9   Thumb Code   100  stm32f4xx_hal_timebase_tim.o(i.HAL_InitTick)
    HAL_MspInit                              0x0800111d   Thumb Code    52  stm32f4xx_hal_msp.o(i.HAL_MspInit)
    HAL_NVIC_EnableIRQ                       0x08001155   Thumb Code    26  stm32f4xx_hal_cortex.o(i.HAL_NVIC_EnableIRQ)
    HAL_NVIC_SetPriority                     0x08001171   Thumb Code    60  stm32f4xx_hal_cortex.o(i.HAL_NVIC_SetPriority)
    HAL_NVIC_SetPriorityGrouping             0x080011b1   Thumb Code    26  stm32f4xx_hal_cortex.o(i.HAL_NVIC_SetPriorityGrouping)
    HAL_RCC_ClockConfig                      0x080011d5   Thumb Code   286  stm32f4xx_hal_rcc.o(i.HAL_RCC_ClockConfig)
    HAL_RCC_GetClockConfig                   0x08001305   Thumb Code    54  stm32f4xx_hal_rcc.o(i.HAL_RCC_GetClockConfig)
    HAL_RCC_GetPCLK1Freq                     0x08001345   Thumb Code    20  stm32f4xx_hal_rcc.o(i.HAL_RCC_GetPCLK1Freq)
    HAL_RCC_GetPCLK2Freq                     0x08001365   Thumb Code    20  stm32f4xx_hal_rcc.o(i.HAL_RCC_GetPCLK2Freq)
    HAL_RCC_GetSysClockFreq                  0x08001385   Thumb Code    88  stm32f4xx_hal_rcc.o(i.HAL_RCC_GetSysClockFreq)
    HAL_RCC_OscConfig                        0x080013e5   Thumb Code   770  stm32f4xx_hal_rcc.o(i.HAL_RCC_OscConfig)
    HAL_SPI_Init                             0x08001701   Thumb Code   128  stm32f4xx_hal_spi.o(i.HAL_SPI_Init)
    HAL_SPI_MspInit                          0x08001781   Thumb Code    92  stm32f4xx_hal_msp.o(i.HAL_SPI_MspInit)
    HAL_SPI_Receive                          0x080017e9   Thumb Code   336  stm32f4xx_hal_spi.o(i.HAL_SPI_Receive)
    HAL_SPI_Transmit                         0x08001939   Thumb Code   348  stm32f4xx_hal_spi.o(i.HAL_SPI_Transmit)
    HAL_SPI_TransmitReceive                  0x08001a95   Thumb Code   482  stm32f4xx_hal_spi.o(i.HAL_SPI_TransmitReceive)
    HAL_TIMEx_BreakCallback                  0x08001c77   Thumb Code     2  stm32f4xx_hal_tim_ex.o(i.HAL_TIMEx_BreakCallback)
    HAL_TIMEx_CommutCallback                 0x08001c79   Thumb Code     2  stm32f4xx_hal_tim_ex.o(i.HAL_TIMEx_CommutCallback)
    HAL_TIM_Base_Init                        0x08001c7b   Thumb Code    54  stm32f4xx_hal_tim.o(i.HAL_TIM_Base_Init)
    HAL_TIM_Base_MspInit                     0x08001cb1   Thumb Code     2  stm32f4xx_hal_tim.o(i.HAL_TIM_Base_MspInit)
    HAL_TIM_Base_Start_IT                    0x08001cb3   Thumb Code    34  stm32f4xx_hal_tim.o(i.HAL_TIM_Base_Start_IT)
    HAL_TIM_IC_CaptureCallback               0x08001cd5   Thumb Code     2  stm32f4xx_hal_tim.o(i.HAL_TIM_IC_CaptureCallback)
    HAL_TIM_IRQHandler                       0x08001cd7   Thumb Code   358  stm32f4xx_hal_tim.o(i.HAL_TIM_IRQHandler)
    HAL_TIM_OC_DelayElapsedCallback          0x08001e3d   Thumb Code     2  stm32f4xx_hal_tim.o(i.HAL_TIM_OC_DelayElapsedCallback)
    HAL_TIM_PWM_PulseFinishedCallback        0x08001e3f   Thumb Code     2  stm32f4xx_hal_tim.o(i.HAL_TIM_PWM_PulseFinishedCallback)
    HAL_TIM_PeriodElapsedCallback            0x08001e41   Thumb Code    14  main.o(i.HAL_TIM_PeriodElapsedCallback)
    HAL_TIM_TriggerCallback                  0x08001e55   Thumb Code     2  stm32f4xx_hal_tim.o(i.HAL_TIM_TriggerCallback)
    HAL_UART_Init                            0x08001e57   Thumb Code    98  stm32f4xx_hal_uart.o(i.HAL_UART_Init)
    HAL_UART_MspInit                         0x08001eb9   Thumb Code   146  stm32f4xx_hal_msp.o(i.HAL_UART_MspInit)
    HAL_UART_Receive                         0x08001f61   Thumb Code   184  stm32f4xx_hal_uart.o(i.HAL_UART_Receive)
    HAL_UART_Transmit                        0x08002019   Thumb Code   186  stm32f4xx_hal_uart.o(i.HAL_UART_Transmit)
    HardFault_Handler                        0x080020d3   Thumb Code     2  stm32f4xx_it.o(i.HardFault_Handler)
    MemManage_Handler                        0x08002211   Thumb Code     2  stm32f4xx_it.o(i.MemManage_Handler)
    NMI_Handler                              0x08002213   Thumb Code     2  stm32f4xx_it.o(i.NMI_Handler)
    SysTick_Handler                          0x0800235d   Thumb Code    38  port.o(i.SysTick_Handler)
    SystemClock_Config                       0x08002389   Thumb Code   128  main.o(i.SystemClock_Config)
    SystemInit                               0x08002411   Thumb Code    66  system_stm32f4xx.o(i.SystemInit)
    TIM5_IRQHandler                          0x08002465   Thumb Code     6  stm32f4xx_it.o(i.TIM5_IRQHandler)
    TIM_Base_SetConfig                       0x08002471   Thumb Code   156  stm32f4xx_hal_tim.o(i.TIM_Base_SetConfig)
    TransmitUartThread                       0x08002539   Thumb Code   122  main.o(i.TransmitUartThread)
    UpdateHandleThread                       0x080028d1   Thumb Code   462  main.o(i.UpdateHandleThread)
    UsageFault_Handler                       0x08002ae9   Thumb Code     2  stm32f4xx_it.o(i.UsageFault_Handler)
    __0sprintf                               0x08002aed   Thumb Code    34  printfa.o(i.__0sprintf)
    __1sprintf                               0x08002aed   Thumb Code     0  printfa.o(i.__0sprintf)
    __2sprintf                               0x08002aed   Thumb Code     0  printfa.o(i.__0sprintf)
    __c89sprintf                             0x08002aed   Thumb Code     0  printfa.o(i.__0sprintf)
    sprintf                                  0x08002aed   Thumb Code     0  printfa.o(i.__0sprintf)
    __0vsprintf                              0x08002b15   Thumb Code    30  printfa.o(i.__0vsprintf)
    __1vsprintf                              0x08002b15   Thumb Code     0  printfa.o(i.__0vsprintf)
    __2vsprintf                              0x08002b15   Thumb Code     0  printfa.o(i.__0vsprintf)
    __c89vsprintf                            0x08002b15   Thumb Code     0  printfa.o(i.__0vsprintf)
    vsprintf                                 0x08002b15   Thumb Code     0  printfa.o(i.__0vsprintf)
    __aeabi_errno_addr                       0x08002b59   Thumb Code     4  errno.o(i.__aeabi_errno_addr)
    __rt_errno_addr                          0x08002b59   Thumb Code     0  errno.o(i.__aeabi_errno_addr)
    __scatterload_copy                       0x08002b61   Thumb Code    14  handlers.o(i.__scatterload_copy)
    __scatterload_null                       0x08002b6f   Thumb Code     2  handlers.o(i.__scatterload_null)
    __scatterload_zeroinit                   0x08002b71   Thumb Code    14  handlers.o(i.__scatterload_zeroinit)
    accel_data_read                          0x0800343d   Thumb Code    84  main.o(i.accel_data_read)
    accel_init                               0x08003495   Thumb Code    42  main.o(i.accel_init)
    get_scaled_data                          0x080034c5   Thumb Code   106  main.o(i.get_scaled_data)
    main                                     0x08003539   Thumb Code   254  main.o(i.main)
    osDelay                                  0x0800365d   Thumb Code    46  cmsis_os2.o(i.osDelay)
    osEventFlagsClear                        0x08003691   Thumb Code    82  cmsis_os2.o(i.osEventFlagsClear)
    osEventFlagsNew                          0x080036e9   Thumb Code    64  cmsis_os2.o(i.osEventFlagsNew)
    osEventFlagsSet                          0x0800372d   Thumb Code    98  cmsis_os2.o(i.osEventFlagsSet)
    osEventFlagsWait                         0x08003799   Thumb Code   118  cmsis_os2.o(i.osEventFlagsWait)
    osKernelInitialize                       0x08003815   Thumb Code    50  cmsis_os2.o(i.osKernelInitialize)
    osKernelStart                            0x0800384d   Thumb Code    58  cmsis_os2.o(i.osKernelStart)
    osMessageQueueGet                        0x0800388d   Thumb Code   116  cmsis_os2.o(i.osMessageQueueGet)
    osMessageQueueNew                        0x08003909   Thumb Code   110  cmsis_os2.o(i.osMessageQueueNew)
    osMessageQueuePut                        0x0800397d   Thumb Code   120  cmsis_os2.o(i.osMessageQueuePut)
    osMutexAcquire                           0x080039fd   Thumb Code   104  cmsis_os2.o(i.osMutexAcquire)
    osMutexNew                               0x08003a69   Thumb Code   124  cmsis_os2.o(i.osMutexNew)
    osMutexRelease                           0x08003ae9   Thumb Code    88  cmsis_os2.o(i.osMutexRelease)
    osThreadNew                              0x08003b45   Thumb Code   160  cmsis_os2.o(i.osThreadNew)
    parsing_update_request                   0x08003be9   Thumb Code    98  main.o(i.parsing_update_request)
    pvPortMalloc                             0x080043c1   Thumb Code   210  heap_4.o(i.pvPortMalloc)
    pvTaskIncrementMutexHeldCount            0x08004499   Thumb Code    18  tasks.o(i.pvTaskIncrementMutexHeldCount)
    pxPortInitialiseStack                    0x080044b1   Thumb Code    40  port.o(i.pxPortInitialiseStack)
    readIO                                   0x080044dd   Thumb Code    62  main.o(i.readIO)
    strrev                                   0x08004525   Thumb Code    44  main.o(i.strrev)
    uxListRemove                             0x08004551   Thumb Code    38  list.o(i.uxListRemove)
    uxTaskResetEventItemValue                0x08004579   Thumb Code    20  tasks.o(i.uxTaskResetEventItemValue)
    vApplicationGetIdleTaskMemory            0x08004591   Thumb Code    16  cmsis_os2.o(i.vApplicationGetIdleTaskMemory)
    vApplicationGetTimerTaskMemory           0x080045a5   Thumb Code    18  cmsis_os2.o(i.vApplicationGetTimerTaskMemory)
    vEventGroupClearBitsCallback             0x080045bd   Thumb Code     4  event_groups.o(i.vEventGroupClearBitsCallback)
    vEventGroupSetBitsCallback               0x080045c1   Thumb Code     4  event_groups.o(i.vEventGroupSetBitsCallback)
    vListInitialise                          0x080045c5   Thumb Code    22  list.o(i.vListInitialise)
    vListInitialiseItem                      0x080045db   Thumb Code     6  list.o(i.vListInitialiseItem)
    vListInsert                              0x080045e1   Thumb Code    48  list.o(i.vListInsert)
    vListInsertEnd                           0x08004611   Thumb Code    24  list.o(i.vListInsertEnd)
    vPortEnterCritical                       0x08004629   Thumb Code    54  port.o(i.vPortEnterCritical)
    vPortExitCritical                        0x08004669   Thumb Code    34  port.o(i.vPortExitCritical)
    vPortFree                                0x08004691   Thumb Code    88  heap_4.o(i.vPortFree)
    vPortSetupTimerInterrupt                 0x080046ed   Thumb Code    32  port.o(i.vPortSetupTimerInterrupt)
    vPortValidateInterruptPriority           0x08004711   Thumb Code    74  port.o(i.vPortValidateInterruptPriority)
    vQueueAddToRegistry                      0x08004765   Thumb Code    34  queue.o(i.vQueueAddToRegistry)
    vQueueWaitForMessageRestricted           0x0800478d   Thumb Code    68  queue.o(i.vQueueWaitForMessageRestricted)
    vTaskDelay                               0x080047d1   Thumb Code    66  tasks.o(i.vTaskDelay)
    vTaskInternalSetTimeOutState             0x0800481d   Thumb Code    12  tasks.o(i.vTaskInternalSetTimeOutState)
    vTaskMissedYield                         0x0800482d   Thumb Code     8  tasks.o(i.vTaskMissedYield)
    vTaskPlaceOnEventList                    0x08004839   Thumb Code    44  tasks.o(i.vTaskPlaceOnEventList)
    vTaskPlaceOnEventListRestricted          0x08004869   Thumb Code    52  tasks.o(i.vTaskPlaceOnEventListRestricted)
    vTaskPlaceOnUnorderedEventList           0x080048a1   Thumb Code    76  tasks.o(i.vTaskPlaceOnUnorderedEventList)
    vTaskPriorityDisinheritAfterTimeout      0x080048f1   Thumb Code   134  tasks.o(i.vTaskPriorityDisinheritAfterTimeout)
    vTaskRemoveFromUnorderedEventList        0x08004981   Thumb Code   102  tasks.o(i.vTaskRemoveFromUnorderedEventList)
    vTaskStartScheduler                      0x080049f1   Thumb Code   118  tasks.o(i.vTaskStartScheduler)
    vTaskSuspendAll                          0x08004a79   Thumb Code    10  tasks.o(i.vTaskSuspendAll)
    vTaskSwitchContext                       0x08004a89   Thumb Code    90  tasks.o(i.vTaskSwitchContext)
    writeIO                                  0x08004aed   Thumb Code    54  main.o(i.writeIO)
    write_to_flash_word                      0x08004b2d   Thumb Code    66  main.o(i.write_to_flash_word)
    xEventGroupClearBits                     0x08004b75   Thumb Code    64  event_groups.o(i.xEventGroupClearBits)
    xEventGroupClearBitsFromISR              0x08004bb5   Thumb Code    12  event_groups.o(i.xEventGroupClearBitsFromISR)
    xEventGroupCreate                        0x08004bc5   Thumb Code    28  event_groups.o(i.xEventGroupCreate)
    xEventGroupCreateStatic                  0x08004be1   Thumb Code    44  event_groups.o(i.xEventGroupCreateStatic)
    xEventGroupGetBitsFromISR                0x08004c0d   Thumb Code    26  event_groups.o(i.xEventGroupGetBitsFromISR)
    xEventGroupSetBits                       0x08004c27   Thumb Code   140  event_groups.o(i.xEventGroupSetBits)
    xEventGroupSetBitsFromISR                0x08004cb5   Thumb Code    12  event_groups.o(i.xEventGroupSetBitsFromISR)
    xEventGroupWaitBits                      0x08004cc5   Thumb Code   260  event_groups.o(i.xEventGroupWaitBits)
    xPortStartScheduler                      0x08004dcd   Thumb Code   222  port.o(i.xPortStartScheduler)
    xQueueCreateMutex                        0x08004ec1   Thumb Code    22  queue.o(i.xQueueCreateMutex)
    xQueueCreateMutexStatic                  0x08004ed7   Thumb Code    26  queue.o(i.xQueueCreateMutexStatic)
    xQueueGenericCreate                      0x08004ef1   Thumb Code    72  queue.o(i.xQueueGenericCreate)
    xQueueGenericCreateStatic                0x08004f39   Thumb Code   102  queue.o(i.xQueueGenericCreateStatic)
    xQueueGenericReset                       0x08004fa1   Thumb Code   132  queue.o(i.xQueueGenericReset)
    xQueueGenericSend                        0x08005029   Thumb Code   346  queue.o(i.xQueueGenericSend)
    xQueueGenericSendFromISR                 0x08005189   Thumb Code   188  queue.o(i.xQueueGenericSendFromISR)
    xQueueGiveMutexRecursive                 0x08005245   Thumb Code    62  queue.o(i.xQueueGiveMutexRecursive)
    xQueueReceive                            0x08005285   Thumb Code   308  queue.o(i.xQueueReceive)
    xQueueReceiveFromISR                     0x080053bd   Thumb Code   154  queue.o(i.xQueueReceiveFromISR)
    xQueueSemaphoreTake                      0x08005459   Thumb Code   372  queue.o(i.xQueueSemaphoreTake)
    xQueueTakeMutexRecursive                 0x080055d1   Thumb Code    64  queue.o(i.xQueueTakeMutexRecursive)
    xTaskCheckForTimeOut                     0x08005611   Thumb Code   112  tasks.o(i.xTaskCheckForTimeOut)
    xTaskCreate                              0x08005685   Thumb Code    90  tasks.o(i.xTaskCreate)
    xTaskCreateStatic                        0x080056df   Thumb Code    86  tasks.o(i.xTaskCreateStatic)
    xTaskGetCurrentTaskHandle                0x08005735   Thumb Code     6  tasks.o(i.xTaskGetCurrentTaskHandle)
    xTaskGetSchedulerState                   0x08005741   Thumb Code    22  tasks.o(i.xTaskGetSchedulerState)
    xTaskGetTickCount                        0x0800575d   Thumb Code     6  tasks.o(i.xTaskGetTickCount)
    xTaskIncrementTick                       0x08005769   Thumb Code   190  tasks.o(i.xTaskIncrementTick)
    xTaskPriorityDisinherit                  0x08005831   Thumb Code   118  tasks.o(i.xTaskPriorityDisinherit)
    xTaskPriorityInherit                     0x080058b1   Thumb Code   112  tasks.o(i.xTaskPriorityInherit)
    xTaskRemoveFromEventList                 0x08005929   Thumb Code    98  tasks.o(i.xTaskRemoveFromEventList)
    xTaskResumeAll                           0x08005999   Thumb Code   182  tasks.o(i.xTaskResumeAll)
    xTimerCreateTimerTask                    0x08005a5d   Thumb Code    78  timers.o(i.xTimerCreateTimerTask)
    xTimerGenericCommand                     0x08005abd   Thumb Code    98  timers.o(i.xTimerGenericCommand)
    xTimerPendFunctionCallFromISR            0x08005b25   Thumb Code    34  timers.o(i.xTimerPendFunctionCallFromISR)
    AHBPrescTable                            0x08005c04   Data          16  system_stm32f4xx.o(.constdata)
    APBPrescTable                            0x08005c14   Data           8  system_stm32f4xx.o(.constdata)
    __ctype_table                            0x08005c1c   Data         129  ctype_o.o(.constdata)
    Region$$Table$$Base                      0x08005cf0   Number         0  anon$$obj.o(Region$$Table)
    Region$$Table$$Limit                     0x08005d10   Number         0  anon$$obj.o(Region$$Table)
    reg                                      0x20000001   Data           1  main.o(.data)
    spiTxBuf                                 0x20000002   Data           2  main.o(.data)
    spiRxBuf                                 0x20000004   Data           2  main.o(.data)
    accelTaskHandle                          0x20000008   Data           4  main.o(.data)
    sendTaskHandle                           0x2000000c   Data           4  main.o(.data)
    updateTaskHandle                         0x20000010   Data           4  main.o(.data)
    checkUpdateHandle                        0x20000014   Data           4  main.o(.data)
    accelDataQueueHandle                     0x20000018   Data           4  main.o(.data)
    uartMutexHandle                          0x2000001c   Data           4  main.o(.data)
    evt_id                                   0x20000020   Data           4  main.o(.data)
    flags                                    0x20000024   Data           4  main.o(.data)
    status                                   0x20000028   Data           4  main.o(.data)
    uwTickFreq                               0x2000002c   Data           1  stm32f4xx_hal.o(.data)
    uwTickPrio                               0x20000030   Data           4  stm32f4xx_hal.o(.data)
    uwTick                                   0x20000034   Data           4  stm32f4xx_hal.o(.data)
    SystemCoreClock                          0x20000038   Data           4  system_stm32f4xx.o(.data)
    pxCurrentTCB                             0x2000003c   Data           4  tasks.o(.data)
    rx_buffer                                0x200000bc   Data          64  main.o(.bss)
    hspi1                                    0x200000fc   Data          88  main.o(.bss)
    huart2                                   0x20000154   Data          64  main.o(.bss)
    huart6                                   0x20000194   Data          64  main.o(.bss)
    myAccelScaledData                        0x200001d4   Data          12  main.o(.bss)
    uartTxBuf                                0x200001e0   Data          30  main.o(.bss)
    signature_sector                         0x20000200   Data          20  main.o(.bss)
    htim5                                    0x20000214   Data          64  stm32f4xx_hal_timebase_tim.o(.bss)
    pFlash                                   0x20000254   Data          32  stm32f4xx_hal_flash.o(.bss)
    xQueueRegistry                           0x20000274   Data          64  queue.o(.bss)
    __initial_sp                             0x20004f48   Data           0  startup_stm32f407xx.o(STACK)



==============================================================================

Memory Map of the image

  Image Entry point : 0x08000189

  Load Region LR_IROM1 (Base: 0x08000000, Size: 0x00005dcc, Max: 0x00100000, ABSOLUTE)

    Execution Region ER_IROM1 (Exec base: 0x08000000, Load base: 0x08000000, Size: 0x00005d10, Max: 0x00100000, ABSOLUTE)

    Exec Addr    Load Addr    Size         Type   Attr      Idx    E Section Name        Object

    0x08000000   0x08000000   0x00000188   Data   RO            3    RESET               startup_stm32f407xx.o
    0x08000188   0x08000188   0x00000000   Code   RO         4850  * .ARM.Collect$$$$00000000  mc_w.l(entry.o)
    0x08000188   0x08000188   0x00000004   Code   RO         5146    .ARM.Collect$$$$00000001  mc_w.l(entry2.o)
    0x0800018c   0x0800018c   0x00000004   Code   RO         5149    .ARM.Collect$$$$00000004  mc_w.l(entry5.o)
    0x08000190   0x08000190   0x00000000   Code   RO         5151    .ARM.Collect$$$$00000008  mc_w.l(entry7b.o)
    0x08000190   0x08000190   0x00000000   Code   RO         5153    .ARM.Collect$$$$0000000A  mc_w.l(entry8b.o)
    0x08000190   0x08000190   0x00000008   Code   RO         5154    .ARM.Collect$$$$0000000B  mc_w.l(entry9a.o)
    0x08000198   0x08000198   0x00000000   Code   RO         5156    .ARM.Collect$$$$0000000D  mc_w.l(entry10a.o)
    0x08000198   0x08000198   0x00000000   Code   RO         5158    .ARM.Collect$$$$0000000F  mc_w.l(entry11a.o)
    0x08000198   0x08000198   0x00000004   Code   RO         5147    .ARM.Collect$$$$00002712  mc_w.l(entry2.o)
    0x0800019c   0x0800019c   0x000000be   Code   RO         4773    .emb_text           port.o
    0x0800025a   0x0800025a   0x00000002   PAD
    0x0800025c   0x0800025c   0x00000024   Code   RO            4    .text               startup_stm32f407xx.o
    0x08000280   0x08000280   0x00000062   Code   RO         4853    .text               mc_w.l(uldiv.o)
    0x080002e2   0x080002e2   0x00000024   Code   RO         4855    .text               mc_w.l(memcpya.o)
    0x08000306   0x08000306   0x00000024   Code   RO         4859    .text               mc_w.l(memseta.o)
    0x0800032a   0x0800032a   0x0000000e   Code   RO         4861    .text               mc_w.l(strlen.o)
    0x08000338   0x08000338   0x0000001c   Code   RO         4863    .text               mc_w.l(strcmp.o)
    0x08000354   0x08000354   0x00000012   Code   RO         4865    .text               mc_w.l(strcpy.o)
    0x08000366   0x08000366   0x00000002   PAD
    0x08000368   0x08000368   0x00000044   Code   RO         4867    .text               mc_w.l(strtok.o)
    0x080003ac   0x080003ac   0x00000070   Code   RO         5136    .text               mc_w.l(strtol.o)
    0x0800041c   0x0800041c   0x000000e4   Code   RO         5138    .text               mf_w.l(dmul.o)
    0x08000500   0x08000500   0x00000022   Code   RO         5140    .text               mf_w.l(dflti.o)
    0x08000522   0x08000522   0x00000026   Code   RO         5142    .text               mf_w.l(f2d.o)
    0x08000548   0x08000548   0x00000038   Code   RO         5144    .text               mf_w.l(d2f.o)
    0x08000580   0x08000580   0x0000002c   Code   RO         5163    .text               mc_w.l(uidiv.o)
    0x080005ac   0x080005ac   0x0000001e   Code   RO         5165    .text               mc_w.l(llshl.o)
    0x080005ca   0x080005ca   0x00000020   Code   RO         5167    .text               mc_w.l(llushr.o)
    0x080005ea   0x080005ea   0x00000002   PAD
    0x080005ec   0x080005ec   0x00000008   Code   RO         5169    .text               mc_w.l(ctype_o.o)
    0x080005f4   0x080005f4   0x0000009e   Code   RO         5204    .text               mc_w.l(_strtoul.o)
    0x08000692   0x08000692   0x00000000   Code   RO         5206    .text               mc_w.l(iusefp.o)
    0x08000692   0x08000692   0x0000006e   Code   RO         5207    .text               mf_w.l(fepilogue.o)
    0x08000700   0x08000700   0x000000ba   Code   RO         5209    .text               mf_w.l(depilogue.o)
    0x080007ba   0x080007ba   0x0000014e   Code   RO         5211    .text               mf_w.l(dadd.o)
    0x08000908   0x08000908   0x000000de   Code   RO         5213    .text               mf_w.l(ddiv.o)
    0x080009e6   0x080009e6   0x00000030   Code   RO         5215    .text               mf_w.l(dfixul.o)
    0x08000a16   0x08000a16   0x00000002   PAD
    0x08000a18   0x08000a18   0x00000030   Code   RO         5217    .text               mf_w.l(cdrcmple.o)
    0x08000a48   0x08000a48   0x00000024   Code   RO         5219    .text               mc_w.l(init.o)
    0x08000a6c   0x08000a6c   0x00000024   Code   RO         5222    .text               mc_w.l(llsshr.o)
    0x08000a90   0x08000a90   0x0000001c   Code   RO         5224    .text               mc_w.l(_chval.o)
    0x08000aac   0x08000aac   0x000000ac   Code   RO           13    i.AccelReadThread   main.o
    0x08000b58   0x08000b58   0x00000002   Code   RO          328    i.BusFault_Handler  stm32f4xx_it.o
    0x08000b5a   0x08000b5a   0x00000002   PAD
    0x08000b5c   0x08000b5c   0x00000078   Code   RO           14    i.CheckUpdateThread  main.o
    0x08000bd4   0x08000bd4   0x00000002   Code   RO          329    i.DebugMon_Handler  stm32f4xx_it.o
    0x08000bd6   0x08000bd6   0x00000006   Code   RO          330    i.EXTI0_IRQHandler  stm32f4xx_it.o
    0x08000bdc   0x08000bdc   0x00000006   Code   RO          331    i.EXTI1_IRQHandler  stm32f4xx_it.o
    0x08000be2   0x08000be2   0x00000002   PAD
    0x08000be4   0x08000be4   0x00000050   Code   RO         2341    i.FLASH_Erase_Sector  stm32f4xx_hal_flash_ex.o
    0x08000c34   0x08000c34   0x00000020   Code   RO         2223    i.FLASH_Program_Byte  stm32f4xx_hal_flash.o
    0x08000c54   0x08000c54   0x00000028   Code   RO         2224    i.FLASH_Program_DoubleWord  stm32f4xx_hal_flash.o
    0x08000c7c   0x08000c7c   0x00000024   Code   RO         2225    i.FLASH_Program_HalfWord  stm32f4xx_hal_flash.o
    0x08000ca0   0x08000ca0   0x00000024   Code   RO         2226    i.FLASH_Program_Word  stm32f4xx_hal_flash.o
    0x08000cc4   0x08000cc4   0x00000068   Code   RO         2227    i.FLASH_SetErrorCode  stm32f4xx_hal_flash.o
    0x08000d2c   0x08000d2c   0x00000050   Code   RO         2228    i.FLASH_WaitForLastOperation  stm32f4xx_hal_flash.o
    0x08000d7c   0x08000d7c   0x00000014   Code   RO         2232    i.HAL_FLASH_Lock    stm32f4xx_hal_flash.o
    0x08000d90   0x08000d90   0x0000007c   Code   RO         2237    i.HAL_FLASH_Program  stm32f4xx_hal_flash.o
    0x08000e0c   0x08000e0c   0x0000002c   Code   RO         2239    i.HAL_FLASH_Unlock  stm32f4xx_hal_flash.o
    0x08000e38   0x08000e38   0x00000040   Code   RO           16    i.HAL_GPIO_EXTI_Callback  main.o
    0x08000e78   0x08000e78   0x00000018   Code   RO         2421    i.HAL_GPIO_EXTI_IRQHandler  stm32f4xx_hal_gpio.o
    0x08000e90   0x08000e90   0x000001b0   Code   RO         2422    i.HAL_GPIO_Init     stm32f4xx_hal_gpio.o
    0x08001040   0x08001040   0x0000000e   Code   RO         2425    i.HAL_GPIO_TogglePin  stm32f4xx_hal_gpio.o
    0x0800104e   0x0800104e   0x0000000a   Code   RO         2426    i.HAL_GPIO_WritePin  stm32f4xx_hal_gpio.o
    0x08001058   0x08001058   0x0000000c   Code   RO         2954    i.HAL_GetTick       stm32f4xx_hal.o
    0x08001064   0x08001064   0x00000010   Code   RO         2960    i.HAL_IncTick       stm32f4xx_hal.o
    0x08001074   0x08001074   0x00000034   Code   RO         2961    i.HAL_Init          stm32f4xx_hal.o
    0x080010a8   0x080010a8   0x00000074   Code   RO          452    i.HAL_InitTick      stm32f4xx_hal_timebase_tim.o
    0x0800111c   0x0800111c   0x00000038   Code   RO          404    i.HAL_MspInit       stm32f4xx_hal_msp.o
    0x08001154   0x08001154   0x0000001a   Code   RO         2811    i.HAL_NVIC_EnableIRQ  stm32f4xx_hal_cortex.o
    0x0800116e   0x0800116e   0x00000002   PAD
    0x08001170   0x08001170   0x00000040   Code   RO         2817    i.HAL_NVIC_SetPriority  stm32f4xx_hal_cortex.o
    0x080011b0   0x080011b0   0x00000024   Code   RO         2818    i.HAL_NVIC_SetPriorityGrouping  stm32f4xx_hal_cortex.o
    0x080011d4   0x080011d4   0x00000130   Code   RO         2068    i.HAL_RCC_ClockConfig  stm32f4xx_hal_rcc.o
    0x08001304   0x08001304   0x00000040   Code   RO         2072    i.HAL_RCC_GetClockConfig  stm32f4xx_hal_rcc.o
    0x08001344   0x08001344   0x00000020   Code   RO         2075    i.HAL_RCC_GetPCLK1Freq  stm32f4xx_hal_rcc.o
    0x08001364   0x08001364   0x00000020   Code   RO         2076    i.HAL_RCC_GetPCLK2Freq  stm32f4xx_hal_rcc.o
    0x08001384   0x08001384   0x00000060   Code   RO         2077    i.HAL_RCC_GetSysClockFreq  stm32f4xx_hal_rcc.o
    0x080013e4   0x080013e4   0x0000031c   Code   RO         2080    i.HAL_RCC_OscConfig  stm32f4xx_hal_rcc.o
    0x08001700   0x08001700   0x00000080   Code   RO          502    i.HAL_SPI_Init      stm32f4xx_hal_spi.o
    0x08001780   0x08001780   0x00000068   Code   RO          406    i.HAL_SPI_MspInit   stm32f4xx_hal_msp.o
    0x080017e8   0x080017e8   0x00000150   Code   RO          505    i.HAL_SPI_Receive   stm32f4xx_hal_spi.o
    0x08001938   0x08001938   0x0000015c   Code   RO          510    i.HAL_SPI_Transmit  stm32f4xx_hal_spi.o
    0x08001a94   0x08001a94   0x000001e2   Code   RO          511    i.HAL_SPI_TransmitReceive  stm32f4xx_hal_spi.o
    0x08001c76   0x08001c76   0x00000002   Code   RO         1490    i.HAL_TIMEx_BreakCallback  stm32f4xx_hal_tim_ex.o
    0x08001c78   0x08001c78   0x00000002   Code   RO         1491    i.HAL_TIMEx_CommutCallback  stm32f4xx_hal_tim_ex.o
    0x08001c7a   0x08001c7a   0x00000036   Code   RO          815    i.HAL_TIM_Base_Init  stm32f4xx_hal_tim.o
    0x08001cb0   0x08001cb0   0x00000002   Code   RO          817    i.HAL_TIM_Base_MspInit  stm32f4xx_hal_tim.o
    0x08001cb2   0x08001cb2   0x00000022   Code   RO          820    i.HAL_TIM_Base_Start_IT  stm32f4xx_hal_tim.o
    0x08001cd4   0x08001cd4   0x00000002   Code   RO          844    i.HAL_TIM_IC_CaptureCallback  stm32f4xx_hal_tim.o
    0x08001cd6   0x08001cd6   0x00000166   Code   RO          858    i.HAL_TIM_IRQHandler  stm32f4xx_hal_tim.o
    0x08001e3c   0x08001e3c   0x00000002   Code   RO          861    i.HAL_TIM_OC_DelayElapsedCallback  stm32f4xx_hal_tim.o
    0x08001e3e   0x08001e3e   0x00000002   Code   RO          888    i.HAL_TIM_PWM_PulseFinishedCallback  stm32f4xx_hal_tim.o
    0x08001e40   0x08001e40   0x00000014   Code   RO           17    i.HAL_TIM_PeriodElapsedCallback  main.o
    0x08001e54   0x08001e54   0x00000002   Code   RO          901    i.HAL_TIM_TriggerCallback  stm32f4xx_hal_tim.o
    0x08001e56   0x08001e56   0x00000062   Code   RO         1766    i.HAL_UART_Init     stm32f4xx_hal_uart.o
    0x08001eb8   0x08001eb8   0x000000a8   Code   RO          408    i.HAL_UART_MspInit  stm32f4xx_hal_msp.o
    0x08001f60   0x08001f60   0x000000b8   Code   RO         1769    i.HAL_UART_Receive  stm32f4xx_hal_uart.o
    0x08002018   0x08002018   0x000000ba   Code   RO         1774    i.HAL_UART_Transmit  stm32f4xx_hal_uart.o
    0x080020d2   0x080020d2   0x00000002   Code   RO          332    i.HardFault_Handler  stm32f4xx_it.o
    0x080020d4   0x080020d4   0x00000104   Code   RO           18    i.MX_GPIO_Init      main.o
    0x080021d8   0x080021d8   0x00000038   Code   RO           19    i.MX_SPI1_Init      main.o
    0x08002210   0x08002210   0x00000002   Code   RO          333    i.MemManage_Handler  stm32f4xx_it.o
    0x08002212   0x08002212   0x00000002   Code   RO          334    i.NMI_Handler       stm32f4xx_it.o
    0x08002214   0x08002214   0x0000005c   Code   RO          539    i.SPI_EndRxTransaction  stm32f4xx_hal_spi.o
    0x08002270   0x08002270   0x00000058   Code   RO          540    i.SPI_EndRxTxTransaction  stm32f4xx_hal_spi.o
    0x080022c8   0x080022c8   0x00000094   Code   RO          545    i.SPI_WaitFlagStateUntilTimeout  stm32f4xx_hal_spi.o
    0x0800235c   0x0800235c   0x0000002c   Code   RO         4774    i.SysTick_Handler   port.o
    0x08002388   0x08002388   0x00000088   Code   RO           20    i.SystemClock_Config  main.o
    0x08002410   0x08002410   0x00000054   Code   RO         3197    i.SystemInit        system_stm32f4xx.o
    0x08002464   0x08002464   0x0000000c   Code   RO          335    i.TIM5_IRQHandler   stm32f4xx_it.o
    0x08002470   0x08002470   0x000000c8   Code   RO          903    i.TIM_Base_SetConfig  stm32f4xx_hal_tim.o
    0x08002538   0x08002538   0x00000088   Code   RO           21    i.TransmitUartThread  main.o
    0x080025c0   0x080025c0   0x000002ac   Code   RO         1792    i.UART_SetConfig    stm32f4xx_hal_uart.o
    0x0800286c   0x0800286c   0x00000064   Code   RO         1794    i.UART_WaitOnFlagUntilTimeout  stm32f4xx_hal_uart.o
    0x080028d0   0x080028d0   0x00000218   Code   RO           22    i.UpdateHandleThread  main.o
    0x08002ae8   0x08002ae8   0x00000002   Code   RO          336    i.UsageFault_Handler  stm32f4xx_it.o
    0x08002aea   0x08002aea   0x00000002   PAD
    0x08002aec   0x08002aec   0x00000028   Code   RO         5110    i.__0sprintf        mc_w.l(printfa.o)
    0x08002b14   0x08002b14   0x00000024   Code   RO         5114    i.__0vsprintf       mc_w.l(printfa.o)
    0x08002b38   0x08002b38   0x00000020   Code   RO         2824    i.__NVIC_SetPriority  stm32f4xx_hal_cortex.o
    0x08002b58   0x08002b58   0x00000008   Code   RO         5197    i.__aeabi_errno_addr  mc_w.l(errno.o)
    0x08002b60   0x08002b60   0x0000000e   Code   RO         5229    i.__scatterload_copy  mc_w.l(handlers.o)
    0x08002b6e   0x08002b6e   0x00000002   Code   RO         5230    i.__scatterload_null  mc_w.l(handlers.o)
    0x08002b70   0x08002b70   0x0000000e   Code   RO         5231    i.__scatterload_zeroinit  mc_w.l(handlers.o)
    0x08002b7e   0x08002b7e   0x00000002   PAD
    0x08002b80   0x08002b80   0x00000184   Code   RO         5115    i._fp_digits        mc_w.l(printfa.o)
    0x08002d04   0x08002d04   0x000006dc   Code   RO         5116    i._printf_core      mc_w.l(printfa.o)
    0x080033e0   0x080033e0   0x00000024   Code   RO         5117    i._printf_post_padding  mc_w.l(printfa.o)
    0x08003404   0x08003404   0x0000002e   Code   RO         5118    i._printf_pre_padding  mc_w.l(printfa.o)
    0x08003432   0x08003432   0x0000000a   Code   RO         5120    i._sputc            mc_w.l(printfa.o)
    0x0800343c   0x0800343c   0x00000058   Code   RO           23    i.accel_data_read   main.o
    0x08003494   0x08003494   0x00000030   Code   RO           24    i.accel_init        main.o
    0x080034c4   0x080034c4   0x00000074   Code   RO           25    i.get_scaled_data   main.o
    0x08003538   0x08003538   0x00000124   Code   RO           26    i.main              main.o
    0x0800365c   0x0800365c   0x00000034   Code   RO         4303    i.osDelay           cmsis_os2.o
    0x08003690   0x08003690   0x00000058   Code   RO         4305    i.osEventFlagsClear  cmsis_os2.o
    0x080036e8   0x080036e8   0x00000044   Code   RO         4308    i.osEventFlagsNew   cmsis_os2.o
    0x0800372c   0x0800372c   0x0000006c   Code   RO         4309    i.osEventFlagsSet   cmsis_os2.o
    0x08003798   0x08003798   0x0000007c   Code   RO         4310    i.osEventFlagsWait  cmsis_os2.o
    0x08003814   0x08003814   0x00000038   Code   RO         4317    i.osKernelInitialize  cmsis_os2.o
    0x0800384c   0x0800384c   0x00000040   Code   RO         4320    i.osKernelStart     cmsis_os2.o
    0x0800388c   0x0800388c   0x0000007c   Code   RO         4323    i.osMessageQueueGet  cmsis_os2.o
    0x08003908   0x08003908   0x00000074   Code   RO         4328    i.osMessageQueueNew  cmsis_os2.o
    0x0800397c   0x0800397c   0x00000080   Code   RO         4329    i.osMessageQueuePut  cmsis_os2.o
    0x080039fc   0x080039fc   0x0000006c   Code   RO         4331    i.osMutexAcquire    cmsis_os2.o
    0x08003a68   0x08003a68   0x00000080   Code   RO         4334    i.osMutexNew        cmsis_os2.o
    0x08003ae8   0x08003ae8   0x0000005c   Code   RO         4335    i.osMutexRelease    cmsis_os2.o
    0x08003b44   0x08003b44   0x000000a4   Code   RO         4354    i.osThreadNew       cmsis_os2.o
    0x08003be8   0x08003be8   0x00000068   Code   RO           27    i.parsing_update_request  main.o
    0x08003c50   0x08003c50   0x0000005c   Code   RO         3799    i.prvAddCurrentTaskToDelayedList  tasks.o
    0x08003cac   0x08003cac   0x000000d0   Code   RO         3800    i.prvAddNewTaskToReadyList  tasks.o
    0x08003d7c   0x08003d7c   0x00000058   Code   RO         4149    i.prvCheckForValidListAndQueue  timers.o
    0x08003dd4   0x08003dd4   0x00000026   Code   RO         3402    i.prvCopyDataFromQueue  queue.o
    0x08003dfa   0x08003dfa   0x0000006c   Code   RO         3403    i.prvCopyDataToQueue  queue.o
    0x08003e66   0x08003e66   0x00000034   Code   RO         3801    i.prvDeleteTCB      tasks.o
    0x08003e9a   0x08003e9a   0x00000002   PAD
    0x08003e9c   0x08003e9c   0x0000004c   Code   RO         4724    i.prvHeapInit       heap_4.o
    0x08003ee8   0x08003ee8   0x00000060   Code   RO         3802    i.prvIdleTask       tasks.o
    0x08003f48   0x08003f48   0x00000016   Code   RO         3404    i.prvInitialiseMutex  queue.o
    0x08003f5e   0x08003f5e   0x00000002   PAD
    0x08003f60   0x08003f60   0x00000022   Code   RO         3405    i.prvInitialiseNewQueue  queue.o
    0x08003f82   0x08003f82   0x0000009c   Code   RO         3803    i.prvInitialiseNewTask  tasks.o
    0x0800401e   0x0800401e   0x00000002   PAD
    0x08004020   0x08004020   0x0000004c   Code   RO         4725    i.prvInsertBlockIntoFreeList  heap_4.o
    0x0800406c   0x0800406c   0x00000038   Code   RO         4151    i.prvInsertTimerInActiveList  timers.o
    0x080040a4   0x080040a4   0x0000001c   Code   RO         3406    i.prvIsQueueEmpty   queue.o
    0x080040c0   0x080040c0   0x000000cc   Code   RO         4152    i.prvProcessReceivedCommands  timers.o
    0x0800418c   0x0800418c   0x000000b4   Code   RO         4153    i.prvProcessTimerOrBlockTask  timers.o
    0x08004240   0x08004240   0x00000020   Code   RO         3805    i.prvResetNextTaskUnblockTime  tasks.o
    0x08004260   0x08004260   0x00000028   Code   RO         4154    i.prvSampleTimeNow  timers.o
    0x08004288   0x08004288   0x0000006c   Code   RO         4155    i.prvSwitchTimerLists  timers.o
    0x080042f4   0x080042f4   0x00000028   Code   RO         4775    i.prvTaskExitError  port.o
    0x0800431c   0x0800431c   0x00000014   Code   RO         3240    i.prvTestWaitCondition  event_groups.o
    0x08004330   0x08004330   0x00000024   Code   RO         4156    i.prvTimerTask      timers.o
    0x08004354   0x08004354   0x0000006a   Code   RO         3407    i.prvUnlockQueue    queue.o
    0x080043be   0x080043be   0x00000002   PAD
    0x080043c0   0x080043c0   0x000000d8   Code   RO         4726    i.pvPortMalloc      heap_4.o
    0x08004498   0x08004498   0x00000018   Code   RO         3808    i.pvTaskIncrementMutexHeldCount  tasks.o
    0x080044b0   0x080044b0   0x0000002c   Code   RO         4776    i.pxPortInitialiseStack  port.o
    0x080044dc   0x080044dc   0x00000048   Code   RO           28    i.readIO            main.o
    0x08004524   0x08004524   0x0000002c   Code   RO           29    i.strrev            main.o
    0x08004550   0x08004550   0x00000026   Code   RO         3362    i.uxListRemove      list.o
    0x08004576   0x08004576   0x00000002   PAD
    0x08004578   0x08004578   0x00000018   Code   RO         3816    i.uxTaskResetEventItemValue  tasks.o
    0x08004590   0x08004590   0x00000014   Code   RO         4366    i.vApplicationGetIdleTaskMemory  cmsis_os2.o
    0x080045a4   0x080045a4   0x00000018   Code   RO         4367    i.vApplicationGetTimerTaskMemory  cmsis_os2.o
    0x080045bc   0x080045bc   0x00000004   Code   RO         3242    i.vEventGroupClearBitsCallback  event_groups.o
    0x080045c0   0x080045c0   0x00000004   Code   RO         3244    i.vEventGroupSetBitsCallback  event_groups.o
    0x080045c4   0x080045c4   0x00000016   Code   RO         3363    i.vListInitialise   list.o
    0x080045da   0x080045da   0x00000006   Code   RO         3364    i.vListInitialiseItem  list.o
    0x080045e0   0x080045e0   0x00000030   Code   RO         3365    i.vListInsert       list.o
    0x08004610   0x08004610   0x00000018   Code   RO         3366    i.vListInsertEnd    list.o
    0x08004628   0x08004628   0x00000040   Code   RO         4778    i.vPortEnterCritical  port.o
    0x08004668   0x08004668   0x00000028   Code   RO         4779    i.vPortExitCritical  port.o
    0x08004690   0x08004690   0x0000005c   Code   RO         4727    i.vPortFree         heap_4.o
    0x080046ec   0x080046ec   0x00000024   Code   RO         4780    i.vPortSetupTimerInterrupt  port.o
    0x08004710   0x08004710   0x00000054   Code   RO         4781    i.vPortValidateInterruptPriority  port.o
    0x08004764   0x08004764   0x00000028   Code   RO         3413    i.vQueueAddToRegistry  queue.o
    0x0800478c   0x0800478c   0x00000044   Code   RO         3417    i.vQueueWaitForMessageRestricted  queue.o
    0x080047d0   0x080047d0   0x0000004c   Code   RO         3817    i.vTaskDelay        tasks.o
    0x0800481c   0x0800481c   0x00000010   Code   RO         3822    i.vTaskInternalSetTimeOutState  tasks.o
    0x0800482c   0x0800482c   0x0000000c   Code   RO         3823    i.vTaskMissedYield  tasks.o
    0x08004838   0x08004838   0x00000030   Code   RO         3825    i.vTaskPlaceOnEventList  tasks.o
    0x08004868   0x08004868   0x00000038   Code   RO         3826    i.vTaskPlaceOnEventListRestricted  tasks.o
    0x080048a0   0x080048a0   0x00000050   Code   RO         3827    i.vTaskPlaceOnUnorderedEventList  tasks.o
    0x080048f0   0x080048f0   0x00000090   Code   RO         3828    i.vTaskPriorityDisinheritAfterTimeout  tasks.o
    0x08004980   0x08004980   0x00000070   Code   RO         3830    i.vTaskRemoveFromUnorderedEventList  tasks.o
    0x080049f0   0x080049f0   0x00000088   Code   RO         3834    i.vTaskStartScheduler  tasks.o
    0x08004a78   0x08004a78   0x00000010   Code   RO         3836    i.vTaskSuspendAll   tasks.o
    0x08004a88   0x08004a88   0x00000064   Code   RO         3837    i.vTaskSwitchContext  tasks.o
    0x08004aec   0x08004aec   0x00000040   Code   RO           30    i.writeIO           main.o
    0x08004b2c   0x08004b2c   0x00000048   Code   RO           31    i.write_to_flash_word  main.o
    0x08004b74   0x08004b74   0x00000040   Code   RO         3246    i.xEventGroupClearBits  event_groups.o
    0x08004bb4   0x08004bb4   0x00000010   Code   RO         3247    i.xEventGroupClearBitsFromISR  event_groups.o
    0x08004bc4   0x08004bc4   0x0000001c   Code   RO         3248    i.xEventGroupCreate  event_groups.o
    0x08004be0   0x08004be0   0x0000002c   Code   RO         3249    i.xEventGroupCreateStatic  event_groups.o
    0x08004c0c   0x08004c0c   0x0000001a   Code   RO         3250    i.xEventGroupGetBitsFromISR  event_groups.o
    0x08004c26   0x08004c26   0x0000008c   Code   RO         3251    i.xEventGroupSetBits  event_groups.o
    0x08004cb2   0x08004cb2   0x00000002   PAD
    0x08004cb4   0x08004cb4   0x00000010   Code   RO         3252    i.xEventGroupSetBitsFromISR  event_groups.o
    0x08004cc4   0x08004cc4   0x00000108   Code   RO         3254    i.xEventGroupWaitBits  event_groups.o
    0x08004dcc   0x08004dcc   0x000000f4   Code   RO         4782    i.xPortStartScheduler  port.o
    0x08004ec0   0x08004ec0   0x00000016   Code   RO         3420    i.xQueueCreateMutex  queue.o
    0x08004ed6   0x08004ed6   0x0000001a   Code   RO         3421    i.xQueueCreateMutexStatic  queue.o
    0x08004ef0   0x08004ef0   0x00000048   Code   RO         3422    i.xQueueGenericCreate  queue.o
    0x08004f38   0x08004f38   0x00000066   Code   RO         3423    i.xQueueGenericCreateStatic  queue.o
    0x08004f9e   0x08004f9e   0x00000002   PAD
    0x08004fa0   0x08004fa0   0x00000088   Code   RO         3424    i.xQueueGenericReset  queue.o
    0x08005028   0x08005028   0x00000160   Code   RO         3425    i.xQueueGenericSend  queue.o
    0x08005188   0x08005188   0x000000bc   Code   RO         3426    i.xQueueGenericSendFromISR  queue.o
    0x08005244   0x08005244   0x0000003e   Code   RO         3430    i.xQueueGiveMutexRecursive  queue.o
    0x08005282   0x08005282   0x00000002   PAD
    0x08005284   0x08005284   0x00000138   Code   RO         3435    i.xQueueReceive     queue.o
    0x080053bc   0x080053bc   0x0000009a   Code   RO         3436    i.xQueueReceiveFromISR  queue.o
    0x08005456   0x08005456   0x00000002   PAD
    0x08005458   0x08005458   0x00000178   Code   RO         3437    i.xQueueSemaphoreTake  queue.o
    0x080055d0   0x080055d0   0x00000040   Code   RO         3438    i.xQueueTakeMutexRecursive  queue.o
    0x08005610   0x08005610   0x00000074   Code   RO         3838    i.xTaskCheckForTimeOut  tasks.o
    0x08005684   0x08005684   0x0000005a   Code   RO         3839    i.xTaskCreate       tasks.o
    0x080056de   0x080056de   0x00000056   Code   RO         3840    i.xTaskCreateStatic  tasks.o
    0x08005734   0x08005734   0x0000000c   Code   RO         3843    i.xTaskGetCurrentTaskHandle  tasks.o
    0x08005740   0x08005740   0x0000001c   Code   RO         3844    i.xTaskGetSchedulerState  tasks.o
    0x0800575c   0x0800575c   0x0000000c   Code   RO         3845    i.xTaskGetTickCount  tasks.o
    0x08005768   0x08005768   0x000000c8   Code   RO         3847    i.xTaskIncrementTick  tasks.o
    0x08005830   0x08005830   0x00000080   Code   RO         3850    i.xTaskPriorityDisinherit  tasks.o
    0x080058b0   0x080058b0   0x00000078   Code   RO         3851    i.xTaskPriorityInherit  tasks.o
    0x08005928   0x08005928   0x00000070   Code   RO         3852    i.xTaskRemoveFromEventList  tasks.o
    0x08005998   0x08005998   0x000000c4   Code   RO         3853    i.xTaskResumeAll    tasks.o
    0x08005a5c   0x08005a5c   0x00000060   Code   RO         4163    i.xTimerCreateTimerTask  timers.o
    0x08005abc   0x08005abc   0x00000068   Code   RO         4164    i.xTimerGenericCommand  timers.o
    0x08005b24   0x08005b24   0x00000028   Code   RO         4170    i.xTimerPendFunctionCallFromISR  timers.o
    0x08005b4c   0x08005b4c   0x000000b8   Data   RO           33    .constdata          main.o
    0x08005c04   0x08005c04   0x00000010   Data   RO         3198    .constdata          system_stm32f4xx.o
    0x08005c14   0x08005c14   0x00000008   Data   RO         3199    .constdata          system_stm32f4xx.o
    0x08005c1c   0x08005c1c   0x00000081   Data   RO         5170    .constdata          mc_w.l(ctype_o.o)
    0x08005c9d   0x08005c9d   0x00000003   PAD
    0x08005ca0   0x08005ca0   0x00000004   Data   RO         5171    .constdata          mc_w.l(ctype_o.o)
    0x08005ca4   0x08005ca4   0x0000004a   Data   RO           34    .conststring        main.o
    0x08005cee   0x08005cee   0x00000002   PAD
    0x08005cf0   0x08005cf0   0x00000020   Data   RO         5227    Region$$Table       anon$$obj.o


    Execution Region RW_IRAM1 (Exec base: 0x20000000, Load base: 0x08005d10, Size: 0x00004f48, Max: 0x00020000, ABSOLUTE)

    Exec Addr    Load Addr    Size         Type   Attr      Idx    E Section Name        Object

    0x20000000   0x08005d10   0x0000002c   Data   RW           35    .data               main.o
    0x2000002c   0x08005d3c   0x0000000c   Data   RW         2968    .data               stm32f4xx_hal.o
    0x20000038   0x08005d48   0x00000004   Data   RW         3200    .data               system_stm32f4xx.o
    0x2000003c   0x08005d4c   0x0000003c   Data   RW         3856    .data               tasks.o
    0x20000078   0x08005d88   0x00000014   Data   RW         4172    .data               timers.o
    0x2000008c   0x08005d9c   0x00000004   Data   RW         4369    .data               cmsis_os2.o
    0x20000090   0x08005da0   0x00000018   Data   RW         4732    .data               heap_4.o
    0x200000a8   0x08005db8   0x0000000c   Data   RW         4783    .data               port.o
    0x200000b4   0x08005dc4   0x00000004   Data   RW         4868    .data               mc_w.l(strtok.o)
    0x200000b8   0x08005dc8   0x00000004   Data   RW         5200    .data               mc_w.l(errno.o)
    0x200000bc        -       0x00000158   Zero   RW           32    .bss                main.o
    0x20000214        -       0x00000040   Zero   RW          455    .bss                stm32f4xx_hal_timebase_tim.o
    0x20000254        -       0x00000020   Zero   RW         2240    .bss                stm32f4xx_hal_flash.o
    0x20000274        -       0x00000040   Zero   RW         3439    .bss                queue.o
    0x200002b4        -       0x000004c4   Zero   RW         3855    .bss                tasks.o
    0x20000778        -       0x00000118   Zero   RW         4171    .bss                timers.o
    0x20000890        -       0x000006b8   Zero   RW         4368    .bss                cmsis_os2.o
    0x20000f48        -       0x00003c00   Zero   RW         4731    .bss                heap_4.o
    0x20004b48        -       0x00000400   Zero   RW            1    STACK               startup_stm32f407xx.o


==============================================================================

Image component sizes


      Code (inc. data)   RO Data    RW Data    ZI Data      Debug   Object Name

      1464         92          0          4       1720      30448   cmsis_os2.o
       626         12          0          0          0      31830   event_groups.o
         0          0          0          0          0       2652   freertos.o
       460         24          0         24      15360       4903   heap_4.o
       138          0          0          0          0       3678   list.o
      2400        306        258         44        344     752898   main.o
       786         82          0         12          0      11849   port.o
      2310         24          0          0         64      25883   queue.o
        36          8        392          0       1024        856   startup_stm32f407xx.o
        80         14          0         12          0       3350   stm32f4xx_hal.o
       158         14          0          0          0      33266   stm32f4xx_hal_cortex.o
       516         66          0          0         32       6826   stm32f4xx_hal_flash.o
        80          6          0          0          0        761   stm32f4xx_hal_flash_ex.o
       480         50          0          0          0       3780   stm32f4xx_hal_gpio.o
       328         38          0          0          0       2471   stm32f4xx_hal_msp.o
      1324         86          0          0          0       5961   stm32f4xx_hal_rcc.o
      1622          8          0          0          0       8466   stm32f4xx_hal_spi.o
       656         44          0          0          0       7472   stm32f4xx_hal_tim.o
         4          0          0          0          0       1669   stm32f4xx_hal_tim_ex.o
       116         16          0          0         64       1459   stm32f4xx_hal_timebase_tim.o
      1252          8          0          0          0       5375   stm32f4xx_hal_uart.o
        36          6          0          0          0       4301   stm32f4xx_it.o
         0          0          0          0          0       8896   stream_buffer.o
        84         18         24          4          0       1219   system_stm32f4xx.o
      2580        218          0         60       1220      30362   tasks.o
       952         88          0         20        280      27395   timers.o

    ----------------------------------------------------------------------
     18516       1228        708        180      20108    1018026   Object Totals
         0          0         32          0          0          0   (incl. Generated)
        28          0          2          0          0          0   (incl. Padding)

    ----------------------------------------------------------------------

      Code (inc. data)   RO Data    RW Data    ZI Data      Debug   Library Member Name

        28          0          0          0          0         68   _chval.o
       158          0          0          0          0         92   _strtoul.o
         8          4        133          0          0         68   ctype_o.o
         0          0          0          0          0          0   entry.o
         0          0          0          0          0          0   entry10a.o
         0          0          0          0          0          0   entry11a.o
         8          4          0          0          0          0   entry2.o
         4          0          0          0          0          0   entry5.o
         0          0          0          0          0          0   entry7b.o
         0          0          0          0          0          0   entry8b.o
         8          4          0          0          0          0   entry9a.o
         8          4          0          4          0         68   errno.o
        30          0          0          0          0          0   handlers.o
        36          8          0          0          0         68   init.o
         0          0          0          0          0          0   iusefp.o
        30          0          0          0          0         68   llshl.o
        36          0          0          0          0         68   llsshr.o
        32          0          0          0          0         68   llushr.o
        36          0          0          0          0         68   memcpya.o
        36          0          0          0          0        108   memseta.o
      2312         92          0          0          0        600   printfa.o
        28          0          0          0          0         76   strcmp.o
        18          0          0          0          0         68   strcpy.o
        14          0          0          0          0         68   strlen.o
        68          6          0          4          0         80   strtok.o
       112          0          0          0          0         88   strtol.o
        44          0          0          0          0         80   uidiv.o
        98          0          0          0          0         92   uldiv.o
        48          0          0          0          0         68   cdrcmple.o
        56          0          0          0          0         88   d2f.o
       334          0          0          0          0        148   dadd.o
       222          0          0          0          0        100   ddiv.o
       186          0          0          0          0        176   depilogue.o
        48          0          0          0          0         68   dfixul.o
        34          0          0          0          0         76   dflti.o
       228          0          0          0          0         96   dmul.o
        38          0          0          0          0         68   f2d.o
       110          0          0          0          0        168   fepilogue.o

    ----------------------------------------------------------------------
      4464        122        136          8          0       2952   Library Totals
         8          0          3          0          0          0   (incl. Padding)

    ----------------------------------------------------------------------

      Code (inc. data)   RO Data    RW Data    ZI Data      Debug   Library Name

      3152        122        133          8          0       1896   mc_w.l
      1304          0          0          0          0       1056   mf_w.l

    ----------------------------------------------------------------------
      4464        122        136          8          0       2952   Library Totals

    ----------------------------------------------------------------------

==============================================================================


      Code (inc. data)   RO Data    RW Data    ZI Data      Debug   

     22980       1350        844        188      20108    1001622   Grand Totals
     22980       1350        844        188      20108    1001622   ELF Image Totals
     22980       1350        844        188          0          0   ROM Totals

==============================================================================

    Total RO  Size (Code + RO Data)                23824 (  23.27kB)
    Total RW  Size (RW Data + ZI Data)             20296 (  19.82kB)
    Total ROM Size (Code + RO Data + RW Data)      24012 (  23.45kB)

==============================================================================

