Component: ARM Compiler 5.06 update 6 (build 750) Tool: armlink [4d35ed]

==============================================================================

Section Cross References

    startup_stm32f411xe.o(STACK) refers (Special) to heapauxi.o(.text) for __use_two_region_memory
    startup_stm32f411xe.o(HEAP) refers (Special) to heapauxi.o(.text) for __use_two_region_memory
    startup_stm32f411xe.o(RESET) refers (Special) to heapauxi.o(.text) for __use_two_region_memory
    startup_stm32f411xe.o(RESET) refers to startup_stm32f411xe.o(STACK) for __initial_sp
    startup_stm32f411xe.o(RESET) refers to startup_stm32f411xe.o(.text) for Reset_Handler
    startup_stm32f411xe.o(RESET) refers to stm32f4xx_it.o(i.NMI_Handler) for NMI_Handler
    startup_stm32f411xe.o(RESET) refers to stm32f4xx_it.o(i.HardFault_Handler) for HardFault_Handler
    startup_stm32f411xe.o(RESET) refers to stm32f4xx_it.o(i.MemManage_Handler) for MemManage_Handler
    startup_stm32f411xe.o(RESET) refers to stm32f4xx_it.o(i.BusFault_Handler) for BusFault_Handler
    startup_stm32f411xe.o(RESET) refers to stm32f4xx_it.o(i.UsageFault_Handler) for UsageFault_Handler
    startup_stm32f411xe.o(RESET) refers to port.o(.emb_text) for SVC_Handler
    startup_stm32f411xe.o(RESET) refers to stm32f4xx_it.o(i.DebugMon_Handler) for DebugMon_Handler
    startup_stm32f411xe.o(RESET) refers to port.o(i.SysTick_Handler) for SysTick_Handler
    startup_stm32f411xe.o(RESET) refers to stm32f4xx_it.o(i.EXTI0_IRQHandler) for EXTI0_IRQHandler
    startup_stm32f411xe.o(RESET) refers to stm32f4xx_it.o(i.TIM5_IRQHandler) for TIM5_IRQHandler
    startup_stm32f411xe.o(.text) refers (Special) to heapauxi.o(.text) for __use_two_region_memory
    startup_stm32f411xe.o(.text) refers to system_stm32f4xx.o(i.SystemInit) for SystemInit
    startup_stm32f411xe.o(.text) refers to __main.o(!!!main) for __main
    startup_stm32f411xe.o(.text) refers to startup_stm32f411xe.o(HEAP) for Heap_Mem
    startup_stm32f411xe.o(.text) refers to startup_stm32f411xe.o(STACK) for Stack_Mem
    main.o(i.AccelReadThread) refers to rt_memclr_w.o(.text) for __aeabi_memclr4
    main.o(i.AccelReadThread) refers to __2sprintf.o(.text) for __2sprintf
    main.o(i.AccelReadThread) refers to strcpy.o(.text) for strcpy
    main.o(i.AccelReadThread) refers to cmsis_os2.o(i.osMessageQueuePut) for osMessageQueuePut
    main.o(i.AccelReadThread) refers to stm32f4xx_hal_gpio.o(i.HAL_GPIO_WritePin) for HAL_GPIO_WritePin
    main.o(i.AccelReadThread) refers to cmsis_os2.o(i.osDelay) for osDelay
    main.o(i.AccelReadThread) refers to main.o(.data) for .data
    main.o(i.HAL_GPIO_EXTI_Callback) refers to rt_memcpy_w.o(.text) for __aeabi_memcpy4
    main.o(i.HAL_GPIO_EXTI_Callback) refers to cmsis_os2.o(i.osEventFlagsSet) for osEventFlagsSet
    main.o(i.HAL_GPIO_EXTI_Callback) refers to main.o(.bss) for .bss
    main.o(i.HAL_GPIO_EXTI_Callback) refers to main.o(.data) for .data
    main.o(i.HAL_TIM_PeriodElapsedCallback) refers to stm32f4xx_hal.o(i.HAL_IncTick) for HAL_IncTick
    main.o(i.MX_GPIO_Init) refers to rt_memclr_w.o(.text) for __aeabi_memclr4
    main.o(i.MX_GPIO_Init) refers to stm32f4xx_hal_gpio.o(i.HAL_GPIO_WritePin) for HAL_GPIO_WritePin
    main.o(i.MX_GPIO_Init) refers to stm32f4xx_hal_gpio.o(i.HAL_GPIO_Init) for HAL_GPIO_Init
    main.o(i.MX_GPIO_Init) refers to stm32f4xx_hal_cortex.o(i.HAL_NVIC_SetPriority) for HAL_NVIC_SetPriority
    main.o(i.MX_GPIO_Init) refers to stm32f4xx_hal_cortex.o(i.HAL_NVIC_EnableIRQ) for HAL_NVIC_EnableIRQ
    main.o(i.MX_SPI1_Init) refers to stm32f4xx_hal_spi.o(i.HAL_SPI_Init) for HAL_SPI_Init
    main.o(i.MX_SPI1_Init) refers to main.o(.bss) for .bss
    main.o(i.SystemClock_Config) refers to rt_memclr_w.o(.text) for __aeabi_memclr4
    main.o(i.SystemClock_Config) refers to stm32f4xx_hal_rcc.o(i.HAL_RCC_OscConfig) for HAL_RCC_OscConfig
    main.o(i.SystemClock_Config) refers to stm32f4xx_hal_rcc.o(i.HAL_RCC_ClockConfig) for HAL_RCC_ClockConfig
    main.o(i.TransmitUartThread) refers to cmsis_os2.o(i.osMessageQueueGet) for osMessageQueueGet
    main.o(i.TransmitUartThread) refers to stm32f4xx_hal_gpio.o(i.HAL_GPIO_WritePin) for HAL_GPIO_WritePin
    main.o(i.TransmitUartThread) refers to cmsis_os2.o(i.osDelay) for osDelay
    main.o(i.TransmitUartThread) refers to cmsis_os2.o(i.osMutexAcquire) for osMutexAcquire
    main.o(i.TransmitUartThread) refers to strlen.o(.text) for strlen
    main.o(i.TransmitUartThread) refers to stm32f4xx_hal_uart.o(i.HAL_UART_Transmit) for HAL_UART_Transmit
    main.o(i.TransmitUartThread) refers to cmsis_os2.o(i.osMutexRelease) for osMutexRelease
    main.o(i.TransmitUartThread) refers to rt_memclr_w.o(.text) for __aeabi_memclr4
    main.o(i.TransmitUartThread) refers to main.o(.data) for .data
    main.o(i.TransmitUartThread) refers to main.o(.bss) for .bss
    main.o(i.UpdateHandleThread) refers to cmsis_os2.o(i.osEventFlagsWait) for osEventFlagsWait
[...]
    __scatterload_copy                       0x080081d5   Thumb Code    26  __scatter_copy.o(!!handler_copy)
    __scatterload_zeroinit                   0x080081f1   Thumb Code    28  __scatter_zi.o(!!handler_zi)
    _printf_n                                0x0800820d   Thumb Code     0  _printf_n.o(.ARM.Collect$$_printf_percent$$00000001)
    _printf_percent                          0x0800820d   Thumb Code     0  _printf_percent.o(.ARM.Collect$$_printf_percent$$00000000)
    _printf_p                                0x08008213   Thumb Code     0  _printf_p.o(.ARM.Collect$$_printf_percent$$00000002)
    _printf_f                                0x08008219   Thumb Code     0  _printf_f.o(.ARM.Collect$$_printf_percent$$00000003)
    _printf_e                                0x0800821f   Thumb Code     0  _printf_e.o(.ARM.Collect$$_printf_percent$$00000004)
    _printf_g                                0x08008225   Thumb Code     0  _printf_g.o(.ARM.Collect$$_printf_percent$$00000005)
    _printf_a                                0x0800822b   Thumb Code     0  _printf_a.o(.ARM.Collect$$_printf_percent$$00000006)
    _printf_ll                               0x08008231   Thumb Code     0  _printf_ll.o(.ARM.Collect$$_printf_percent$$00000007)
    _printf_i                                0x0800823b   Thumb Code     0  _printf_i.o(.ARM.Collect$$_printf_percent$$00000008)
    _printf_d                                0x08008241   Thumb Code     0  _printf_d.o(.ARM.Collect$$_printf_percent$$00000009)
    _printf_u                                0x08008247   Thumb Code     0  _printf_u.o(.ARM.Collect$$_printf_percent$$0000000A)
    _printf_o                                0x0800824d   Thumb Code     0  _printf_o.o(.ARM.Collect$$_printf_percent$$0000000B)
    _printf_x                                0x08008253   Thumb Code     0  _printf_x.o(.ARM.Collect$$_printf_percent$$0000000C)
    _printf_lli                              0x08008259   Thumb Code     0  _printf_lli.o(.ARM.Collect$$_printf_percent$$0000000D)
    _printf_lld                              0x0800825f   Thumb Code     0  _printf_lld.o(.ARM.Collect$$_printf_percent$$0000000E)
    _printf_llu                              0x08008265   Thumb Code     0  _printf_llu.o(.ARM.Collect$$_printf_percent$$0000000F)
    _printf_llo                              0x0800826b   Thumb Code     0  _printf_llo.o(.ARM.Collect$$_printf_percent$$00000010)
    _printf_llx                              0x08008271   Thumb Code     0  _printf_llx.o(.ARM.Collect$$_printf_percent$$00000011)
    _printf_l                                0x08008277   Thumb Code     0  _printf_l.o(.ARM.Collect$$_printf_percent$$00000012)
    _printf_c                                0x08008281   Thumb Code     0  _printf_c.o(.ARM.Collect$$_printf_percent$$00000013)
    _printf_s                                0x08008287   Thumb Code     0  _printf_s.o(.ARM.Collect$$_printf_percent$$00000014)
    _printf_lc                               0x0800828d   Thumb Code     0  _printf_lc.o(.ARM.Collect$$_printf_percent$$00000015)
    _printf_ls                               0x08008293   Thumb Code     0  _printf_ls.o(.ARM.Collect$$_printf_percent$$00000016)
    _printf_percent_end                      0x08008299   Thumb Code     0  _printf_percent_end.o(.ARM.Collect$$_printf_percent$$00000017)
    __rt_lib_init                            0x0800829d   Thumb Code     0  libinit.o(.ARM.Collect$$libinit$$00000000)
    __rt_lib_init_fp_1                       0x0800829f   Thumb Code     0  libinit2.o(.ARM.Collect$$libinit$$00000001)
    __rt_lib_init_heap_1                     0x080082a3   Thumb Code     0  libinit2.o(.ARM.Collect$$libinit$$0000000A)
    __rt_lib_init_lc_common                  0x080082a3   Thumb Code     0  libinit2.o(.ARM.Collect$$libinit$$0000000F)
    __rt_lib_init_preinit_1                  0x080082a3   Thumb Code     0  libinit2.o(.ARM.Collect$$libinit$$00000004)
    __rt_lib_init_rand_1                     0x080082a3   Thumb Code     0  libinit2.o(.ARM.Collect$$libinit$$0000000E)
    __rt_lib_init_user_alloc_1               0x080082a3   Thumb Code     0  libinit2.o(.ARM.Collect$$libinit$$0000000C)
    __rt_lib_init_lc_collate_1               0x080082a9   Thumb Code     0  libinit2.o(.ARM.Collect$$libinit$$00000011)
    __rt_lib_init_lc_ctype_2                 0x080082a9   Thumb Code     0  libinit2.o(.ARM.Collect$$libinit$$00000012)
    __rt_lib_init_lc_ctype_1                 0x080082b5   Thumb Code     0  libinit2.o(.ARM.Collect$$libinit$$00000013)
    __rt_lib_init_lc_monetary_1              0x080082b5   Thumb Code     0  libinit2.o(.ARM.Collect$$libinit$$00000015)
    __rt_lib_init_lc_numeric_2               0x080082b5   Thumb Code     0  libinit2.o(.ARM.Collect$$libinit$$00000016)
    __rt_lib_init_alloca_1                   0x080082bf   Thumb Code     0  libinit2.o(.ARM.Collect$$libinit$$0000002E)
    __rt_lib_init_argv_1                     0x080082bf   Thumb Code     0  libinit2.o(.ARM.Collect$$libinit$$0000002C)
    __rt_lib_init_atexit_1                   0x080082bf   Thumb Code     0  libinit2.o(.ARM.Collect$$libinit$$0000001B)
    __rt_lib_init_clock_1                    0x080082bf   Thumb Code     0  libinit2.o(.ARM.Collect$$libinit$$00000021)
    __rt_lib_init_cpp_1                      0x080082bf   Thumb Code     0  libinit2.o(.ARM.Collect$$libinit$$00000032)
    __rt_lib_init_exceptions_1               0x080082bf   Thumb Code     0  libinit2.o(.ARM.Collect$$libinit$$00000030)
    __rt_lib_init_fp_trap_1                  0x080082bf   Thumb Code     0  libinit2.o(.ARM.Collect$$libinit$$0000001F)
    __rt_lib_init_getenv_1                   0x080082bf   Thumb Code     0  libinit2.o(.ARM.Collect$$libinit$$00000023)
    __rt_lib_init_lc_numeric_1               0x080082bf   Thumb Code     0  libinit2.o(.ARM.Collect$$libinit$$00000017)
    __rt_lib_init_lc_time_1                  0x080082bf   Thumb Code     0  libinit2.o(.ARM.Collect$$libinit$$00000019)
    __rt_lib_init_return                     0x080082bf   Thumb Code     0  libinit2.o(.ARM.Collect$$libinit$$00000033)
    __rt_lib_init_signal_1                   0x080082bf   Thumb Code     0  libinit2.o(.ARM.Collect$$libinit$$0000001D)
    __rt_lib_init_stdio_1                    0x080082bf   Thumb Code     0  libinit2.o(.ARM.Collect$$libinit$$00000025)
    __rt_lib_shutdown                        0x080082c1   Thumb Code     0  libshutdown.o(.ARM.Collect$$libshutdown$$00000000)
    __rt_lib_shutdown_cpp_1                  0x080082c3   Thumb Code     0  libshutdown2.o(.ARM.Collect$$libshutdown$$00000002)
    __rt_lib_shutdown_fp_trap_1              0x080082c3   Thumb Code     0  libshutdown2.o(.ARM.Collect$$libshutdown$$00000007)
    __rt_lib_shutdown_heap_1                 0x080082c3   Thumb Code     0  libshutdown2.o(.ARM.Collect$$libshutdown$$0000000F)
    __rt_lib_shutdown_return                 0x080082c3   Thumb Code     0  libshutdown2.o(.ARM.Collect$$libshutdown$$00000010)
    __rt_lib_shutdown_signal_1               0x080082c3   Thumb Code     0  libshutdown2.o(.ARM.Collect$$libshutdown$$0000000A)
    __rt_lib_shutdown_stdio_1                0x080082c3   Thumb Code     0  libshutdown2.o(.ARM.Collect$$libshutdown$$00000004)
    __rt_lib_shutdown_user_alloc_1           0x080082c3   Thumb Code     0  libshutdown2.o(.ARM.Collect$$libshutdown$$0000000C)
    __rt_entry                               0x080082c5   Thumb Code     0  __rtentry.o(.ARM.Collect$$rtentry$$00000000)
    __rt_entry_presh_1                       0x080082c5   Thumb Code     0  __rtentry2.o(.ARM.Collect$$rtentry$$00000002)
    __rt_entry_sh                            0x080082c5   Thumb Code     0  __rtentry4.o(.ARM.Collect$$rtentry$$00000004)
    __rt_entry_li                            0x080082cb   Thumb Code     0  __rtentry2.o(.ARM.Collect$$rtentry$$0000000A)
    __rt_entry_postsh_1                      0x080082cb   Thumb Code     0  __rtentry2.o(.ARM.Collect$$rtentry$$00000009)
    __rt_entry_main                          0x080082cf   Thumb Code     0  __rtentry2.o(.ARM.Collect$$rtentry$$0000000D)
    __rt_entry_postli_1                      0x080082cf   Thumb Code     0  __rtentry2.o(.ARM.Collect$$rtentry$$0000000C)
    __rt_exit                                0x080082d7   Thumb Code     0  rtexit.o(.ARM.Collect$$rtexit$$00000000)
    __rt_exit_ls                             0x080082d9   Thumb Code     0  rtexit2.o(.ARM.Collect$$rtexit$$00000003)
    __rt_exit_prels_1                        0x080082d9   Thumb Code     0  rtexit2.o(.ARM.Collect$$rtexit$$00000002)
    __rt_exit_exit                           0x080082dd   Thumb Code     0  rtexit2.o(.ARM.Collect$$rtexit$$00000004)
    SVC_Handler                              0x080082e5   Thumb Code    28  port.o(.emb_text)
    __asm___6_port_c_39a90d8d__prvStartFirstTask 0x08008305   Thumb Code    36  port.o(.emb_text)
    __asm___6_port_c_39a90d8d__prvEnableVFP  0x0800832d   Thumb Code    16  port.o(.emb_text)
    PendSV_Handler                           0x08008341   Thumb Code    88  port.o(.emb_text)
    vPortGetIPSR                             0x0800839d   Thumb Code     6  port.o(.emb_text)
    Reset_Handler                            0x080083a5   Thumb Code     8  startup_stm32f411xe.o(.text)
    ADC_IRQHandler                           0x080083bf   Thumb Code     0  startup_stm32f411xe.o(.text)
    DMA1_Stream0_IRQHandler                  0x080083bf   Thumb Code     0  startup_stm32f411xe.o(.text)
    DMA1_Stream1_IRQHandler                  0x080083bf   Thumb Code     0  startup_stm32f411xe.o(.text)
    DMA1_Stream2_IRQHandler                  0x080083bf   Thumb Code     0  startup_stm32f411xe.o(.text)
    DMA1_Stream3_IRQHandler                  0x080083bf   Thumb Code     0  startup_stm32f411xe.o(.text)
    DMA1_Stream4_IRQHandler                  0x080083bf   Thumb Code     0  startup_stm32f411xe.o(.text)
    DMA1_Stream5_IRQHandler                  0x080083bf   Thumb Code     0  startup_stm32f411xe.o(.text)
    DMA1_Stream6_IRQHandler                  0x080083bf   Thumb Code     0  startup_stm32f411xe.o(.text)
    DMA1_Stream7_IRQHandler                  0x080083bf   Thumb Code     0  startup_stm32f411xe.o(.text)
    DMA2_Stream0_IRQHandler                  0x080083bf   Thumb Code     0  startup_stm32f411xe.o(.text)
    DMA2_Stream1_IRQHandler                  0x080083bf   Thumb Code     0  startup_stm32f411xe.o(.text)
    DMA2_Stream2_IRQHandler                  0x080083bf   Thumb Code     0  startup_stm32f411xe.o(.text)
    DMA2_Stream3_IRQHandler                  0x080083bf   Thumb Code     0  startup_stm32f411xe.o(.text)
    DMA2_Stream4_IRQHandler                  0x080083bf   Thumb Code     0  startup_stm32f411xe.o(.text)
    DMA2_Stream5_IRQHandler                  0x080083bf   Thumb Code     0  startup_stm32f411xe.o(.text)
    DMA2_Stream6_IRQHandler                  0x080083bf   Thumb Code     0  startup_stm32f411xe.o(.text)
    DMA2_Stream7_IRQHandler                  0x080083bf   Thumb Code     0  startup_stm32f411xe.o(.text)
    EXTI15_10_IRQHandler                     0x080083bf   Thumb Code     0  startup_stm32f411xe.o(.text)
    EXTI1_IRQHandler                         0x080083bf   Thumb Code     0  startup_stm32f411xe.o(.text)
    EXTI2_IRQHandler                         0x080083bf   Thumb Code     0  startup_stm32f411xe.o(.text)
    EXTI3_IRQHandler                         0x080083bf   Thumb Code     0  startup_stm32f411xe.o(.text)
    EXTI4_IRQHandler                         0x080083bf   Thumb Code     0  startup_stm32f411xe.o(.text)
    EXTI9_5_IRQHandler                       0x080083bf   Thumb Code     0  startup_stm32f411xe.o(.text)
    FLASH_IRQHandler                         0x080083bf   Thumb Code     0  startup_stm32f411xe.o(.text)
    FPU_IRQHandler                           0x080083bf   Thumb Code     0  startup_stm32f411xe.o(.text)
    I2C1_ER_IRQHandler                       0x080083bf   Thumb Code     0  startup_stm32f411xe.o(.text)
    I2C1_EV_IRQHandler                       0x080083bf   Thumb Code     0  startup_stm32f411xe.o(.text)
    I2C2_ER_IRQHandler                       0x080083bf   Thumb Code     0  startup_stm32f411xe.o(.text)
    I2C2_EV_IRQHandler                       0x080083bf   Thumb Code     0  startup_stm32f411xe.o(.text)
    I2C3_ER_IRQHandler                       0x080083bf   Thumb Code     0  startup_stm32f411xe.o(.text)
    I2C3_EV_IRQHandler                       0x080083bf   Thumb Code     0  startup_stm32f411xe.o(.text)
    OTG_FS_IRQHandler                        0x080083bf   Thumb Code     0  startup_stm32f411xe.o(.text)
    OTG_FS_WKUP_IRQHandler                   0x080083bf   Thumb Code     0  startup_stm32f411xe.o(.text)
    PVD_IRQHandler                           0x080083bf   Thumb Code     0  startup_stm32f411xe.o(.text)
    RCC_IRQHandler                           0x080083bf   Thumb Code     0  startup_stm32f411xe.o(.text)
    RTC_Alarm_IRQHandler                     0x080083bf   Thumb Code     0  startup_stm32f411xe.o(.text)
    RTC_WKUP_IRQHandler                      0x080083bf   Thumb Code     0  startup_stm32f411xe.o(.text)
    SDIO_IRQHandler                          0x080083bf   Thumb Code     0  startup_stm32f411xe.o(.text)
    SPI1_IRQHandler                          0x080083bf   Thumb Code     0  startup_stm32f411xe.o(.text)
    SPI2_IRQHandler                          0x080083bf   Thumb Code     0  startup_stm32f411xe.o(.text)
    SPI3_IRQHandler                          0x080083bf   Thumb Code     0  startup_stm32f411xe.o(.text)
    SPI4_IRQHandler                          0x080083bf   Thumb Code     0  startup_stm32f411xe.o(.text)
    SPI5_IRQHandler                          0x080083bf   Thumb Code     0  startup_stm32f411xe.o(.text)
    TAMP_STAMP_IRQHandler                    0x080083bf   Thumb Code     0  startup_stm32f411xe.o(.text)
    TIM1_BRK_TIM9_IRQHandler                 0x080083bf   Thumb Code     0  startup_stm32f411xe.o(.text)
    TIM1_CC_IRQHandler                       0x080083bf   Thumb Code     0  startup_stm32f411xe.o(.text)
    TIM1_TRG_COM_TIM11_IRQHandler            0x080083bf   Thumb Code     0  startup_stm32f411xe.o(.text)
    TIM1_UP_TIM10_IRQHandler                 0x080083bf   Thumb Code     0  startup_stm32f411xe.o(.text)
    TIM2_IRQHandler                          0x080083bf   Thumb Code     0  startup_stm32f411xe.o(.text)
    TIM3_IRQHandler                          0x080083bf   Thumb Code     0  startup_stm32f411xe.o(.text)
    TIM4_IRQHandler                          0x080083bf   Thumb Code     0  startup_stm32f411xe.o(.text)
    USART1_IRQHandler                        0x080083bf   Thumb Code     0  startup_stm32f411xe.o(.text)
    USART2_IRQHandler                        0x080083bf   Thumb Code     0  startup_stm32f411xe.o(.text)
    USART6_IRQHandler                        0x080083bf   Thumb Code     0  startup_stm32f411xe.o(.text)
    WWDG_IRQHandler                          0x080083bf   Thumb Code     0  startup_stm32f411xe.o(.text)
    __user_initial_stackheap                 0x080083c1   Thumb Code     0  startup_stm32f411xe.o(.text)
    __aeabi_uldivmod                         0x080083e5   Thumb Code     0  lludivv7m.o(.text)
    _ll_udiv                                 0x080083e5   Thumb Code   238  lludivv7m.o(.text)
    vsprintf                                 0x080084d5   Thumb Code    32  vsprintf.o(.text)
    __2sprintf                               0x080084f9   Thumb Code    38  __2sprintf.o(.text)
    strtol                                   0x08008525   Thumb Code   112  strtol.o(.text)
    strtok                                   0x08008595   Thumb Code     6  strtok.o(.text)
    strcpy                                   0x080085a1   Thumb Code    72  strcpy.o(.text)
    strlen                                   0x080085e9   Thumb Code    62  strlen.o(.text)
    __aeabi_memcpy                           0x08008627   Thumb Code     0  rt_memcpy_v6.o(.text)
    __rt_memcpy                              0x08008627   Thumb Code   138  rt_memcpy_v6.o(.text)
    _memcpy_lastbytes                        0x0800868d   Thumb Code     0  rt_memcpy_v6.o(.text)
    __aeabi_memcpy4                          0x080086b1   Thumb Code     0  rt_memcpy_w.o(.text)
    __aeabi_memcpy8                          0x080086b1   Thumb Code     0  rt_memcpy_w.o(.text)
    __rt_memcpy_w                            0x080086b1   Thumb Code   100  rt_memcpy_w.o(.text)
    _memcpy_lastbytes_aligned                0x080086f9   Thumb Code     0  rt_memcpy_w.o(.text)
    __aeabi_memset                           0x08008715   Thumb Code    16  aeabi_memset.o(.text)
    __aeabi_memclr4                          0x08008725   Thumb Code     0  rt_memclr_w.o(.text)
    __aeabi_memclr8                          0x08008725   Thumb Code     0  rt_memclr_w.o(.text)
    __rt_memclr_w                            0x08008725   Thumb Code    78  rt_memclr_w.o(.text)
    _memset_w                                0x08008729   Thumb Code     0  rt_memclr_w.o(.text)
    strcmp                                   0x08008775   Thumb Code   128  strcmpv7m.o(.text)
    __use_two_region_memory                  0x080087f5   Thumb Code     2  heapauxi.o(.text)
    __rt_heap_escrow$2region                 0x080087f7   Thumb Code     2  heapauxi.o(.text)
    __rt_heap_expand$2region                 0x080087f9   Thumb Code     2  heapauxi.o(.text)
    __rt_ctype_table                         0x080087fd   Thumb Code    16  rt_ctype_table.o(.text)
    __aeabi_errno_addr                       0x0800880d   Thumb Code     8  rt_errno_addr_intlibspace.o(.text)
    __errno$intlibspace                      0x0800880d   Thumb Code     0  rt_errno_addr_intlibspace.o(.text)
    __rt_errno_addr$intlibspace              0x0800880d   Thumb Code     0  rt_errno_addr_intlibspace.o(.text)
    _printf_pre_padding                      0x08008815   Thumb Code    44  _printf_pad.o(.text)
    _printf_post_padding                     0x08008841   Thumb Code    34  _printf_pad.o(.text)
    _printf_truncate_signed                  0x08008863   Thumb Code    18  _printf_truncate.o(.text)
    _printf_truncate_unsigned                0x08008875   Thumb Code    18  _printf_truncate.o(.text)
    _printf_str                              0x08008887   Thumb Code    82  _printf_str.o(.text)
    _printf_int_dec                          0x080088d9   Thumb Code   104  _printf_dec.o(.text)
    _printf_charcount                        0x08008951   Thumb Code    40  _printf_charcount.o(.text)
    _printf_char_common                      0x08008983   Thumb Code    32  _printf_char_common.o(.text)
    _sputc                                   0x080089a9   Thumb Code    10  _sputc.o(.text)
    _printf_wctomb                           0x080089b5   Thumb Code   182  _printf_wctomb.o(.text)
    _printf_longlong_dec                     0x08008a71   Thumb Code   108  _printf_longlong_dec.o(.text)
    _printf_longlong_oct                     0x08008aed   Thumb Code    66  _printf_oct_int_ll.o(.text)
    _printf_int_oct                          0x08008b2f   Thumb Code    24  _printf_oct_int_ll.o(.text)
    _printf_ll_oct                           0x08008b47   Thumb Code    12  _printf_oct_int_ll.o(.text)
    _printf_longlong_hex                     0x08008b5d   Thumb Code    86  _printf_hex_int_ll_ptr.o(.text)
    _printf_int_hex                          0x08008bb3   Thumb Code    28  _printf_hex_int_ll_ptr.o(.text)
    _printf_ll_hex                           0x08008bcf   Thumb Code    12  _printf_hex_int_ll_ptr.o(.text)
    _printf_hex_ptr                          0x08008bdb   Thumb Code    18  _printf_hex_int_ll_ptr.o(.text)
    __printf                                 0x08008bf1   Thumb Code   388  __printf_flags_ss_wp.o(.text)
    _strtoul                                 0x08008d79   Thumb Code   158  _strtoul.o(.text)
    __strtok_internal                        0x08008e19   Thumb Code    64  strtok_int.o(.text)
    __aeabi_memclr                           0x08008e5d   Thumb Code     0  rt_memclr.o(.text)
    __rt_memclr                              0x08008e5d   Thumb Code    68  rt_memclr.o(.text)
    _memset                                  0x08008e61   Thumb Code     0  rt_memclr.o(.text)
    __user_libspace                          0x08008ea1   Thumb Code     8  libspace.o(.text)
    __user_perproc_libspace                  0x08008ea1   Thumb Code     0  libspace.o(.text)
    __user_perthread_libspace                0x08008ea1   Thumb Code     0  libspace.o(.text)
    __rt_locale                              0x08008ea9   Thumb Code     8  rt_locale_intlibspace.o(.text)
    _ll_udiv10                               0x08008eb1   Thumb Code   138  lludiv10.o(.text)
    _printf_int_common                       0x08008f3b   Thumb Code   178  _printf_intcommon.o(.text)
    __lib_sel_fp_printf                      0x08008fed   Thumb Code     2  _printf_fp_dec.o(.text)
    _printf_fp_dec_real                      0x0800919f   Thumb Code   620  _printf_fp_dec.o(.text)
    _printf_fp_hex_real                      0x0800940d   Thumb Code   756  _printf_fp_hex.o(.text)
    _printf_cs_common                        0x08009709   Thumb Code    20  _printf_char.o(.text)
    _printf_char                             0x0800971d   Thumb Code    16  _printf_char.o(.text)
    _printf_string                           0x0800972d   Thumb Code     8  _printf_char.o(.text)
    _printf_lcs_common                       0x08009735   Thumb Code    20  _printf_wchar.o(.text)
    _printf_wchar                            0x08009749   Thumb Code    16  _printf_wchar.o(.text)
    _printf_wstring                          0x08009759   Thumb Code     8  _printf_wchar.o(.text)
    _chval                                   0x08009761   Thumb Code    28  _chval.o(.text)
    _wcrtomb                                 0x0800977d   Thumb Code    64  _wcrtomb.o(.text)
    strcspn                                  0x080097bd   Thumb Code    32  strcspn.o(.text)
    strspn                                   0x080097dd   Thumb Code    28  strspn.o(.text)
    __user_setup_stackheap                   0x080097f9   Thumb Code    74  sys_stackheap_outer.o(.text)
    _printf_fp_infnan                        0x08009845   Thumb Code   112  _printf_fp_infnan.o(.text)
    _btod_etento                             0x080098c5   Thumb Code   224  bigflt0.o(.text)
    exit                                     0x080099a9   Thumb Code    18  exit.o(.text)
    _sys_exit                                0x080099bd   Thumb Code     8  sys_exit.o(.text)
    __I$use$semihosting                      0x080099c9   Thumb Code     0  use_no_semi.o(.text)
    __use_no_semihosting_swi                 0x080099c9   Thumb Code     2  use_no_semi.o(.text)
    __semihosting_library_function           0x080099cb   Thumb Code     0  indicate_semi.o(.text)
    _btod_d2e                                0x080099cb   Thumb Code    62  btod.o(CL$$btod_d2e)
    _d2e_denorm_low                          0x08009a09   Thumb Code    70  btod.o(CL$$btod_d2e_denorm_low)
    _d2e_norm_op1                            0x08009a4f   Thumb Code    96  btod.o(CL$$btod_d2e_norm_op1)
    __btod_div_common                        0x08009aaf   Thumb Code   696  btod.o(CL$$btod_div_common)
    _e2e                                     0x08009de7   Thumb Code   220  btod.o(CL$$btod_e2e)
    _btod_ediv                               0x08009ec3   Thumb Code    42  btod.o(CL$$btod_ediv)
    _btod_emul                               0x08009eed   Thumb Code    42  btod.o(CL$$btod_emul)
    __btod_mult_common                       0x08009f17   Thumb Code   580  btod.o(CL$$btod_mult_common)
    AccelReadThread                          0x0800a15d   Thumb Code    70  main.o(i.AccelReadThread)
    BusFault_Handler                         0x0800a1c5   Thumb Code     2  stm32f4xx_it.o(i.BusFault_Handler)
    DebugMon_Handler                         0x0800a1c7   Thumb Code     2  stm32f4xx_it.o(i.DebugMon_Handler)
    EXTI0_IRQHandler                         0x0800a1c9   Thumb Code     6  stm32f4xx_it.o(i.EXTI0_IRQHandler)
    FLASH_Erase_Sector                       0x0800a1d1   Thumb Code    74  stm32f4xx_hal_flash_ex.o(i.FLASH_Erase_Sector)
    FLASH_WaitForLastOperation               0x0800a32d   Thumb Code    72  stm32f4xx_hal_flash.o(i.FLASH_WaitForLastOperation)
    HAL_FLASH_Lock                           0x0800a37d   Thumb Code    14  stm32f4xx_hal_flash.o(i.HAL_FLASH_Lock)
    HAL_FLASH_Program                        0x0800a391   Thumb Code   116  stm32f4xx_hal_flash.o(i.HAL_FLASH_Program)
    HAL_FLASH_Unlock                         0x0800a40d   Thumb Code    32  stm32f4xx_hal_flash.o(i.HAL_FLASH_Unlock)
    HAL_GPIO_EXTI_Callback                   0x0800a439   Thumb Code    38  main.o(i.HAL_GPIO_EXTI_Callback)
    HAL_GPIO_EXTI_IRQHandler                 0x0800a46d   Thumb Code    18  stm32f4xx_hal_gpio.o(i.HAL_GPIO_EXTI_IRQHandler)
    HAL_GPIO_Init                            0x0800a485   Thumb Code   358  stm32f4xx_hal_gpio.o(i.HAL_GPIO_Init)
    HAL_GPIO_WritePin                        0x0800a60d   Thumb Code    10  stm32f4xx_hal_gpio.o(i.HAL_GPIO_WritePin)
    HAL_GetTick                              0x0800a619   Thumb Code     6  stm32f4xx_hal.o(i.HAL_GetTick)
    HAL_IncTick                              0x0800a625   Thumb Code    12  stm32f4xx_hal.o(i.HAL_IncTick)
    HAL_Init                                 0x0800a635   Thumb Code    48  stm32f4xx_hal.o(i.HAL_Init)
    HAL_InitTick                             0x0800a669   Thumb Code   100  stm32f4xx_hal_timebase_tim.o(i.HAL_InitTick)
    HAL_MspInit                              0x0800a6dd   Thumb Code    52  stm32f4xx_hal_msp.o(i.HAL_MspInit)
    HAL_NVIC_EnableIRQ                       0x0800a715   Thumb Code    26  stm32f4xx_hal_cortex.o(i.HAL_NVIC_EnableIRQ)
    HAL_NVIC_SetPriority                     0x0800a731   Thumb Code    60  stm32f4xx_hal_cortex.o(i.HAL_NVIC_SetPriority)
    HAL_NVIC_SetPriorityGrouping             0x0800a771   Thumb Code    26  stm32f4xx_hal_cortex.o(i.HAL_NVIC_SetPriorityGrouping)
    HAL_RCC_ClockConfig                      0x0800a795   Thumb Code   286  stm32f4xx_hal_rcc.o(i.HAL_RCC_ClockConfig)
    HAL_RCC_GetClockConfig                   0x0800a8c5   Thumb Code    54  stm32f4xx_hal_rcc.o(i.HAL_RCC_GetClockConfig)
    HAL_RCC_GetPCLK1Freq                     0x0800a905   Thumb Code    20  stm32f4xx_hal_rcc.o(i.HAL_RCC_GetPCLK1Freq)
    HAL_RCC_GetPCLK2Freq                     0x0800a925   Thumb Code    20  stm32f4xx_hal_rcc.o(i.HAL_RCC_GetPCLK2Freq)
    HAL_RCC_GetSysClockFreq                  0x0800a945   Thumb Code    88  stm32f4xx_hal_rcc.o(i.HAL_RCC_GetSysClockFreq)
    HAL_RCC_OscConfig                        0x0800a9a9   Thumb Code   770  stm32f4xx_hal_rcc.o(i.HAL_RCC_OscConfig)
    HAL_SPI_Init                             0x0800acc5   Thumb Code   128  stm32f4xx_hal_spi.o(i.HAL_SPI_Init)
    HAL_SPI_MspInit                          0x0800ad45   Thumb Code    92  stm32f4xx_hal_msp.o(i.HAL_SPI_MspInit)
    HAL_TIMEx_BreakCallback                  0x0800adad   Thumb Code     2  stm32f4xx_hal_tim_ex.o(i.HAL_TIMEx_BreakCallback)
    HAL_TIMEx_CommutCallback                 0x0800adaf   Thumb Code     2  stm32f4xx_hal_tim_ex.o(i.HAL_TIMEx_CommutCallback)
    HAL_TIM_Base_Init                        0x0800adb1   Thumb Code    54  stm32f4xx_hal_tim.o(i.HAL_TIM_Base_Init)
    HAL_TIM_Base_MspInit                     0x0800ade7   Thumb Code     2  stm32f4xx_hal_tim.o(i.HAL_TIM_Base_MspInit)
    HAL_TIM_Base_Start_IT                    0x0800ade9   Thumb Code    34  stm32f4xx_hal_tim.o(i.HAL_TIM_Base_Start_IT)
    HAL_TIM_IC_CaptureCallback               0x0800ae0b   Thumb Code     2  stm32f4xx_hal_tim.o(i.HAL_TIM_IC_CaptureCallback)
    HAL_TIM_IRQHandler                       0x0800ae0d   Thumb Code   358  stm32f4xx_hal_tim.o(i.HAL_TIM_IRQHandler)
    HAL_TIM_OC_DelayElapsedCallback          0x0800af73   Thumb Code     2  stm32f4xx_hal_tim.o(i.HAL_TIM_OC_DelayElapsedCallback)
    HAL_TIM_PWM_PulseFinishedCallback        0x0800af75   Thumb Code     2  stm32f4xx_hal_tim.o(i.HAL_TIM_PWM_PulseFinishedCallback)
    HAL_TIM_PeriodElapsedCallback            0x0800af79   Thumb Code    14  main.o(i.HAL_TIM_PeriodElapsedCallback)
    HAL_TIM_TriggerCallback                  0x0800af8d   Thumb Code     2  stm32f4xx_hal_tim.o(i.HAL_TIM_TriggerCallback)
    HAL_UART_Init                            0x0800af8f   Thumb Code    98  stm32f4xx_hal_uart.o(i.HAL_UART_Init)
    HAL_UART_MspInit                         0x0800aff1   Thumb Code   146  stm32f4xx_hal_msp.o(i.HAL_UART_MspInit)
    HAL_UART_Receive                         0x0800b099   Thumb Code   184  stm32f4xx_hal_uart.o(i.HAL_UART_Receive)
    HAL_UART_Transmit                        0x0800b151   Thumb Code   186  stm32f4xx_hal_uart.o(i.HAL_UART_Transmit)
    HardFault_Handler                        0x0800b20b   Thumb Code     2  stm32f4xx_it.o(i.HardFault_Handler)
    MemManage_Handler                        0x0800b315   Thumb Code     2  stm32f4xx_it.o(i.MemManage_Handler)
    NMI_Handler                              0x0800b317   Thumb Code     2  stm32f4xx_it.o(i.NMI_Handler)
    SysTick_Handler                          0x0800b319   Thumb Code    38  port.o(i.SysTick_Handler)
    SystemClock_Config                       0x0800b345   Thumb Code   126  main.o(i.SystemClock_Config)
    SystemInit                               0x0800b3cd   Thumb Code    66  system_stm32f4xx.o(i.SystemInit)
    TIM5_IRQHandler                          0x0800b425   Thumb Code     6  stm32f4xx_it.o(i.TIM5_IRQHandler)
    TIM_Base_SetConfig                       0x0800b431   Thumb Code   122  stm32f4xx_hal_tim.o(i.TIM_Base_SetConfig)
    TransmitUartThread                       0x0800b4c9   Thumb Code   116  main.o(i.TransmitUartThread)
    UpdateHandleThread                       0x0800b859   Thumb Code   416  main.o(i.UpdateHandleThread)
    UsageFault_Handler                       0x0800ba4d   Thumb Code     2  stm32f4xx_it.o(i.UsageFault_Handler)
    __ARM_fpclassify                         0x0800ba4f   Thumb Code    48  fpclassify.o(i.__ARM_fpclassify)
    _is_digit                                0x0800ba9f   Thumb Code    14  __printf_wp.o(i._is_digit)
    main                                     0x0800baad   Thumb Code   222  main.o(i.main)
    osDelay                                  0x0800bbad   Thumb Code    46  cmsis_os2.o(i.osDelay)
    osEventFlagsClear                        0x0800bbe1   Thumb Code    82  cmsis_os2.o(i.osEventFlagsClear)
    osEventFlagsNew                          0x0800bc39   Thumb Code    64  cmsis_os2.o(i.osEventFlagsNew)
    osEventFlagsSet                          0x0800bc7d   Thumb Code    98  cmsis_os2.o(i.osEventFlagsSet)
    osEventFlagsWait                         0x0800bce9   Thumb Code   118  cmsis_os2.o(i.osEventFlagsWait)
    osKernelInitialize                       0x0800bd65   Thumb Code    50  cmsis_os2.o(i.osKernelInitialize)
    osKernelStart                            0x0800bd9d   Thumb Code    58  cmsis_os2.o(i.osKernelStart)
    osMessageQueueGet                        0x0800bddd   Thumb Code   116  cmsis_os2.o(i.osMessageQueueGet)
    osMessageQueueNew                        0x0800be59   Thumb Code   110  cmsis_os2.o(i.osMessageQueueNew)
    osMessageQueuePut                        0x0800becd   Thumb Code   120  cmsis_os2.o(i.osMessageQueuePut)
    osMutexAcquire                           0x0800bf4d   Thumb Code   104  cmsis_os2.o(i.osMutexAcquire)
    osMutexNew                               0x0800bfb9   Thumb Code   124  cmsis_os2.o(i.osMutexNew)
    osMutexRelease                           0x0800c039   Thumb Code    88  cmsis_os2.o(i.osMutexRelease)
    osThreadNew                              0x0800c095   Thumb Code   160  cmsis_os2.o(i.osThreadNew)
    parsing_update_request                   0x0800c139   Thumb Code    98  main.o(i.parsing_update_request)
    pvPortMalloc                             0x0800c911   Thumb Code   210  heap_4.o(i.pvPortMalloc)
    pvTaskIncrementMutexHeldCount            0x0800c9e9   Thumb Code    18  tasks.o(i.pvTaskIncrementMutexHeldCount)
    pxPortInitialiseStack                    0x0800ca01   Thumb Code    40  port.o(i.pxPortInitialiseStack)
    strrev                                   0x0800ca2d   Thumb Code    44  main.o(i.strrev)
    uxListRemove                             0x0800ca59   Thumb Code    38  list.o(i.uxListRemove)
    uxTaskResetEventItemValue                0x0800ca81   Thumb Code    20  tasks.o(i.uxTaskResetEventItemValue)
    vApplicationGetIdleTaskMemory            0x0800ca99   Thumb Code    16  cmsis_os2.o(i.vApplicationGetIdleTaskMemory)
    vApplicationGetTimerTaskMemory           0x0800caad   Thumb Code    18  cmsis_os2.o(i.vApplicationGetTimerTaskMemory)
    vEventGroupClearBitsCallback             0x0800cac5   Thumb Code     4  event_groups.o(i.vEventGroupClearBitsCallback)
    vEventGroupSetBitsCallback               0x0800cac9   Thumb Code     4  event_groups.o(i.vEventGroupSetBitsCallback)
    vListInitialise                          0x0800cacd   Thumb Code    22  list.o(i.vListInitialise)
    vListInitialiseItem                      0x0800cae3   Thumb Code     6  list.o(i.vListInitialiseItem)
    vListInsert                              0x0800cae9   Thumb Code    48  list.o(i.vListInsert)
    vListInsertEnd                           0x0800cb19   Thumb Code    24  list.o(i.vListInsertEnd)
    vPortEnterCritical                       0x0800cb31   Thumb Code    54  port.o(i.vPortEnterCritical)
    vPortExitCritical                        0x0800cb71   Thumb Code    34  port.o(i.vPortExitCritical)
    vPortFree                                0x0800cb99   Thumb Code    88  heap_4.o(i.vPortFree)
    vPortSetupTimerInterrupt                 0x0800cbf5   Thumb Code    32  port.o(i.vPortSetupTimerInterrupt)
    vPortValidateInterruptPriority           0x0800cc19   Thumb Code    74  port.o(i.vPortValidateInterruptPriority)
    vQueueAddToRegistry                      0x0800cc6d   Thumb Code    34  queue.o(i.vQueueAddToRegistry)
    vQueueWaitForMessageRestricted           0x0800cc95   Thumb Code    68  queue.o(i.vQueueWaitForMessageRestricted)
    vTaskDelay                               0x0800ccd9   Thumb Code    66  tasks.o(i.vTaskDelay)
    vTaskInternalSetTimeOutState             0x0800cd25   Thumb Code    12  tasks.o(i.vTaskInternalSetTimeOutState)
    vTaskMissedYield                         0x0800cd35   Thumb Code     8  tasks.o(i.vTaskMissedYield)
    vTaskPlaceOnEventList                    0x0800cd41   Thumb Code    44  tasks.o(i.vTaskPlaceOnEventList)
    vTaskPlaceOnEventListRestricted          0x0800cd71   Thumb Code    52  tasks.o(i.vTaskPlaceOnEventListRestricted)
    vTaskPlaceOnUnorderedEventList           0x0800cda9   Thumb Code    76  tasks.o(i.vTaskPlaceOnUnorderedEventList)
    vTaskPriorityDisinheritAfterTimeout      0x0800cdf9   Thumb Code   134  tasks.o(i.vTaskPriorityDisinheritAfterTimeout)
    vTaskRemoveFromUnorderedEventList        0x0800ce89   Thumb Code   102  tasks.o(i.vTaskRemoveFromUnorderedEventList)
    vTaskStartScheduler                      0x0800cef9   Thumb Code   118  tasks.o(i.vTaskStartScheduler)
    vTaskSuspendAll                          0x0800cf81   Thumb Code    10  tasks.o(i.vTaskSuspendAll)
    vTaskSwitchContext                       0x0800cf91   Thumb Code    90  tasks.o(i.vTaskSwitchContext)
    write_to_flash_word                      0x0800cff5   Thumb Code    88  main.o(i.write_to_flash_word)
    xEventGroupClearBits                     0x0800d051   Thumb Code    64  event_groups.o(i.xEventGroupClearBits)
    xEventGroupClearBitsFromISR              0x0800d091   Thumb Code    12  event_groups.o(i.xEventGroupClearBitsFromISR)
    xEventGroupCreate                        0x0800d0a1   Thumb Code    28  event_groups.o(i.xEventGroupCreate)
    xEventGroupCreateStatic                  0x0800d0bd   Thumb Code    44  event_groups.o(i.xEventGroupCreateStatic)
    xEventGroupGetBitsFromISR                0x0800d0e9   Thumb Code    26  event_groups.o(i.xEventGroupGetBitsFromISR)
    xEventGroupSetBits                       0x0800d103   Thumb Code   140  event_groups.o(i.xEventGroupSetBits)
    xEventGroupSetBitsFromISR                0x0800d191   Thumb Code    12  event_groups.o(i.xEventGroupSetBitsFromISR)
    xEventGroupWaitBits                      0x0800d1a1   Thumb Code   260  event_groups.o(i.xEventGroupWaitBits)
    xPortStartScheduler                      0x0800d2a9   Thumb Code   222  port.o(i.xPortStartScheduler)
    xQueueCreateMutex                        0x0800d39d   Thumb Code    22  queue.o(i.xQueueCreateMutex)
    xQueueCreateMutexStatic                  0x0800d3b3   Thumb Code    26  queue.o(i.xQueueCreateMutexStatic)
    xQueueGenericCreate                      0x0800d3cd   Thumb Code    72  queue.o(i.xQueueGenericCreate)
    xQueueGenericCreateStatic                0x0800d415   Thumb Code   102  queue.o(i.xQueueGenericCreateStatic)
    xQueueGenericReset                       0x0800d47d   Thumb Code   132  queue.o(i.xQueueGenericReset)
    xQueueGenericSend                        0x0800d505   Thumb Code   346  queue.o(i.xQueueGenericSend)
    xQueueGenericSendFromISR                 0x0800d665   Thumb Code   188  queue.o(i.xQueueGenericSendFromISR)
    xQueueGiveMutexRecursive                 0x0800d721   Thumb Code    62  queue.o(i.xQueueGiveMutexRecursive)
    xQueueReceive                            0x0800d761   Thumb Code   308  queue.o(i.xQueueReceive)
    xQueueReceiveFromISR                     0x0800d899   Thumb Code   154  queue.o(i.xQueueReceiveFromISR)
    xQueueSemaphoreTake                      0x0800d935   Thumb Code   372  queue.o(i.xQueueSemaphoreTake)
    xQueueTakeMutexRecursive                 0x0800daad   Thumb Code    64  queue.o(i.xQueueTakeMutexRecursive)
    xTaskCheckForTimeOut                     0x0800daed   Thumb Code   112  tasks.o(i.xTaskCheckForTimeOut)
    xTaskCreate                              0x0800db61   Thumb Code    90  tasks.o(i.xTaskCreate)
    xTaskCreateStatic                        0x0800dbbb   Thumb Code    86  tasks.o(i.xTaskCreateStatic)
    xTaskGetCurrentTaskHandle                0x0800dc11   Thumb Code     6  tasks.o(i.xTaskGetCurrentTaskHandle)
    xTaskGetSchedulerState                   0x0800dc1d   Thumb Code    22  tasks.o(i.xTaskGetSchedulerState)
    xTaskGetTickCount                        0x0800dc39   Thumb Code     6  tasks.o(i.xTaskGetTickCount)
    xTaskIncrementTick                       0x0800dc45   Thumb Code   190  tasks.o(i.xTaskIncrementTick)
    xTaskPriorityDisinherit                  0x0800dd0d   Thumb Code   118  tasks.o(i.xTaskPriorityDisinherit)
    xTaskPriorityInherit                     0x0800dd8d   Thumb Code   112  tasks.o(i.xTaskPriorityInherit)
    xTaskRemoveFromEventList                 0x0800de05   Thumb Code    98  tasks.o(i.xTaskRemoveFromEventList)
    xTaskResumeAll                           0x0800de75   Thumb Code   182  tasks.o(i.xTaskResumeAll)
    xTimerCreateTimerTask                    0x0800df39   Thumb Code    78  timers.o(i.xTimerCreateTimerTask)
    xTimerGenericCommand                     0x0800df99   Thumb Code    98  timers.o(i.xTimerGenericCommand)
    xTimerPendFunctionCallFromISR            0x0800e001   Thumb Code    34  timers.o(i.xTimerPendFunctionCallFromISR)
    _get_lc_ctype                            0x0800e029   Thumb Code    44  lc_ctype_c.o(locale$$code)
    _get_lc_numeric                          0x0800e055   Thumb Code    44  lc_numeric_c.o(locale$$code)
    _fp_init                                 0x0800e081   Thumb Code    10  fpinit.o(x$fpl$fpinit)
    __fplib_config_fpu_vfp                   0x0800e089   Thumb Code     0  fpinit.o(x$fpl$fpinit)
    __fplib_config_pureend_doubles           0x0800e089   Thumb Code     0  fpinit.o(x$fpl$fpinit)
    _printf_fp_dec                           0x0800e08b   Thumb Code     4  printf1.o(x$fpl$printf1)
    _printf_fp_hex                           0x0800e08f   Thumb Code     4  printf2.o(x$fpl$printf2)
    __I$use$fp                               0x0800e092   Number         0  usenofp.o(x$fpl$usenofp)
    AHBPrescTable                            0x0800e128   Data          16  system_stm32f4xx.o(.constdata)
    APBPrescTable                            0x0800e138   Data           8  system_stm32f4xx.o(.constdata)
    Region$$Table$$Base                      0x0800e27c   Number         0  anon$$obj.o(Region$$Table)
    Region$$Table$$Limit                     0x0800e29c   Number         0  anon$$obj.o(Region$$Table)
    __ctype                                  0x0800e2a9   Data           0  lc_ctype_c.o(locale$$data)
    accelTaskHandle                          0x20000004   Data           4  main.o(.data)
    sendTaskHandle                           0x20000008   Data           4  main.o(.data)
    updateTaskHandle                         0x2000000c   Data           4  main.o(.data)
    accelDataQueueHandle                     0x20000010   Data           4  main.o(.data)
    uartMutexHandle                          0x20000014   Data           4  main.o(.data)
    evt_id                                   0x20000018   Data           4  main.o(.data)
    uwTickFreq                               0x2000001c   Data           1  stm32f4xx_hal.o(.data)
    uwTickPrio                               0x20000020   Data           4  stm32f4xx_hal.o(.data)
    uwTick                                   0x20000024   Data           4  stm32f4xx_hal.o(.data)
    SystemCoreClock                          0x20000028   Data           4  system_stm32f4xx.o(.data)
    pxCurrentTCB                             0x2000002c   Data           4  tasks.o(.data)
    rx_buffer                                0x200000a8   Data          64  main.o(.bss)
    hspi1                                    0x200000e8   Data          88  main.o(.bss)
    huart2                                   0x20000140   Data          64  main.o(.bss)
    huart6                                   0x20000180   Data          64  main.o(.bss)
    signature_sector                         0x200001c0   Data          20  main.o(.bss)
    htim5                                    0x200001d4   Data          64  stm32f4xx_hal_timebase_tim.o(.bss)
    pFlash                                   0x20000214   Data          32  stm32f4xx_hal_flash.o(.bss)
    xQueueRegistry                           0x20000234   Data          64  queue.o(.bss)
    __libspace_start                         0x20004b08   Data          96  libspace.o(.bss)
    __temporary_stack_top$libspace           0x20004b68   Data           0  libspace.o(.bss)



==============================================================================

Memory Map of the image

  Image Entry point : 0x08008199

  Load Region LR_IROM1 (Base: 0x08008000, Size: 0x00006470, Max: 0x00080000, ABSOLUTE)

    Execution Region ER_IROM1 (Exec base: 0x08008000, Load base: 0x08008000, Size: 0x000063c8, Max: 0x00080000, ABSOLUTE)

    Exec Addr    Load Addr    Size         Type   Attr      Idx    E Section Name        Object

    0x08008000   0x08008000   0x00000198   Data   RO            3    RESET               startup_stm32f411xe.o
    0x08008198   0x08008198   0x00000008   Code   RO         4921  * !!!main             c_w.l(__main.o)
    0x080081a0   0x080081a0   0x00000034   Code   RO         5267    !!!scatter          c_w.l(__scatter.o)
    0x080081d4   0x080081d4   0x0000001a   Code   RO         5269    !!handler_copy      c_w.l(__scatter_copy.o)
    0x080081ee   0x080081ee   0x00000002   PAD
    0x080081f0   0x080081f0   0x0000001c   Code   RO         5271    !!handler_zi        c_w.l(__scatter_zi.o)
    0x0800820c   0x0800820c   0x00000000   Code   RO         5016    .ARM.Collect$$_printf_percent$$00000000  c_w.l(_printf_percent.o)
    0x0800820c   0x0800820c   0x00000006   Code   RO         5005    .ARM.Collect$$_printf_percent$$00000001  c_w.l(_printf_n.o)
    0x08008212   0x08008212   0x00000006   Code   RO         5007    .ARM.Collect$$_printf_percent$$00000002  c_w.l(_printf_p.o)
    0x08008218   0x08008218   0x00000006   Code   RO         5012    .ARM.Collect$$_printf_percent$$00000003  c_w.l(_printf_f.o)
    0x0800821e   0x0800821e   0x00000006   Code   RO         5013    .ARM.Collect$$_printf_percent$$00000004  c_w.l(_printf_e.o)
    0x08008224   0x08008224   0x00000006   Code   RO         5014    .ARM.Collect$$_printf_percent$$00000005  c_w.l(_printf_g.o)
    0x0800822a   0x0800822a   0x00000006   Code   RO         5015    .ARM.Collect$$_printf_percent$$00000006  c_w.l(_printf_a.o)
    0x08008230   0x08008230   0x0000000a   Code   RO         5020    .ARM.Collect$$_printf_percent$$00000007  c_w.l(_printf_ll.o)
    0x0800823a   0x0800823a   0x00000006   Code   RO         5009    .ARM.Collect$$_printf_percent$$00000008  c_w.l(_printf_i.o)
    0x08008240   0x08008240   0x00000006   Code   RO         5010    .ARM.Collect$$_printf_percent$$00000009  c_w.l(_printf_d.o)
    0x08008246   0x08008246   0x00000006   Code   RO         5011    .ARM.Collect$$_printf_percent$$0000000A  c_w.l(_printf_u.o)
    0x0800824c   0x0800824c   0x00000006   Code   RO         5008    .ARM.Collect$$_printf_percent$$0000000B  c_w.l(_printf_o.o)
    0x08008252   0x08008252   0x00000006   Code   RO         5006    .ARM.Collect$$_printf_percent$$0000000C  c_w.l(_printf_x.o)
    0x08008258   0x08008258   0x00000006   Code   RO         5017    .ARM.Collect$$_printf_percent$$0000000D  c_w.l(_printf_lli.o)
    0x0800825e   0x0800825e   0x00000006   Code   RO         5018    .ARM.Collect$$_printf_percent$$0000000E  c_w.l(_printf_lld.o)
    0x08008264   0x08008264   0x00000006   Code   RO         5019    .ARM.Collect$$_printf_percent$$0000000F  c_w.l(_printf_llu.o)
    0x0800826a   0x0800826a   0x00000006   Code   RO         5024    .ARM.Collect$$_printf_percent$$00000010  c_w.l(_printf_llo.o)
    0x08008270   0x08008270   0x00000006   Code   RO         5025    .ARM.Collect$$_printf_percent$$00000011  c_w.l(_printf_llx.o)
    0x08008276   0x08008276   0x0000000a   Code   RO         5021    .ARM.Collect$$_printf_percent$$00000012  c_w.l(_printf_l.o)
    0x08008280   0x08008280   0x00000006   Code   RO         5003    .ARM.Collect$$_printf_percent$$00000013  c_w.l(_printf_c.o)
    0x08008286   0x08008286   0x00000006   Code   RO         5004    .ARM.Collect$$_printf_percent$$00000014  c_w.l(_printf_s.o)
    0x0800828c   0x0800828c   0x00000006   Code   RO         5022    .ARM.Collect$$_printf_percent$$00000015  c_w.l(_printf_lc.o)
    0x08008292   0x08008292   0x00000006   Code   RO         5023    .ARM.Collect$$_printf_percent$$00000016  c_w.l(_printf_ls.o)
    0x08008298   0x08008298   0x00000004   Code   RO         5080    .ARM.Collect$$_printf_percent$$00000017  c_w.l(_printf_percent_end.o)
    0x0800829c   0x0800829c   0x00000002   Code   RO         5135    .ARM.Collect$$libinit$$00000000  c_w.l(libinit.o)
    0x0800829e   0x0800829e   0x00000004   Code   RO         5136    .ARM.Collect$$libinit$$00000001  c_w.l(libinit2.o)
    0x080082a2   0x080082a2   0x00000000   Code   RO         5139    .ARM.Collect$$libinit$$00000004  c_w.l(libinit2.o)
    0x080082a2   0x080082a2   0x00000000   Code   RO         5142    .ARM.Collect$$libinit$$0000000A  c_w.l(libinit2.o)
    0x080082a2   0x080082a2   0x00000000   Code   RO         5144    .ARM.Collect$$libinit$$0000000C  c_w.l(libinit2.o)
    0x080082a2   0x080082a2   0x00000000   Code   RO         5146    .ARM.Collect$$libinit$$0000000E  c_w.l(libinit2.o)
    0x080082a2   0x080082a2   0x00000006   Code   RO         5147    .ARM.Collect$$libinit$$0000000F  c_w.l(libinit2.o)
    0x080082a8   0x080082a8   0x00000000   Code   RO         5149    .ARM.Collect$$libinit$$00000011  c_w.l(libinit2.o)
    0x080082a8   0x080082a8   0x0000000c   Code   RO         5150    .ARM.Collect$$libinit$$00000012  c_w.l(libinit2.o)
    0x080082b4   0x080082b4   0x00000000   Code   RO         5151    .ARM.Collect$$libinit$$00000013  c_w.l(libinit2.o)
    0x080082b4   0x080082b4   0x00000000   Code   RO         5153    .ARM.Collect$$libinit$$00000015  c_w.l(libinit2.o)
    0x080082b4   0x080082b4   0x0000000a   Code   RO         5154    .ARM.Collect$$libinit$$00000016  c_w.l(libinit2.o)
    0x080082be   0x080082be   0x00000000   Code   RO         5155    .ARM.Collect$$libinit$$00000017  c_w.l(libinit2.o)
    0x080082be   0x080082be   0x00000000   Code   RO         5157    .ARM.Collect$$libinit$$00000019  c_w.l(libinit2.o)
    0x080082be   0x080082be   0x00000000   Code   RO         5159    .ARM.Collect$$libinit$$0000001B  c_w.l(libinit2.o)
    0x080082be   0x080082be   0x00000000   Code   RO         5161    .ARM.Collect$$libinit$$0000001D  c_w.l(libinit2.o)
    0x080082be   0x080082be   0x00000000   Code   RO         5163    .ARM.Collect$$libinit$$0000001F  c_w.l(libinit2.o)
    0x080082be   0x080082be   0x00000000   Code   RO         5165    .ARM.Collect$$libinit$$00000021  c_w.l(libinit2.o)
    0x080082be   0x080082be   0x00000000   Code   RO         5167    .ARM.Collect$$libinit$$00000023  c_w.l(libinit2.o)
    0x080082be   0x080082be   0x00000000   Code   RO         5169    .ARM.Collect$$libinit$$00000025  c_w.l(libinit2.o)
    0x080082be   0x080082be   0x00000000   Code   RO         5173    .ARM.Collect$$libinit$$0000002C  c_w.l(libinit2.o)
    0x080082be   0x080082be   0x00000000   Code   RO         5175    .ARM.Collect$$libinit$$0000002E  c_w.l(libinit2.o)
    0x080082be   0x080082be   0x00000000   Code   RO         5177    .ARM.Collect$$libinit$$00000030  c_w.l(libinit2.o)
    0x080082be   0x080082be   0x00000000   Code   RO         5179    .ARM.Collect$$libinit$$00000032  c_w.l(libinit2.o)
    0x080082be   0x080082be   0x00000002   Code   RO         5180    .ARM.Collect$$libinit$$00000033  c_w.l(libinit2.o)
    0x080082c0   0x080082c0   0x00000002   Code   RO         5232    .ARM.Collect$$libshutdown$$00000000  c_w.l(libshutdown.o)
    0x080082c2   0x080082c2   0x00000000   Code   RO         5250    .ARM.Collect$$libshutdown$$00000002  c_w.l(libshutdown2.o)
    0x080082c2   0x080082c2   0x00000000   Code   RO         5252    .ARM.Collect$$libshutdown$$00000004  c_w.l(libshutdown2.o)
    0x080082c2   0x080082c2   0x00000000   Code   RO         5255    .ARM.Collect$$libshutdown$$00000007  c_w.l(libshutdown2.o)
    0x080082c2   0x080082c2   0x00000000   Code   RO         5258    .ARM.Collect$$libshutdown$$0000000A  c_w.l(libshutdown2.o)
    0x080082c2   0x080082c2   0x00000000   Code   RO         5260    .ARM.Collect$$libshutdown$$0000000C  c_w.l(libshutdown2.o)
    0x080082c2   0x080082c2   0x00000000   Code   RO         5263    .ARM.Collect$$libshutdown$$0000000F  c_w.l(libshutdown2.o)
    0x080082c2   0x080082c2   0x00000002   Code   RO         5264    .ARM.Collect$$libshutdown$$00000010  c_w.l(libshutdown2.o)
    0x080082c4   0x080082c4   0x00000000   Code   RO         4923    .ARM.Collect$$rtentry$$00000000  c_w.l(__rtentry.o)
    0x080082c4   0x080082c4   0x00000000   Code   RO         5044    .ARM.Collect$$rtentry$$00000002  c_w.l(__rtentry2.o)
    0x080082c4   0x080082c4   0x00000006   Code   RO         5056    .ARM.Collect$$rtentry$$00000004  c_w.l(__rtentry4.o)
    0x080082ca   0x080082ca   0x00000000   Code   RO         5046    .ARM.Collect$$rtentry$$00000009  c_w.l(__rtentry2.o)
    0x080082ca   0x080082ca   0x00000004   Code   RO         5047    .ARM.Collect$$rtentry$$0000000A  c_w.l(__rtentry2.o)
    0x080082ce   0x080082ce   0x00000000   Code   RO         5049    .ARM.Collect$$rtentry$$0000000C  c_w.l(__rtentry2.o)
    0x080082ce   0x080082ce   0x00000008   Code   RO         5050    .ARM.Collect$$rtentry$$0000000D  c_w.l(__rtentry2.o)
    0x080082d6   0x080082d6   0x00000002   Code   RO         5186    .ARM.Collect$$rtexit$$00000000  c_w.l(rtexit.o)
    0x080082d8   0x080082d8   0x00000000   Code   RO         5201    .ARM.Collect$$rtexit$$00000002  c_w.l(rtexit2.o)
    0x080082d8   0x080082d8   0x00000004   Code   RO         5202    .ARM.Collect$$rtexit$$00000003  c_w.l(rtexit2.o)
    0x080082dc   0x080082dc   0x00000006   Code   RO         5203    .ARM.Collect$$rtexit$$00000004  c_w.l(rtexit2.o)
    0x080082e2   0x080082e2   0x00000002   PAD
    0x080082e4   0x080082e4   0x000000be   Code   RO         4811    .emb_text           port.o
    0x080083a2   0x080083a2   0x00000002   PAD
    0x080083a4   0x080083a4   0x00000040   Code   RO            4    .text               startup_stm32f411xe.o
    0x080083e4   0x080083e4   0x000000ee   Code   RO         4890    .text               c_w.l(lludivv7m.o)
    0x080084d2   0x080084d2   0x00000002   PAD
    0x080084d4   0x080084d4   0x00000024   Code   RO         4892    .text               c_w.l(vsprintf.o)
    0x080084f8   0x080084f8   0x0000002c   Code   RO         4894    .text               c_w.l(__2sprintf.o)
    0x08008524   0x08008524   0x00000070   Code   RO         4898    .text               c_w.l(strtol.o)
    0x08008594   0x08008594   0x0000000c   Code   RO         4900    .text               c_w.l(strtok.o)
    0x080085a0   0x080085a0   0x00000048   Code   RO         4903    .text               c_w.l(strcpy.o)
    0x080085e8   0x080085e8   0x0000003e   Code   RO         4905    .text               c_w.l(strlen.o)
    0x08008626   0x08008626   0x0000008a   Code   RO         4907    .text               c_w.l(rt_memcpy_v6.o)
    0x080086b0   0x080086b0   0x00000064   Code   RO         4909    .text               c_w.l(rt_memcpy_w.o)
    0x08008714   0x08008714   0x00000010   Code   RO         4913    .text               c_w.l(aeabi_memset.o)
    0x08008724   0x08008724   0x0000004e   Code   RO         4915    .text               c_w.l(rt_memclr_w.o)
    0x08008772   0x08008772   0x00000002   PAD
    0x08008774   0x08008774   0x00000080   Code   RO         4917    .text               c_w.l(strcmpv7m.o)
    0x080087f4   0x080087f4   0x00000006   Code   RO         4919    .text               c_w.l(heapauxi.o)
    0x080087fa   0x080087fa   0x00000002   PAD
    0x080087fc   0x080087fc   0x00000010   Code   RO         4924    .text               c_w.l(rt_ctype_table.o)
    0x0800880c   0x0800880c   0x00000008   Code   RO         4933    .text               c_w.l(rt_errno_addr_intlibspace.o)
    0x08008814   0x08008814   0x0000004e   Code   RO         4937    .text               c_w.l(_printf_pad.o)
    0x08008862   0x08008862   0x00000024   Code   RO         4939    .text               c_w.l(_printf_truncate.o)
    0x08008886   0x08008886   0x00000052   Code   RO         4941    .text               c_w.l(_printf_str.o)
    0x080088d8   0x080088d8   0x00000078   Code   RO         4943    .text               c_w.l(_printf_dec.o)
    0x08008950   0x08008950   0x00000028   Code   RO         4945    .text               c_w.l(_printf_charcount.o)
    0x08008978   0x08008978   0x00000030   Code   RO         4947    .text               c_w.l(_printf_char_common.o)
    0x080089a8   0x080089a8   0x0000000a   Code   RO         4949    .text               c_w.l(_sputc.o)
    0x080089b2   0x080089b2   0x00000002   PAD
    0x080089b4   0x080089b4   0x000000bc   Code   RO         4951    .text               c_w.l(_printf_wctomb.o)
    0x08008a70   0x08008a70   0x0000007c   Code   RO         4954    .text               c_w.l(_printf_longlong_dec.o)
    0x08008aec   0x08008aec   0x00000070   Code   RO         4960    .text               c_w.l(_printf_oct_int_ll.o)
    0x08008b5c   0x08008b5c   0x00000094   Code   RO         4980    .text               c_w.l(_printf_hex_int_ll_ptr.o)
    0x08008bf0   0x08008bf0   0x00000188   Code   RO         5000    .text               c_w.l(__printf_flags_ss_wp.o)
    0x08008d78   0x08008d78   0x0000009e   Code   RO         5026    .text               c_w.l(_strtoul.o)
    0x08008e16   0x08008e16   0x00000002   PAD
    0x08008e18   0x08008e18   0x00000044   Code   RO         5028    .text               c_w.l(strtok_int.o)
    0x08008e5c   0x08008e5c   0x00000044   Code   RO         5030    .text               c_w.l(rt_memclr.o)
    0x08008ea0   0x08008ea0   0x00000008   Code   RO         5040    .text               c_w.l(libspace.o)
    0x08008ea8   0x08008ea8   0x00000008   Code   RO         5063    .text               c_w.l(rt_locale_intlibspace.o)
    0x08008eb0   0x08008eb0   0x0000008a   Code   RO         5065    .text               c_w.l(lludiv10.o)
    0x08008f3a   0x08008f3a   0x000000b2   Code   RO         5067    .text               c_w.l(_printf_intcommon.o)
    0x08008fec   0x08008fec   0x0000041e   Code   RO         5069    .text               c_w.l(_printf_fp_dec.o)
    0x0800940a   0x0800940a   0x00000002   PAD
    0x0800940c   0x0800940c   0x000002fc   Code   RO         5071    .text               c_w.l(_printf_fp_hex.o)
    0x08009708   0x08009708   0x0000002c   Code   RO         5076    .text               c_w.l(_printf_char.o)
    0x08009734   0x08009734   0x0000002c   Code   RO         5078    .text               c_w.l(_printf_wchar.o)
    0x08009760   0x08009760   0x0000001c   Code   RO         5081    .text               c_w.l(_chval.o)
    0x0800977c   0x0800977c   0x00000040   Code   RO         5083    .text               c_w.l(_wcrtomb.o)
    0x080097bc   0x080097bc   0x00000020   Code   RO         5088    .text               c_w.l(strcspn.o)
    0x080097dc   0x080097dc   0x0000001c   Code   RO         5090    .text               c_w.l(strspn.o)
    0x080097f8   0x080097f8   0x0000004a   Code   RO         5092    .text               c_w.l(sys_stackheap_outer.o)
    0x08009842   0x08009842   0x00000002   PAD
    0x08009844   0x08009844   0x00000080   Code   RO         5094    .text               c_w.l(_printf_fp_infnan.o)
    0x080098c4   0x080098c4   0x000000e4   Code   RO         5096    .text               c_w.l(bigflt0.o)
    0x080099a8   0x080099a8   0x00000012   Code   RO         5124    .text               c_w.l(exit.o)
    0x080099ba   0x080099ba   0x00000002   PAD
    0x080099bc   0x080099bc   0x0000000c   Code   RO         5198    .text               c_w.l(sys_exit.o)
    0x080099c8   0x080099c8   0x00000002   Code   RO         5219    .text               c_w.l(use_no_semi.o)
    0x080099ca   0x080099ca   0x00000000   Code   RO         5221    .text               c_w.l(indicate_semi.o)
    0x080099ca   0x080099ca   0x0000003e   Code   RO         5099    CL$$btod_d2e        c_w.l(btod.o)
    0x08009a08   0x08009a08   0x00000046   Code   RO         5101    CL$$btod_d2e_denorm_low  c_w.l(btod.o)
    0x08009a4e   0x08009a4e   0x00000060   Code   RO         5100    CL$$btod_d2e_norm_op1  c_w.l(btod.o)
    0x08009aae   0x08009aae   0x00000338   Code   RO         5109    CL$$btod_div_common  c_w.l(btod.o)
    0x08009de6   0x08009de6   0x000000dc   Code   RO         5106    CL$$btod_e2e        c_w.l(btod.o)
    0x08009ec2   0x08009ec2   0x0000002a   Code   RO         5103    CL$$btod_ediv       c_w.l(btod.o)
    0x08009eec   0x08009eec   0x0000002a   Code   RO         5102    CL$$btod_emul       c_w.l(btod.o)
    0x08009f16   0x08009f16   0x00000244   Code   RO         5108    CL$$btod_mult_common  c_w.l(btod.o)
    0x0800a15a   0x0800a15a   0x00000002   PAD
    0x0800a15c   0x0800a15c   0x00000068   Code   RO           13    i.AccelReadThread   main.o
    0x0800a1c4   0x0800a1c4   0x00000002   Code   RO          294    i.BusFault_Handler  stm32f4xx_it.o
    0x0800a1c6   0x0800a1c6   0x00000002   Code   RO          295    i.DebugMon_Handler  stm32f4xx_it.o
    0x0800a1c8   0x0800a1c8   0x00000006   Code   RO          296    i.EXTI0_IRQHandler  stm32f4xx_it.o
    0x0800a1ce   0x0800a1ce   0x00000002   PAD
    0x0800a1d0   0x0800a1d0   0x00000050   Code   RO         2307    i.FLASH_Erase_Sector  stm32f4xx_hal_flash_ex.o
    0x0800a220   0x0800a220   0x00000020   Code   RO         2189    i.FLASH_Program_Byte  stm32f4xx_hal_flash.o
    0x0800a240   0x0800a240   0x00000028   Code   RO         2190    i.FLASH_Program_DoubleWord  stm32f4xx_hal_flash.o
    0x0800a268   0x0800a268   0x00000024   Code   RO         2191    i.FLASH_Program_HalfWord  stm32f4xx_hal_flash.o
    0x0800a28c   0x0800a28c   0x00000024   Code   RO         2192    i.FLASH_Program_Word  stm32f4xx_hal_flash.o
    0x0800a2b0   0x0800a2b0   0x0000007c   Code   RO         2193    i.FLASH_SetErrorCode  stm32f4xx_hal_flash.o
    0x0800a32c   0x0800a32c   0x00000050   Code   RO         2194    i.FLASH_WaitForLastOperation  stm32f4xx_hal_flash.o
    0x0800a37c   0x0800a37c   0x00000014   Code   RO         2198    i.HAL_FLASH_Lock    stm32f4xx_hal_flash.o
    0x0800a390   0x0800a390   0x0000007c   Code   RO         2203    i.HAL_FLASH_Program  stm32f4xx_hal_flash.o
    0x0800a40c   0x0800a40c   0x0000002c   Code   RO         2205    i.HAL_FLASH_Unlock  stm32f4xx_hal_flash.o
    0x0800a438   0x0800a438   0x00000034   Code   RO           15    i.HAL_GPIO_EXTI_Callback  main.o
    0x0800a46c   0x0800a46c   0x00000018   Code   RO         2435    i.HAL_GPIO_EXTI_IRQHandler  stm32f4xx_hal_gpio.o
    0x0800a484   0x0800a484   0x00000188   Code   RO         2436    i.HAL_GPIO_Init     stm32f4xx_hal_gpio.o
    0x0800a60c   0x0800a60c   0x0000000a   Code   RO         2440    i.HAL_GPIO_WritePin  stm32f4xx_hal_gpio.o
    0x0800a616   0x0800a616   0x00000002   PAD
    0x0800a618   0x0800a618   0x0000000c   Code   RO         2992    i.HAL_GetTick       stm32f4xx_hal.o
    0x0800a624   0x0800a624   0x00000010   Code   RO         2998    i.HAL_IncTick       stm32f4xx_hal.o
    0x0800a634   0x0800a634   0x00000034   Code   RO         2999    i.HAL_Init          stm32f4xx_hal.o
    0x0800a668   0x0800a668   0x00000074   Code   RO          412    i.HAL_InitTick      stm32f4xx_hal_timebase_tim.o
    0x0800a6dc   0x0800a6dc   0x00000038   Code   RO          364    i.HAL_MspInit       stm32f4xx_hal_msp.o
    0x0800a714   0x0800a714   0x0000001a   Code   RO         2849    i.HAL_NVIC_EnableIRQ  stm32f4xx_hal_cortex.o
    0x0800a72e   0x0800a72e   0x00000002   PAD
    0x0800a730   0x0800a730   0x00000040   Code   RO         2855    i.HAL_NVIC_SetPriority  stm32f4xx_hal_cortex.o
    0x0800a770   0x0800a770   0x00000024   Code   RO         2856    i.HAL_NVIC_SetPriorityGrouping  stm32f4xx_hal_cortex.o
    0x0800a794   0x0800a794   0x00000130   Code   RO         2028    i.HAL_RCC_ClockConfig  stm32f4xx_hal_rcc.o
    0x0800a8c4   0x0800a8c4   0x00000040   Code   RO         2032    i.HAL_RCC_GetClockConfig  stm32f4xx_hal_rcc.o
    0x0800a904   0x0800a904   0x00000020   Code   RO         2035    i.HAL_RCC_GetPCLK1Freq  stm32f4xx_hal_rcc.o
    0x0800a924   0x0800a924   0x00000020   Code   RO         2036    i.HAL_RCC_GetPCLK2Freq  stm32f4xx_hal_rcc.o
    0x0800a944   0x0800a944   0x00000064   Code   RO         2037    i.HAL_RCC_GetSysClockFreq  stm32f4xx_hal_rcc.o
    0x0800a9a8   0x0800a9a8   0x0000031c   Code   RO         2040    i.HAL_RCC_OscConfig  stm32f4xx_hal_rcc.o
    0x0800acc4   0x0800acc4   0x00000080   Code   RO          462    i.HAL_SPI_Init      stm32f4xx_hal_spi.o
    0x0800ad44   0x0800ad44   0x00000068   Code   RO          366    i.HAL_SPI_MspInit   stm32f4xx_hal_msp.o
    0x0800adac   0x0800adac   0x00000002   Code   RO         1450    i.HAL_TIMEx_BreakCallback  stm32f4xx_hal_tim_ex.o
    0x0800adae   0x0800adae   0x00000002   Code   RO         1451    i.HAL_TIMEx_CommutCallback  stm32f4xx_hal_tim_ex.o
    0x0800adb0   0x0800adb0   0x00000036   Code   RO          775    i.HAL_TIM_Base_Init  stm32f4xx_hal_tim.o
    0x0800ade6   0x0800ade6   0x00000002   Code   RO          777    i.HAL_TIM_Base_MspInit  stm32f4xx_hal_tim.o
    0x0800ade8   0x0800ade8   0x00000022   Code   RO          780    i.HAL_TIM_Base_Start_IT  stm32f4xx_hal_tim.o
    0x0800ae0a   0x0800ae0a   0x00000002   Code   RO          804    i.HAL_TIM_IC_CaptureCallback  stm32f4xx_hal_tim.o
    0x0800ae0c   0x0800ae0c   0x00000166   Code   RO          818    i.HAL_TIM_IRQHandler  stm32f4xx_hal_tim.o
    0x0800af72   0x0800af72   0x00000002   Code   RO          821    i.HAL_TIM_OC_DelayElapsedCallback  stm32f4xx_hal_tim.o
    0x0800af74   0x0800af74   0x00000002   Code   RO          848    i.HAL_TIM_PWM_PulseFinishedCallback  stm32f4xx_hal_tim.o
    0x0800af76   0x0800af76   0x00000002   PAD
    0x0800af78   0x0800af78   0x00000014   Code   RO           16    i.HAL_TIM_PeriodElapsedCallback  main.o
    0x0800af8c   0x0800af8c   0x00000002   Code   RO          861    i.HAL_TIM_TriggerCallback  stm32f4xx_hal_tim.o
    0x0800af8e   0x0800af8e   0x00000062   Code   RO         1726    i.HAL_UART_Init     stm32f4xx_hal_uart.o
    0x0800aff0   0x0800aff0   0x000000a8   Code   RO          368    i.HAL_UART_MspInit  stm32f4xx_hal_msp.o
    0x0800b098   0x0800b098   0x000000b8   Code   RO         1729    i.HAL_UART_Receive  stm32f4xx_hal_uart.o
    0x0800b150   0x0800b150   0x000000ba   Code   RO         1734    i.HAL_UART_Transmit  stm32f4xx_hal_uart.o
    0x0800b20a   0x0800b20a   0x00000002   Code   RO          297    i.HardFault_Handler  stm32f4xx_it.o
    0x0800b20c   0x0800b20c   0x000000d0   Code   RO           17    i.MX_GPIO_Init      main.o
    0x0800b2dc   0x0800b2dc   0x00000038   Code   RO           18    i.MX_SPI1_Init      main.o
    0x0800b314   0x0800b314   0x00000002   Code   RO          298    i.MemManage_Handler  stm32f4xx_it.o
    0x0800b316   0x0800b316   0x00000002   Code   RO          299    i.NMI_Handler       stm32f4xx_it.o
    0x0800b318   0x0800b318   0x0000002c   Code   RO         4812    i.SysTick_Handler   port.o
    0x0800b344   0x0800b344   0x00000088   Code   RO           19    i.SystemClock_Config  main.o
    0x0800b3cc   0x0800b3cc   0x00000058   Code   RO         3235    i.SystemInit        system_stm32f4xx.o
    0x0800b424   0x0800b424   0x0000000c   Code   RO          300    i.TIM5_IRQHandler   stm32f4xx_it.o
    0x0800b430   0x0800b430   0x00000098   Code   RO          863    i.TIM_Base_SetConfig  stm32f4xx_hal_tim.o
    0x0800b4c8   0x0800b4c8   0x00000080   Code   RO           20    i.TransmitUartThread  main.o
    0x0800b548   0x0800b548   0x000002ac   Code   RO         1752    i.UART_SetConfig    stm32f4xx_hal_uart.o
    0x0800b7f4   0x0800b7f4   0x00000064   Code   RO         1754    i.UART_WaitOnFlagUntilTimeout  stm32f4xx_hal_uart.o
    0x0800b858   0x0800b858   0x000001f4   Code   RO           21    i.UpdateHandleThread  main.o
    0x0800ba4c   0x0800ba4c   0x00000002   Code   RO          301    i.UsageFault_Handler  stm32f4xx_it.o
    0x0800ba4e   0x0800ba4e   0x00000030   Code   RO         5184    i.__ARM_fpclassify  m_wm.l(fpclassify.o)
    0x0800ba7e   0x0800ba7e   0x00000020   Code   RO         2862    i.__NVIC_SetPriority  stm32f4xx_hal_cortex.o
    0x0800ba9e   0x0800ba9e   0x0000000e   Code   RO         4993    i._is_digit         c_w.l(__printf_wp.o)
    0x0800baac   0x0800baac   0x00000100   Code   RO           22    i.main              main.o
    0x0800bbac   0x0800bbac   0x00000034   Code   RO         4341    i.osDelay           cmsis_os2.o
    0x0800bbe0   0x0800bbe0   0x00000058   Code   RO         4343    i.osEventFlagsClear  cmsis_os2.o
    0x0800bc38   0x0800bc38   0x00000044   Code   RO         4346    i.osEventFlagsNew   cmsis_os2.o
    0x0800bc7c   0x0800bc7c   0x0000006c   Code   RO         4347    i.osEventFlagsSet   cmsis_os2.o
    0x0800bce8   0x0800bce8   0x0000007c   Code   RO         4348    i.osEventFlagsWait  cmsis_os2.o
    0x0800bd64   0x0800bd64   0x00000038   Code   RO         4355    i.osKernelInitialize  cmsis_os2.o
    0x0800bd9c   0x0800bd9c   0x00000040   Code   RO         4358    i.osKernelStart     cmsis_os2.o
    0x0800bddc   0x0800bddc   0x0000007c   Code   RO         4361    i.osMessageQueueGet  cmsis_os2.o
    0x0800be58   0x0800be58   0x00000074   Code   RO         4366    i.osMessageQueueNew  cmsis_os2.o
    0x0800becc   0x0800becc   0x00000080   Code   RO         4367    i.osMessageQueuePut  cmsis_os2.o
    0x0800bf4c   0x0800bf4c   0x0000006c   Code   RO         4369    i.osMutexAcquire    cmsis_os2.o
    0x0800bfb8   0x0800bfb8   0x00000080   Code   RO         4372    i.osMutexNew        cmsis_os2.o
    0x0800c038   0x0800c038   0x0000005c   Code   RO         4373    i.osMutexRelease    cmsis_os2.o
    0x0800c094   0x0800c094   0x000000a4   Code   RO         4392    i.osThreadNew       cmsis_os2.o
    0x0800c138   0x0800c138   0x00000068   Code   RO           23    i.parsing_update_request  main.o
    0x0800c1a0   0x0800c1a0   0x0000005c   Code   RO         3837    i.prvAddCurrentTaskToDelayedList  tasks.o
    0x0800c1fc   0x0800c1fc   0x000000d0   Code   RO         3838    i.prvAddNewTaskToReadyList  tasks.o
    0x0800c2cc   0x0800c2cc   0x00000058   Code   RO         4187    i.prvCheckForValidListAndQueue  timers.o
    0x0800c324   0x0800c324   0x00000026   Code   RO         3440    i.prvCopyDataFromQueue  queue.o
    0x0800c34a   0x0800c34a   0x0000006c   Code   RO         3441    i.prvCopyDataToQueue  queue.o
    0x0800c3b6   0x0800c3b6   0x00000034   Code   RO         3839    i.prvDeleteTCB      tasks.o
    0x0800c3ea   0x0800c3ea   0x00000002   PAD
    0x0800c3ec   0x0800c3ec   0x0000004c   Code   RO         4762    i.prvHeapInit       heap_4.o
    0x0800c438   0x0800c438   0x00000060   Code   RO         3840    i.prvIdleTask       tasks.o
    0x0800c498   0x0800c498   0x00000016   Code   RO         3442    i.prvInitialiseMutex  queue.o
    0x0800c4ae   0x0800c4ae   0x00000002   PAD
    0x0800c4b0   0x0800c4b0   0x00000022   Code   RO         3443    i.prvInitialiseNewQueue  queue.o
    0x0800c4d2   0x0800c4d2   0x0000009c   Code   RO         3841    i.prvInitialiseNewTask  tasks.o
    0x0800c56e   0x0800c56e   0x00000002   PAD
    0x0800c570   0x0800c570   0x0000004c   Code   RO         4763    i.prvInsertBlockIntoFreeList  heap_4.o
    0x0800c5bc   0x0800c5bc   0x00000038   Code   RO         4189    i.prvInsertTimerInActiveList  timers.o
    0x0800c5f4   0x0800c5f4   0x0000001c   Code   RO         3444    i.prvIsQueueEmpty   queue.o
    0x0800c610   0x0800c610   0x000000cc   Code   RO         4190    i.prvProcessReceivedCommands  timers.o
    0x0800c6dc   0x0800c6dc   0x000000b4   Code   RO         4191    i.prvProcessTimerOrBlockTask  timers.o
    0x0800c790   0x0800c790   0x00000020   Code   RO         3843    i.prvResetNextTaskUnblockTime  tasks.o
    0x0800c7b0   0x0800c7b0   0x00000028   Code   RO         4192    i.prvSampleTimeNow  timers.o
    0x0800c7d8   0x0800c7d8   0x0000006c   Code   RO         4193    i.prvSwitchTimerLists  timers.o
    0x0800c844   0x0800c844   0x00000028   Code   RO         4813    i.prvTaskExitError  port.o
    0x0800c86c   0x0800c86c   0x00000014   Code   RO         3278    i.prvTestWaitCondition  event_groups.o
    0x0800c880   0x0800c880   0x00000024   Code   RO         4194    i.prvTimerTask      timers.o
    0x0800c8a4   0x0800c8a4   0x0000006a   Code   RO         3445    i.prvUnlockQueue    queue.o
    0x0800c90e   0x0800c90e   0x00000002   PAD
    0x0800c910   0x0800c910   0x000000d8   Code   RO         4764    i.pvPortMalloc      heap_4.o
    0x0800c9e8   0x0800c9e8   0x00000018   Code   RO         3846    i.pvTaskIncrementMutexHeldCount  tasks.o
    0x0800ca00   0x0800ca00   0x0000002c   Code   RO         4814    i.pxPortInitialiseStack  port.o
    0x0800ca2c   0x0800ca2c   0x0000002c   Code   RO           24    i.strrev            main.o
    0x0800ca58   0x0800ca58   0x00000026   Code   RO         3400    i.uxListRemove      list.o
    0x0800ca7e   0x0800ca7e   0x00000002   PAD
    0x0800ca80   0x0800ca80   0x00000018   Code   RO         3854    i.uxTaskResetEventItemValue  tasks.o
    0x0800ca98   0x0800ca98   0x00000014   Code   RO         4404    i.vApplicationGetIdleTaskMemory  cmsis_os2.o
    0x0800caac   0x0800caac   0x00000018   Code   RO         4405    i.vApplicationGetTimerTaskMemory  cmsis_os2.o
    0x0800cac4   0x0800cac4   0x00000004   Code   RO         3280    i.vEventGroupClearBitsCallback  event_groups.o
    0x0800cac8   0x0800cac8   0x00000004   Code   RO         3282    i.vEventGroupSetBitsCallback  event_groups.o
    0x0800cacc   0x0800cacc   0x00000016   Code   RO         3401    i.vListInitialise   list.o
    0x0800cae2   0x0800cae2   0x00000006   Code   RO         3402    i.vListInitialiseItem  list.o
    0x0800cae8   0x0800cae8   0x00000030   Code   RO         3403    i.vListInsert       list.o
    0x0800cb18   0x0800cb18   0x00000018   Code   RO         3404    i.vListInsertEnd    list.o
    0x0800cb30   0x0800cb30   0x00000040   Code   RO         4816    i.vPortEnterCritical  port.o
    0x0800cb70   0x0800cb70   0x00000028   Code   RO         4817    i.vPortExitCritical  port.o
    0x0800cb98   0x0800cb98   0x0000005c   Code   RO         4765    i.vPortFree         heap_4.o
    0x0800cbf4   0x0800cbf4   0x00000024   Code   RO         4818    i.vPortSetupTimerInterrupt  port.o
    0x0800cc18   0x0800cc18   0x00000054   Code   RO         4819    i.vPortValidateInterruptPriority  port.o
    0x0800cc6c   0x0800cc6c   0x00000028   Code   RO         3451    i.vQueueAddToRegistry  queue.o
    0x0800cc94   0x0800cc94   0x00000044   Code   RO         3455    i.vQueueWaitForMessageRestricted  queue.o
    0x0800ccd8   0x0800ccd8   0x0000004c   Code   RO         3855    i.vTaskDelay        tasks.o
    0x0800cd24   0x0800cd24   0x00000010   Code   RO         3860    i.vTaskInternalSetTimeOutState  tasks.o
    0x0800cd34   0x0800cd34   0x0000000c   Code   RO         3861    i.vTaskMissedYield  tasks.o
    0x0800cd40   0x0800cd40   0x00000030   Code   RO         3863    i.vTaskPlaceOnEventList  tasks.o
    0x0800cd70   0x0800cd70   0x00000038   Code   RO         3864    i.vTaskPlaceOnEventListRestricted  tasks.o
    0x0800cda8   0x0800cda8   0x00000050   Code   RO         3865    i.vTaskPlaceOnUnorderedEventList  tasks.o
    0x0800cdf8   0x0800cdf8   0x00000090   Code   RO         3866    i.vTaskPriorityDisinheritAfterTimeout  tasks.o
    0x0800ce88   0x0800ce88   0x00000070   Code   RO         3868    i.vTaskRemoveFromUnorderedEventList  tasks.o
    0x0800cef8   0x0800cef8   0x00000088   Code   RO         3872    i.vTaskStartScheduler  tasks.o
    0x0800cf80   0x0800cf80   0x00000010   Code   RO         3874    i.vTaskSuspendAll   tasks.o
    0x0800cf90   0x0800cf90   0x00000064   Code   RO         3875    i.vTaskSwitchContext  tasks.o
    0x0800cff4   0x0800cff4   0x0000005c   Code   RO           25    i.write_to_flash_word  main.o
    0x0800d050   0x0800d050   0x00000040   Code   RO         3284    i.xEventGroupClearBits  event_groups.o
    0x0800d090   0x0800d090   0x00000010   Code   RO         3285    i.xEventGroupClearBitsFromISR  event_groups.o
    0x0800d0a0   0x0800d0a0   0x0000001c   Code   RO         3286    i.xEventGroupCreate  event_groups.o
    0x0800d0bc   0x0800d0bc   0x0000002c   Code   RO         3287    i.xEventGroupCreateStatic  event_groups.o
    0x0800d0e8   0x0800d0e8   0x0000001a   Code   RO         3288    i.xEventGroupGetBitsFromISR  event_groups.o
    0x0800d102   0x0800d102   0x0000008c   Code   RO         3289    i.xEventGroupSetBits  event_groups.o
    0x0800d18e   0x0800d18e   0x00000002   PAD
    0x0800d190   0x0800d190   0x00000010   Code   RO         3290    i.xEventGroupSetBitsFromISR  event_groups.o
    0x0800d1a0   0x0800d1a0   0x00000108   Code   RO         3292    i.xEventGroupWaitBits  event_groups.o
    0x0800d2a8   0x0800d2a8   0x000000f4   Code   RO         4820    i.xPortStartScheduler  port.o
    0x0800d39c   0x0800d39c   0x00000016   Code   RO         3458    i.xQueueCreateMutex  queue.o
    0x0800d3b2   0x0800d3b2   0x0000001a   Code   RO         3459    i.xQueueCreateMutexStatic  queue.o
    0x0800d3cc   0x0800d3cc   0x00000048   Code   RO         3460    i.xQueueGenericCreate  queue.o
    0x0800d414   0x0800d414   0x00000066   Code   RO         3461    i.xQueueGenericCreateStatic  queue.o
    0x0800d47a   0x0800d47a   0x00000002   PAD
    0x0800d47c   0x0800d47c   0x00000088   Code   RO         3462    i.xQueueGenericReset  queue.o
    0x0800d504   0x0800d504   0x00000160   Code   RO         3463    i.xQueueGenericSend  queue.o
    0x0800d664   0x0800d664   0x000000bc   Code   RO         3464    i.xQueueGenericSendFromISR  queue.o
    0x0800d720   0x0800d720   0x0000003e   Code   RO         3468    i.xQueueGiveMutexRecursive  queue.o
    0x0800d75e   0x0800d75e   0x00000002   PAD
    0x0800d760   0x0800d760   0x00000138   Code   RO         3473    i.xQueueReceive     queue.o
    0x0800d898   0x0800d898   0x0000009a   Code   RO         3474    i.xQueueReceiveFromISR  queue.o
    0x0800d932   0x0800d932   0x00000002   PAD
    0x0800d934   0x0800d934   0x00000178   Code   RO         3475    i.xQueueSemaphoreTake  queue.o
    0x0800daac   0x0800daac   0x00000040   Code   RO         3476    i.xQueueTakeMutexRecursive  queue.o
    0x0800daec   0x0800daec   0x00000074   Code   RO         3876    i.xTaskCheckForTimeOut  tasks.o
    0x0800db60   0x0800db60   0x0000005a   Code   RO         3877    i.xTaskCreate       tasks.o
    0x0800dbba   0x0800dbba   0x00000056   Code   RO         3878    i.xTaskCreateStatic  tasks.o
    0x0800dc10   0x0800dc10   0x0000000c   Code   RO         3881    i.xTaskGetCurrentTaskHandle  tasks.o
    0x0800dc1c   0x0800dc1c   0x0000001c   Code   RO         3882    i.xTaskGetSchedulerState  tasks.o
    0x0800dc38   0x0800dc38   0x0000000c   Code   RO         3883    i.xTaskGetTickCount  tasks.o
    0x0800dc44   0x0800dc44   0x000000c8   Code   RO         3885    i.xTaskIncrementTick  tasks.o
    0x0800dd0c   0x0800dd0c   0x00000080   Code   RO         3888    i.xTaskPriorityDisinherit  tasks.o
    0x0800dd8c   0x0800dd8c   0x00000078   Code   RO         3889    i.xTaskPriorityInherit  tasks.o
    0x0800de04   0x0800de04   0x00000070   Code   RO         3890    i.xTaskRemoveFromEventList  tasks.o
    0x0800de74   0x0800de74   0x000000c4   Code   RO         3891    i.xTaskResumeAll    tasks.o
    0x0800df38   0x0800df38   0x00000060   Code   RO         4201    i.xTimerCreateTimerTask  timers.o
    0x0800df98   0x0800df98   0x00000068   Code   RO         4202    i.xTimerGenericCommand  timers.o
    0x0800e000   0x0800e000   0x00000028   Code   RO         4208    i.xTimerPendFunctionCallFromISR  timers.o
    0x0800e028   0x0800e028   0x0000002c   Code   RO         5086    locale$$code        c_w.l(lc_ctype_c.o)
    0x0800e054   0x0800e054   0x0000002c   Code   RO         5122    locale$$code        c_w.l(lc_numeric_c.o)
    0x0800e080   0x0800e080   0x0000000a   Code   RO         5196    x$fpl$fpinit        fz_wm.l(fpinit.o)
    0x0800e08a   0x0800e08a   0x00000004   Code   RO         5032    x$fpl$printf1       fz_wm.l(printf1.o)
    0x0800e08e   0x0800e08e   0x00000004   Code   RO         5034    x$fpl$printf2       fz_wm.l(printf2.o)
    0x0800e092   0x0800e092   0x00000000   Code   RO         5183    x$fpl$usenofp       fz_wm.l(usenofp.o)
    0x0800e092   0x0800e092   0x00000002   PAD
    0x0800e094   0x0800e094   0x00000094   Data   RO           27    .constdata          main.o
    0x0800e128   0x0800e128   0x00000010   Data   RO         3236    .constdata          system_stm32f4xx.o
    0x0800e138   0x0800e138   0x00000008   Data   RO         3237    .constdata          system_stm32f4xx.o
    0x0800e140   0x0800e140   0x00000008   Data   RO         4952    .constdata          c_w.l(_printf_wctomb.o)
    0x0800e148   0x0800e148   0x00000028   Data   RO         4981    .constdata          c_w.l(_printf_hex_int_ll_ptr.o)
    0x0800e170   0x0800e170   0x00000011   Data   RO         5001    .constdata          c_w.l(__printf_flags_ss_wp.o)
    0x0800e181   0x0800e181   0x00000026   Data   RO         5072    .constdata          c_w.l(_printf_fp_hex.o)
    0x0800e1a7   0x0800e1a7   0x00000001   PAD
    0x0800e1a8   0x0800e1a8   0x00000094   Data   RO         5097    .constdata          c_w.l(bigflt0.o)
    0x0800e23c   0x0800e23c   0x0000003e   Data   RO           28    .conststring        main.o
    0x0800e27a   0x0800e27a   0x00000002   PAD
    0x0800e27c   0x0800e27c   0x00000020   Data   RO         5265    Region$$Table       anon$$obj.o
    0x0800e29c   0x0800e29c   0x00000110   Data   RO         5085    locale$$data        c_w.l(lc_ctype_c.o)
    0x0800e3ac   0x0800e3ac   0x0000001c   Data   RO         5121    locale$$data        c_w.l(lc_numeric_c.o)


    Execution Region RW_IRAM1 (Exec base: 0x20000000, Load base: 0x0800e3c8, Size: 0x00005168, Max: 0x00020000, ABSOLUTE)

    Exec Addr    Load Addr    Size         Type   Attr      Idx    E Section Name        Object

    0x20000000   0x0800e3c8   0x0000001c   Data   RW           29    .data               main.o
    0x2000001c   0x0800e3e4   0x0000000c   Data   RW         3006    .data               stm32f4xx_hal.o
    0x20000028   0x0800e3f0   0x00000004   Data   RW         3238    .data               system_stm32f4xx.o
    0x2000002c   0x0800e3f4   0x0000003c   Data   RW         3894    .data               tasks.o
    0x20000068   0x0800e430   0x00000014   Data   RW         4210    .data               timers.o
    0x2000007c   0x0800e444   0x00000004   Data   RW         4407    .data               cmsis_os2.o
    0x20000080   0x0800e448   0x00000018   Data   RW         4770    .data               heap_4.o
    0x20000098   0x0800e460   0x0000000c   Data   RW         4821    .data               port.o
    0x200000a4   0x0800e46c   0x00000004   Data   RW         4901    .data               c_w.l(strtok.o)
    0x200000a8        -       0x0000012c   Zero   RW           26    .bss                main.o
    0x200001d4        -       0x00000040   Zero   RW          415    .bss                stm32f4xx_hal_timebase_tim.o
    0x20000214        -       0x00000020   Zero   RW         2206    .bss                stm32f4xx_hal_flash.o
    0x20000234        -       0x00000040   Zero   RW         3477    .bss                queue.o
    0x20000274        -       0x000004c4   Zero   RW         3893    .bss                tasks.o
    0x20000738        -       0x00000118   Zero   RW         4209    .bss                timers.o
    0x20000850        -       0x000006b8   Zero   RW         4406    .bss                cmsis_os2.o
    0x20000f08        -       0x00003c00   Zero   RW         4769    .bss                heap_4.o
    0x20004b08        -       0x00000060   Zero   RW         5041    .bss                c_w.l(libspace.o)
    0x20004b68        -       0x00000200   Zero   RW            2    HEAP                startup_stm32f411xe.o
    0x20004d68        -       0x00000400   Zero   RW            1    STACK               startup_stm32f411xe.o


==============================================================================

Image component sizes


      Code (inc. data)   RO Data    RW Data    ZI Data      Debug   Object Name

      1464         92          0          4       1720      30164   cmsis_os2.o
       626         12          0          0          0      31582   event_groups.o
         0          0          0          0          0       2636   freertos.o
       460         24          0         24      15360       4827   heap_4.o
       138          0          0          0          0       3598   list.o
      1700        236        210         28        300     482749   main.o
       786         82          0         12          0      11693   port.o
      2310         24          0          0         64      25587   queue.o
        64         26        408          0       1536        852   startup_stm32f411xe.o
        80         14          0         12          0       3290   stm32f4xx_hal.o
       158         14          0          0          0      33202   stm32f4xx_hal_cortex.o
       536         66          0          0         32       6706   stm32f4xx_hal_flash.o
        80          6          0          0          0        749   stm32f4xx_hal_flash_ex.o
       426         40          0          0          0       3055   stm32f4xx_hal_gpio.o
       328         38          0          0          0       2415   stm32f4xx_hal_msp.o
      1328         90          0          0          0       5865   stm32f4xx_hal_rcc.o
       128          0          0          0          0       1183   stm32f4xx_hal_spi.o
       608         30          0          0          0       7308   stm32f4xx_hal_tim.o
         4          0          0          0          0       1625   stm32f4xx_hal_tim_ex.o
       116         16          0          0         64       1419   stm32f4xx_hal_timebase_tim.o
      1252          8          0          0          0       5295   stm32f4xx_hal_uart.o
        30          6          0          0          0       3718   stm32f4xx_it.o
         0          0          0          0          0       8884   stream_buffer.o
        88         22         24          4          0       1187   system_stm32f4xx.o
      2580        218          0         60       1220      29958   tasks.o
       952         88          0         20        280      27195   timers.o

    ----------------------------------------------------------------------
     16270       1152        676        164      20576     736742   Object Totals
         0          0         32          0          0          0   (incl. Generated)
        28          0          2          0          0          0   (incl. Padding)

    ----------------------------------------------------------------------

      Code (inc. data)   RO Data    RW Data    ZI Data      Debug   Library Member Name

        44          6          0          0          0         84   __2sprintf.o
         8          0          0          0          0         68   __main.o
       392          4         17          0          0         92   __printf_flags_ss_wp.o
        14          0          0          0          0         68   __printf_wp.o
         0          0          0          0          0          0   __rtentry.o
        12          0          0          0          0          0   __rtentry2.o
         6          0          0          0          0          0   __rtentry4.o
        52          8          0          0          0          0   __scatter.o
        26          0          0          0          0          0   __scatter_copy.o
        28          0          0          0          0          0   __scatter_zi.o
        28          0          0          0          0         68   _chval.o
         6          0          0          0          0          0   _printf_a.o
         6          0          0          0          0          0   _printf_c.o
        44          0          0          0          0        108   _printf_char.o
        48          6          0          0          0         96   _printf_char_common.o
        40          0          0          0          0         68   _printf_charcount.o
         6          0          0          0          0          0   _printf_d.o
       120         16          0          0          0         92   _printf_dec.o
         6          0          0          0          0          0   _printf_e.o
         6          0          0          0          0          0   _printf_f.o
      1054          0          0          0          0        216   _printf_fp_dec.o
       764          8         38          0          0        100   _printf_fp_hex.o
       128         16          0          0          0         84   _printf_fp_infnan.o
         6          0          0          0          0          0   _printf_g.o
       148          4         40          0          0        160   _printf_hex_int_ll_ptr.o
         6          0          0          0          0          0   _printf_i.o
       178          0          0          0          0         88   _printf_intcommon.o
        10          0          0          0          0          0   _printf_l.o
         6          0          0          0          0          0   _printf_lc.o
        10          0          0          0          0          0   _printf_ll.o
         6          0          0          0          0          0   _printf_lld.o
         6          0          0          0          0          0   _printf_lli.o
         6          0          0          0          0          0   _printf_llo.o
         6          0          0          0          0          0   _printf_llu.o
         6          0          0          0          0          0   _printf_llx.o
       124         16          0          0          0         92   _printf_longlong_dec.o
         6          0          0          0          0          0   _printf_ls.o
         6          0          0          0          0          0   _printf_n.o
         6          0          0          0          0          0   _printf_o.o
       112         10          0          0          0        124   _printf_oct_int_ll.o
         6          0          0          0          0          0   _printf_p.o
        78          0          0          0          0        108   _printf_pad.o
         0          0          0          0          0          0   _printf_percent.o
         4          0          0          0          0          0   _printf_percent_end.o
         6          0          0          0          0          0   _printf_s.o
        82          0          0          0          0         80   _printf_str.o
        36          0          0          0          0         84   _printf_truncate.o
         6          0          0          0          0          0   _printf_u.o
        44          0          0          0          0        108   _printf_wchar.o
       188          6          8          0          0         92   _printf_wctomb.o
         6          0          0          0          0          0   _printf_x.o
        10          0          0          0          0         68   _sputc.o
       158          0          0          0          0         92   _strtoul.o
        64          0          0          0          0         92   _wcrtomb.o
        16          0          0          0          0         68   aeabi_memset.o
       228          4        148          0          0         96   bigflt0.o
      1936        128          0          0          0        672   btod.o
        18          0          0          0          0         80   exit.o
         6          0          0          0          0        152   heapauxi.o
         0          0          0          0          0          0   indicate_semi.o
        44         10        272          0          0         76   lc_ctype_c.o
        44         10         28          0          0         76   lc_numeric_c.o
         2          0          0          0          0          0   libinit.o
        34          0          0          0          0          0   libinit2.o
         2          0          0          0          0          0   libshutdown.o
         2          0          0          0          0          0   libshutdown2.o
         8          4          0          0         96         68   libspace.o
       138          0          0          0          0         80   lludiv10.o
       238          0          0          0          0        100   lludivv7m.o
        16          4          0          0          0         76   rt_ctype_table.o
         8          4          0          0          0         68   rt_errno_addr_intlibspace.o
         8          4          0          0          0         68   rt_locale_intlibspace.o
        68          0          0          0          0         68   rt_memclr.o
        78          0          0          0          0         80   rt_memclr_w.o
       138          0          0          0          0         68   rt_memcpy_v6.o
       100          0          0          0          0         80   rt_memcpy_w.o
         2          0          0          0          0          0   rtexit.o
        10          0          0          0          0          0   rtexit2.o
       128          0          0          0          0         68   strcmpv7m.o
        72          0          0          0          0         80   strcpy.o
        32          0          0          0          0         80   strcspn.o
        62          0          0          0          0         76   strlen.o
        28          0          0          0          0         80   strspn.o
        12          6          0          4          0         68   strtok.o
        68          4          0          0          0         84   strtok_int.o
       112          0          0          0          0         88   strtol.o
        12          4          0          0          0         68   sys_exit.o
        74          0          0          0          0         80   sys_stackheap_outer.o
         2          0          0          0          0         68   use_no_semi.o
        36          4          0          0          0         76   vsprintf.o
        10          0          0          0          0        116   fpinit.o
         4          0          0          0          0        116   printf1.o
         4          0          0          0          0        116   printf2.o
         0          0          0          0          0          0   usenofp.o
        48          0          0          0          0        124   fpclassify.o

    ----------------------------------------------------------------------
      8046        286        552          4         96       5696   Library Totals
        24          0          1          0          0          0   (incl. Padding)

    ----------------------------------------------------------------------

      Code (inc. data)   RO Data    RW Data    ZI Data      Debug   Library Name

      7956        286        551          4         96       5224   c_w.l
        18          0          0          0          0        348   fz_wm.l
        48          0          0          0          0        124   m_wm.l

    ----------------------------------------------------------------------
      8046        286        552          4         96       5696   Library Totals

    ----------------------------------------------------------------------

==============================================================================


      Code (inc. data)   RO Data    RW Data    ZI Data      Debug   

     24316       1438       1228        168      20672     722574   Grand Totals
     24316       1438       1228        168      20672     722574   ELF Image Totals
     24316       1438       1228        168          0          0   ROM Totals

==============================================================================

    Total RO  Size (Code + RO Data)                25544 (  24.95kB)
    Total RW  Size (RW Data + ZI Data)             20840 (  20.35kB)
    Total ROM Size (Code + RO Data + RW Data)      25712 (  25.11kB)

==============================================================================

