Component: ARM Compiler 5.06 update 6 (build 750) Tool: armlink [4d35ed]

==============================================================================

Section Cross References

    startup_stm32f411xe.o(STACK) refers (Special) to heapauxi.o(.text) for __use_two_region_memory
    startup_stm32f411xe.o(HEAP) refers (Special) to heapauxi.o(.text) for __use_two_region_memory
    startup_stm32f411xe.o(RESET) refers (Special) to heapauxi.o(.text) for __use_two_region_memory
    startup_stm32f411xe.o(RESET) refers to startup_stm32f411xe.o(STACK) for __initial_sp
    startup_stm32f411xe.o(RESET) refers to startup_stm32f411xe.o(.text) for Reset_Handler
    startup_stm32f411xe.o(RESET) refers to stm32f4xx_it.o(i.NMI_Handler) for NMI_Handler
    startup_stm32f411xe.o(RESET) refers to stm32f4xx_it.o(i.HardFault_Handler) for HardFault_Handler
    startup_stm32f411xe.o(RESET) refers to stm32f4xx_it.o(i.MemManage_Handler) for MemManage_Handler
    startup_stm32f411xe.o(RESET) refers to stm32f4xx_it.o(i.BusFault_Handler) for BusFault_Handler
    startup_stm32f411xe.o(RESET) refers to stm32f4xx_it.o(i.UsageFault_Handler) for UsageFault_Handler
    startup_stm32f411xe.o(RESET) refers to port.o(.emb_text) for SVC_Handler
    startup_stm32f411xe.o(RESET) refers to stm32f4xx_it.o(i.DebugMon_Handler) for DebugMon_Handler
    startup_stm32f411xe.o(RESET) refers to port.o(i.SysTick_Handler) for SysTick_Handler
    startup_stm32f411xe.o(RESET) refers to stm32f4xx_it.o(i.EXTI0_IRQHandler) for EXTI0_IRQHandler
    startup_stm32f411xe.o(RESET) refers to stm32f4xx_it.o(i.TIM5_IRQHandler) for TIM5_IRQHandler
    startup_stm32f411xe.o(.text) refers (Special) to heapauxi.o(.text) for __use_two_region_memory
    startup_stm32f411xe.o(.text) refers to system_stm32f4xx.o(i.SystemInit) for SystemInit
    startup_stm32f411xe.o(.text) refers to __main.o(!!!main) for __main
    startup_stm32f411xe.o(.text) refers to startup_stm32f411xe.o(HEAP) for Heap_Mem
    startup_stm32f411xe.o(.text) refers to startup_stm32f411xe.o(STACK) for Stack_Mem
    main.o(i.AccelReadThread) refers to _printf_pad.o(.text) for _printf_pre_padding
    main.o(i.AccelReadThread) refers to _printf_percent.o(.ARM.Collect$$_printf_percent$$00000000) for _printf_percent
    main.o(i.AccelReadThread) refers to _printf_f.o(.ARM.Collect$$_printf_percent$$00000003) for _printf_f
    main.o(i.AccelReadThread) refers to printf1.o(x$fpl$printf1) for _printf_fp_dec
    main.o(i.AccelReadThread) refers to main.o(i.initAccel_LSM303DLHC) for initAccel_LSM303DLHC
    main.o(i.AccelReadThread) refers to main.o(i.getAccelData) for getAccelData
    main.o(i.AccelReadThread) refers to dflt_clz.o(x$fpl$dflt) for __aeabi_i2d
    main.o(i.AccelReadThread) refers to dmul.o(x$fpl$dmul) for __aeabi_dmul
    main.o(i.AccelReadThread) refers to d2f.o(x$fpl$d2f) for __aeabi_d2f
    main.o(i.AccelReadThread) refers to f2d.o(x$fpl$f2d) for __aeabi_f2d
    main.o(i.AccelReadThread) refers to __2sprintf.o(.text) for __2sprintf
    main.o(i.AccelReadThread) refers to strcpy.o(.text) for strcpy
    main.o(i.AccelReadThread) refers to cmsis_os2.o(i.osMessageQueuePut) for osMessageQueuePut
    main.o(i.AccelReadThread) refers to stm32f4xx_hal_gpio.o(i.HAL_GPIO_WritePin) for HAL_GPIO_WritePin
    main.o(i.AccelReadThread) refers to cmsis_os2.o(i.osDelay) for osDelay
    main.o(i.AccelReadThread) refers to main.o(.bss) for .bss
    main.o(i.AccelReadThread) refers to main.o(.data) for .data
    main.o(i.HAL_GPIO_EXTI_Callback) refers to rt_memcpy_w.o(.text) for __aeabi_memcpy4
    main.o(i.HAL_GPIO_EXTI_Callback) refers to cmsis_os2.o(i.osEventFlagsSet) for osEventFlagsSet
    main.o(i.HAL_GPIO_EXTI_Callback) refers to main.o(.bss) for .bss
    main.o(i.HAL_GPIO_EXTI_Callback) refers to main.o(.data) for .data
    main.o(i.HAL_TIM_PeriodElapsedCallback) refers to stm32f4xx_hal.o(i.HAL_IncTick) for HAL_IncTick
    main.o(i.MX_GPIO_Init) refers to rt_memclr_w.o(.text) for __aeabi_memclr4
    main.o(i.MX_GPIO_Init) refers to stm32f4xx_hal_gpio.o(i.HAL_GPIO_WritePin) for HAL_GPIO_WritePin
    main.o(i.MX_GPIO_Init) refers to stm32f4xx_hal_gpio.o(i.HAL_GPIO_Init) for HAL_GPIO_Init
    main.o(i.MX_GPIO_Init) refers to stm32f4xx_hal_cortex.o(i.HAL_NVIC_SetPriority) for HAL_NVIC_SetPriority
    main.o(i.MX_GPIO_Init) refers to stm32f4xx_hal_cortex.o(i.HAL_NVIC_EnableIRQ) for HAL_NVIC_EnableIRQ
    main.o(i.MX_SPI1_Init) refers to stm32f4xx_hal_spi.o(i.HAL_SPI_Init) for HAL_SPI_Init
    main.o(i.MX_SPI1_Init) refers to main.o(.bss) for .bss
    main.o(i.SystemClock_Config) refers to rt_memclr_w.o(.text) for __aeabi_memclr4
    main.o(i.SystemClock_Config) refers to stm32f4xx_hal_rcc.o(i.HAL_RCC_OscConfig) for HAL_RCC_OscConfig
    main.o(i.SystemClock_Config) refers to stm32f4xx_hal_rcc.o(i.HAL_RCC_ClockConfig) for HAL_RCC_ClockConfig
    main.o(i.TrasnsmitUartThread) refers to cmsis_os2.o(i.osMessageQueueGet) for osMessageQueueGet
[...]
    __rt_lib_init_exceptions_1               0x080082bf   Thumb Code     0  libinit2.o(.ARM.Collect$$libinit$$00000030)
    __rt_lib_init_fp_trap_1                  0x080082bf   Thumb Code     0  libinit2.o(.ARM.Collect$$libinit$$0000001F)
    __rt_lib_init_getenv_1                   0x080082bf   Thumb Code     0  libinit2.o(.ARM.Collect$$libinit$$00000023)
    __rt_lib_init_lc_numeric_1               0x080082bf   Thumb Code     0  libinit2.o(.ARM.Collect$$libinit$$00000017)
    __rt_lib_init_lc_time_1                  0x080082bf   Thumb Code     0  libinit2.o(.ARM.Collect$$libinit$$00000019)
    __rt_lib_init_return                     0x080082bf   Thumb Code     0  libinit2.o(.ARM.Collect$$libinit$$00000033)
    __rt_lib_init_signal_1                   0x080082bf   Thumb Code     0  libinit2.o(.ARM.Collect$$libinit$$0000001D)
    __rt_lib_init_stdio_1                    0x080082bf   Thumb Code     0  libinit2.o(.ARM.Collect$$libinit$$00000025)
    __rt_lib_shutdown                        0x080082c1   Thumb Code     0  libshutdown.o(.ARM.Collect$$libshutdown$$00000000)
    __rt_lib_shutdown_cpp_1                  0x080082c3   Thumb Code     0  libshutdown2.o(.ARM.Collect$$libshutdown$$00000002)
    __rt_lib_shutdown_fp_trap_1              0x080082c3   Thumb Code     0  libshutdown2.o(.ARM.Collect$$libshutdown$$00000007)
    __rt_lib_shutdown_heap_1                 0x080082c3   Thumb Code     0  libshutdown2.o(.ARM.Collect$$libshutdown$$0000000F)
    __rt_lib_shutdown_return                 0x080082c3   Thumb Code     0  libshutdown2.o(.ARM.Collect$$libshutdown$$00000010)
    __rt_lib_shutdown_signal_1               0x080082c3   Thumb Code     0  libshutdown2.o(.ARM.Collect$$libshutdown$$0000000A)
    __rt_lib_shutdown_stdio_1                0x080082c3   Thumb Code     0  libshutdown2.o(.ARM.Collect$$libshutdown$$00000004)
    __rt_lib_shutdown_user_alloc_1           0x080082c3   Thumb Code     0  libshutdown2.o(.ARM.Collect$$libshutdown$$0000000C)
    __rt_entry                               0x080082c5   Thumb Code     0  __rtentry.o(.ARM.Collect$$rtentry$$00000000)
    __rt_entry_presh_1                       0x080082c5   Thumb Code     0  __rtentry2.o(.ARM.Collect$$rtentry$$00000002)
    __rt_entry_sh                            0x080082c5   Thumb Code     0  __rtentry4.o(.ARM.Collect$$rtentry$$00000004)
    __rt_entry_li                            0x080082cb   Thumb Code     0  __rtentry2.o(.ARM.Collect$$rtentry$$0000000A)
    __rt_entry_postsh_1                      0x080082cb   Thumb Code     0  __rtentry2.o(.ARM.Collect$$rtentry$$00000009)
    __rt_entry_main                          0x080082cf   Thumb Code     0  __rtentry2.o(.ARM.Collect$$rtentry$$0000000D)
    __rt_entry_postli_1                      0x080082cf   Thumb Code     0  __rtentry2.o(.ARM.Collect$$rtentry$$0000000C)
    __rt_exit                                0x080082d7   Thumb Code     0  rtexit.o(.ARM.Collect$$rtexit$$00000000)
    __rt_exit_ls                             0x080082d9   Thumb Code     0  rtexit2.o(.ARM.Collect$$rtexit$$00000003)
    __rt_exit_prels_1                        0x080082d9   Thumb Code     0  rtexit2.o(.ARM.Collect$$rtexit$$00000002)
    __rt_exit_exit                           0x080082dd   Thumb Code     0  rtexit2.o(.ARM.Collect$$rtexit$$00000004)
    SVC_Handler                              0x080082e5   Thumb Code    28  port.o(.emb_text)
    __asm___6_port_c_39a90d8d__prvStartFirstTask 0x08008305   Thumb Code    36  port.o(.emb_text)
    __asm___6_port_c_39a90d8d__prvEnableVFP  0x0800832d   Thumb Code    16  port.o(.emb_text)
    PendSV_Handler                           0x08008341   Thumb Code    88  port.o(.emb_text)
    vPortGetIPSR                             0x0800839d   Thumb Code     6  port.o(.emb_text)
    Reset_Handler                            0x080083a5   Thumb Code     8  startup_stm32f411xe.o(.text)
    ADC_IRQHandler                           0x080083bf   Thumb Code     0  startup_stm32f411xe.o(.text)
    DMA1_Stream0_IRQHandler                  0x080083bf   Thumb Code     0  startup_stm32f411xe.o(.text)
    DMA1_Stream1_IRQHandler                  0x080083bf   Thumb Code     0  startup_stm32f411xe.o(.text)
    DMA1_Stream2_IRQHandler                  0x080083bf   Thumb Code     0  startup_stm32f411xe.o(.text)
    DMA1_Stream3_IRQHandler                  0x080083bf   Thumb Code     0  startup_stm32f411xe.o(.text)
    DMA1_Stream4_IRQHandler                  0x080083bf   Thumb Code     0  startup_stm32f411xe.o(.text)
    DMA1_Stream5_IRQHandler                  0x080083bf   Thumb Code     0  startup_stm32f411xe.o(.text)
    DMA1_Stream6_IRQHandler                  0x080083bf   Thumb Code     0  startup_stm32f411xe.o(.text)
    DMA1_Stream7_IRQHandler                  0x080083bf   Thumb Code     0  startup_stm32f411xe.o(.text)
    DMA2_Stream0_IRQHandler                  0x080083bf   Thumb Code     0  startup_stm32f411xe.o(.text)
    DMA2_Stream1_IRQHandler                  0x080083bf   Thumb Code     0  startup_stm32f411xe.o(.text)
    DMA2_Stream2_IRQHandler                  0x080083bf   Thumb Code     0  startup_stm32f411xe.o(.text)
    DMA2_Stream3_IRQHandler                  0x080083bf   Thumb Code     0  startup_stm32f411xe.o(.text)
    DMA2_Stream4_IRQHandler                  0x080083bf   Thumb Code     0  startup_stm32f411xe.o(.text)
    DMA2_Stream5_IRQHandler                  0x080083bf   Thumb Code     0  startup_stm32f411xe.o(.text)
    DMA2_Stream6_IRQHandler                  0x080083bf   Thumb Code     0  startup_stm32f411xe.o(.text)
    DMA2_Stream7_IRQHandler                  0x080083bf   Thumb Code     0  startup_stm32f411xe.o(.text)
    EXTI15_10_IRQHandler                     0x080083bf   Thumb Code     0  startup_stm32f411xe.o(.text)
    EXTI1_IRQHandler                         0x080083bf   Thumb Code     0  startup_stm32f411xe.o(.text)
    EXTI2_IRQHandler                         0x080083bf   Thumb Code     0  startup_stm32f411xe.o(.text)
    EXTI3_IRQHandler                         0x080083bf   Thumb Code     0  startup_stm32f411xe.o(.text)
    EXTI4_IRQHandler                         0x080083bf   Thumb Code     0  startup_stm32f411xe.o(.text)
    EXTI9_5_IRQHandler                       0x080083bf   Thumb Code     0  startup_stm32f411xe.o(.text)
    FLASH_IRQHandler                         0x080083bf   Thumb Code     0  startup_stm32f411xe.o(.text)
    FPU_IRQHandler                           0x080083bf   Thumb Code     0  startup_stm32f411xe.o(.text)
    I2C1_ER_IRQHandler                       0x080083bf   Thumb Code     0  startup_stm32f411xe.o(.text)
    I2C1_EV_IRQHandler                       0x080083bf   Thumb Code     0  startup_stm32f411xe.o(.text)
    I2C2_ER_IRQHandler                       0x080083bf   Thumb Code     0  startup_stm32f411xe.o(.text)
    I2C2_EV_IRQHandler                       0x080083bf   Thumb Code     0  startup_stm32f411xe.o(.text)
    I2C3_ER_IRQHandler                       0x080083bf   Thumb Code     0  startup_stm32f411xe.o(.text)
    I2C3_EV_IRQHandler                       0x080083bf   Thumb Code     0  startup_stm32f411xe.o(.text)
    OTG_FS_IRQHandler                        0x080083bf   Thumb Code     0  startup_stm32f411xe.o(.text)
    OTG_FS_WKUP_IRQHandler                   0x080083bf   Thumb Code     0  startup_stm32f411xe.o(.text)
    PVD_IRQHandler                           0x080083bf   Thumb Code     0  startup_stm32f411xe.o(.text)
    RCC_IRQHandler                           0x080083bf   Thumb Code     0  startup_stm32f411xe.o(.text)
    RTC_Alarm_IRQHandler                     0x080083bf   Thumb Code     0  startup_stm32f411xe.o(.text)
    RTC_WKUP_IRQHandler                      0x080083bf   Thumb Code     0  startup_stm32f411xe.o(.text)
    SDIO_IRQHandler                          0x080083bf   Thumb Code     0  startup_stm32f411xe.o(.text)
    SPI1_IRQHandler                          0x080083bf   Thumb Code     0  startup_stm32f411xe.o(.text)
    SPI2_IRQHandler                          0x080083bf   Thumb Code     0  startup_stm32f411xe.o(.text)
    SPI3_IRQHandler                          0x080083bf   Thumb Code     0  startup_stm32f411xe.o(.text)
    SPI4_IRQHandler                          0x080083bf   Thumb Code     0  startup_stm32f411xe.o(.text)
    SPI5_IRQHandler                          0x080083bf   Thumb Code     0  startup_stm32f411xe.o(.text)
    TAMP_STAMP_IRQHandler                    0x080083bf   Thumb Code     0  startup_stm32f411xe.o(.text)
    TIM1_BRK_TIM9_IRQHandler                 0x080083bf   Thumb Code     0  startup_stm32f411xe.o(.text)
    TIM1_CC_IRQHandler                       0x080083bf   Thumb Code     0  startup_stm32f411xe.o(.text)
    TIM1_TRG_COM_TIM11_IRQHandler            0x080083bf   Thumb Code     0  startup_stm32f411xe.o(.text)
    TIM1_UP_TIM10_IRQHandler                 0x080083bf   Thumb Code     0  startup_stm32f411xe.o(.text)
    TIM2_IRQHandler                          0x080083bf   Thumb Code     0  startup_stm32f411xe.o(.text)
    TIM3_IRQHandler                          0x080083bf   Thumb Code     0  startup_stm32f411xe.o(.text)
    TIM4_IRQHandler                          0x080083bf   Thumb Code     0  startup_stm32f411xe.o(.text)
    USART1_IRQHandler                        0x080083bf   Thumb Code     0  startup_stm32f411xe.o(.text)
    USART2_IRQHandler                        0x080083bf   Thumb Code     0  startup_stm32f411xe.o(.text)
    USART6_IRQHandler                        0x080083bf   Thumb Code     0  startup_stm32f411xe.o(.text)
    WWDG_IRQHandler                          0x080083bf   Thumb Code     0  startup_stm32f411xe.o(.text)
    __user_initial_stackheap                 0x080083c1   Thumb Code     0  startup_stm32f411xe.o(.text)
    __aeabi_uldivmod                         0x080083e5   Thumb Code     0  lludivv7m.o(.text)
    _ll_udiv                                 0x080083e5   Thumb Code   238  lludivv7m.o(.text)
    vsprintf                                 0x080084d5   Thumb Code    32  vsprintf.o(.text)
    __2sprintf                               0x080084f9   Thumb Code    38  __2sprintf.o(.text)
    _printf_pre_padding                      0x08008525   Thumb Code    44  _printf_pad.o(.text)
    _printf_post_padding                     0x08008551   Thumb Code    34  _printf_pad.o(.text)
    __printf                                 0x08008575   Thumb Code   388  __printf_flags_ss_wp.o(.text)
    strtol                                   0x080086fd   Thumb Code   112  strtol.o(.text)
    strtok                                   0x0800876d   Thumb Code     6  strtok.o(.text)
    strcpy                                   0x08008779   Thumb Code    72  strcpy.o(.text)
    strlen                                   0x080087c1   Thumb Code    62  strlen.o(.text)
    __aeabi_memcpy                           0x080087ff   Thumb Code     0  rt_memcpy_v6.o(.text)
    __rt_memcpy                              0x080087ff   Thumb Code   138  rt_memcpy_v6.o(.text)
    _memcpy_lastbytes                        0x08008865   Thumb Code     0  rt_memcpy_v6.o(.text)
    __aeabi_memcpy4                          0x08008889   Thumb Code     0  rt_memcpy_w.o(.text)
    __aeabi_memcpy8                          0x08008889   Thumb Code     0  rt_memcpy_w.o(.text)
    __rt_memcpy_w                            0x08008889   Thumb Code   100  rt_memcpy_w.o(.text)
    _memcpy_lastbytes_aligned                0x080088d1   Thumb Code     0  rt_memcpy_w.o(.text)
    __aeabi_memset                           0x080088ed   Thumb Code    16  aeabi_memset.o(.text)
    __aeabi_memclr4                          0x080088fd   Thumb Code     0  rt_memclr_w.o(.text)
    __aeabi_memclr8                          0x080088fd   Thumb Code     0  rt_memclr_w.o(.text)
    __rt_memclr_w                            0x080088fd   Thumb Code    78  rt_memclr_w.o(.text)
    _memset_w                                0x08008901   Thumb Code     0  rt_memclr_w.o(.text)
    strcmp                                   0x0800894d   Thumb Code   128  strcmpv7m.o(.text)
    __use_two_region_memory                  0x080089cd   Thumb Code     2  heapauxi.o(.text)
    __rt_heap_escrow$2region                 0x080089cf   Thumb Code     2  heapauxi.o(.text)
    __rt_heap_expand$2region                 0x080089d1   Thumb Code     2  heapauxi.o(.text)
    __rt_ctype_table                         0x080089d5   Thumb Code    16  rt_ctype_table.o(.text)
    __aeabi_errno_addr                       0x080089e5   Thumb Code     8  rt_errno_addr_intlibspace.o(.text)
    __errno$intlibspace                      0x080089e5   Thumb Code     0  rt_errno_addr_intlibspace.o(.text)
    __rt_errno_addr$intlibspace              0x080089e5   Thumb Code     0  rt_errno_addr_intlibspace.o(.text)
    _printf_truncate_signed                  0x080089ed   Thumb Code    18  _printf_truncate.o(.text)
    _printf_truncate_unsigned                0x080089ff   Thumb Code    18  _printf_truncate.o(.text)
    _printf_str                              0x08008a11   Thumb Code    82  _printf_str.o(.text)
    _printf_int_dec                          0x08008a65   Thumb Code   104  _printf_dec.o(.text)
    _printf_charcount                        0x08008add   Thumb Code    40  _printf_charcount.o(.text)
    __lib_sel_fp_printf                      0x08008b05   Thumb Code     2  _printf_fp_dec.o(.text)
    _printf_fp_dec_real                      0x08008cb7   Thumb Code   620  _printf_fp_dec.o(.text)
    _printf_char_common                      0x08008f2f   Thumb Code    32  _printf_char_common.o(.text)
    _sputc                                   0x08008f55   Thumb Code    10  _sputc.o(.text)
    _printf_wctomb                           0x08008f61   Thumb Code   182  _printf_wctomb.o(.text)
    _printf_longlong_dec                     0x0800901d   Thumb Code   108  _printf_longlong_dec.o(.text)
    _printf_longlong_oct                     0x08009099   Thumb Code    66  _printf_oct_int_ll.o(.text)
    _printf_int_oct                          0x080090db   Thumb Code    24  _printf_oct_int_ll.o(.text)
    _printf_ll_oct                           0x080090f3   Thumb Code    12  _printf_oct_int_ll.o(.text)
    _printf_longlong_hex                     0x08009109   Thumb Code    86  _printf_hex_int_ll_ptr.o(.text)
    _printf_int_hex                          0x0800915f   Thumb Code    28  _printf_hex_int_ll_ptr.o(.text)
    _printf_ll_hex                           0x0800917b   Thumb Code    12  _printf_hex_int_ll_ptr.o(.text)
    _printf_hex_ptr                          0x08009187   Thumb Code    18  _printf_hex_int_ll_ptr.o(.text)
    _strtoul                                 0x0800919d   Thumb Code   158  _strtoul.o(.text)
    __strtok_internal                        0x0800923d   Thumb Code    64  strtok_int.o(.text)
    __aeabi_memclr                           0x08009281   Thumb Code     0  rt_memclr.o(.text)
    __rt_memclr                              0x08009281   Thumb Code    68  rt_memclr.o(.text)
    _memset                                  0x08009285   Thumb Code     0  rt_memclr.o(.text)
    __user_libspace                          0x080092c5   Thumb Code     8  libspace.o(.text)
    __user_perproc_libspace                  0x080092c5   Thumb Code     0  libspace.o(.text)
    __user_perthread_libspace                0x080092c5   Thumb Code     0  libspace.o(.text)
    __rt_locale                              0x080092cd   Thumb Code     8  rt_locale_intlibspace.o(.text)
    _ll_udiv10                               0x080092d5   Thumb Code   138  lludiv10.o(.text)
    _printf_int_common                       0x0800935f   Thumb Code   178  _printf_intcommon.o(.text)
    _printf_fp_hex_real                      0x08009411   Thumb Code   756  _printf_fp_hex.o(.text)
    _printf_fp_infnan                        0x0800970d   Thumb Code   112  _printf_fp_infnan.o(.text)
    _printf_cs_common                        0x0800978d   Thumb Code    20  _printf_char.o(.text)
    _printf_char                             0x080097a1   Thumb Code    16  _printf_char.o(.text)
    _printf_string                           0x080097b1   Thumb Code     8  _printf_char.o(.text)
    _printf_lcs_common                       0x080097b9   Thumb Code    20  _printf_wchar.o(.text)
    _printf_wchar                            0x080097cd   Thumb Code    16  _printf_wchar.o(.text)
    _printf_wstring                          0x080097dd   Thumb Code     8  _printf_wchar.o(.text)
    _chval                                   0x080097e5   Thumb Code    28  _chval.o(.text)
    _btod_etento                             0x08009801   Thumb Code   224  bigflt0.o(.text)
    _wcrtomb                                 0x080098e5   Thumb Code    64  _wcrtomb.o(.text)
    strcspn                                  0x08009925   Thumb Code    32  strcspn.o(.text)
    strspn                                   0x08009945   Thumb Code    28  strspn.o(.text)
    __user_setup_stackheap                   0x08009961   Thumb Code    74  sys_stackheap_outer.o(.text)
    exit                                     0x080099ab   Thumb Code    18  exit.o(.text)
    _sys_exit                                0x080099bd   Thumb Code     8  sys_exit.o(.text)
    __I$use$semihosting                      0x080099c9   Thumb Code     0  use_no_semi.o(.text)
    __use_no_semihosting_swi                 0x080099c9   Thumb Code     2  use_no_semi.o(.text)
    __semihosting_library_function           0x080099cb   Thumb Code     0  indicate_semi.o(.text)
    _btod_d2e                                0x080099cb   Thumb Code    62  btod.o(CL$$btod_d2e)
    _d2e_denorm_low                          0x08009a09   Thumb Code    70  btod.o(CL$$btod_d2e_denorm_low)
    _d2e_norm_op1                            0x08009a4f   Thumb Code    96  btod.o(CL$$btod_d2e_norm_op1)
    __btod_div_common                        0x08009aaf   Thumb Code   696  btod.o(CL$$btod_div_common)
    _e2e                                     0x08009de7   Thumb Code   220  btod.o(CL$$btod_e2e)
    _btod_ediv                               0x08009ec3   Thumb Code    42  btod.o(CL$$btod_ediv)
    _btod_emul                               0x08009eed   Thumb Code    42  btod.o(CL$$btod_emul)
    __btod_mult_common                       0x08009f17   Thumb Code   580  btod.o(CL$$btod_mult_common)
    AccelReadThread                          0x0800a15d   Thumb Code   178  main.o(i.AccelReadThread)
    BusFault_Handler                         0x0800a23d   Thumb Code     2  stm32f4xx_it.o(i.BusFault_Handler)
    DebugMon_Handler                         0x0800a23f   Thumb Code     2  stm32f4xx_it.o(i.DebugMon_Handler)
    EXTI0_IRQHandler                         0x0800a241   Thumb Code     6  stm32f4xx_it.o(i.EXTI0_IRQHandler)
    FLASH_Erase_Sector                       0x0800a249   Thumb Code    74  stm32f4xx_hal_flash_ex.o(i.FLASH_Erase_Sector)
    FLASH_WaitForLastOperation               0x0800a3a5   Thumb Code    72  stm32f4xx_hal_flash.o(i.FLASH_WaitForLastOperation)
    HAL_FLASH_Lock                           0x0800a3f5   Thumb Code    14  stm32f4xx_hal_flash.o(i.HAL_FLASH_Lock)
    HAL_FLASH_Program                        0x0800a409   Thumb Code   116  stm32f4xx_hal_flash.o(i.HAL_FLASH_Program)
    HAL_FLASH_Unlock                         0x0800a485   Thumb Code    32  stm32f4xx_hal_flash.o(i.HAL_FLASH_Unlock)
    HAL_GPIO_EXTI_Callback                   0x0800a4b1   Thumb Code    38  main.o(i.HAL_GPIO_EXTI_Callback)
    HAL_GPIO_EXTI_IRQHandler                 0x0800a4e5   Thumb Code    18  stm32f4xx_hal_gpio.o(i.HAL_GPIO_EXTI_IRQHandler)
    HAL_GPIO_Init                            0x0800a4fd   Thumb Code   358  stm32f4xx_hal_gpio.o(i.HAL_GPIO_Init)
    HAL_GPIO_WritePin                        0x0800a685   Thumb Code    10  stm32f4xx_hal_gpio.o(i.HAL_GPIO_WritePin)
    HAL_GetTick                              0x0800a691   Thumb Code     6  stm32f4xx_hal.o(i.HAL_GetTick)
    HAL_I2C_Init                             0x0800a69d   Thumb Code   356  stm32f4xx_hal_i2c.o(i.HAL_I2C_Init)
    HAL_I2C_Master_Receive                   0x0800a811   Thumb Code   468  stm32f4xx_hal_i2c.o(i.HAL_I2C_Master_Receive)
    HAL_I2C_Master_Transmit                  0x0800a9f1   Thumb Code   290  stm32f4xx_hal_i2c.o(i.HAL_I2C_Master_Transmit)
    HAL_I2C_MspInit                          0x0800ab1d   Thumb Code    94  stm32f4xx_hal_msp.o(i.HAL_I2C_MspInit)
    HAL_IncTick                              0x0800ab89   Thumb Code    12  stm32f4xx_hal.o(i.HAL_IncTick)
    HAL_Init                                 0x0800ab99   Thumb Code    48  stm32f4xx_hal.o(i.HAL_Init)
    HAL_InitTick                             0x0800abcd   Thumb Code   100  stm32f4xx_hal_timebase_tim.o(i.HAL_InitTick)
    HAL_MspInit                              0x0800ac41   Thumb Code    52  stm32f4xx_hal_msp.o(i.HAL_MspInit)
    HAL_NVIC_EnableIRQ                       0x0800ac79   Thumb Code    26  stm32f4xx_hal_cortex.o(i.HAL_NVIC_EnableIRQ)
    HAL_NVIC_SetPriority                     0x0800ac95   Thumb Code    60  stm32f4xx_hal_cortex.o(i.HAL_NVIC_SetPriority)
    HAL_NVIC_SetPriorityGrouping             0x0800acd5   Thumb Code    26  stm32f4xx_hal_cortex.o(i.HAL_NVIC_SetPriorityGrouping)
    HAL_RCC_ClockConfig                      0x0800acf9   Thumb Code   286  stm32f4xx_hal_rcc.o(i.HAL_RCC_ClockConfig)
    HAL_RCC_GetClockConfig                   0x0800ae29   Thumb Code    54  stm32f4xx_hal_rcc.o(i.HAL_RCC_GetClockConfig)
    HAL_RCC_GetPCLK1Freq                     0x0800ae69   Thumb Code    20  stm32f4xx_hal_rcc.o(i.HAL_RCC_GetPCLK1Freq)
    HAL_RCC_GetPCLK2Freq                     0x0800ae89   Thumb Code    20  stm32f4xx_hal_rcc.o(i.HAL_RCC_GetPCLK2Freq)
    HAL_RCC_GetSysClockFreq                  0x0800aea9   Thumb Code    88  stm32f4xx_hal_rcc.o(i.HAL_RCC_GetSysClockFreq)
    HAL_RCC_OscConfig                        0x0800af0d   Thumb Code   770  stm32f4xx_hal_rcc.o(i.HAL_RCC_OscConfig)
    HAL_SPI_Init                             0x0800b229   Thumb Code   128  stm32f4xx_hal_spi.o(i.HAL_SPI_Init)
    HAL_SPI_MspInit                          0x0800b2a9   Thumb Code    92  stm32f4xx_hal_msp.o(i.HAL_SPI_MspInit)
    HAL_TIMEx_BreakCallback                  0x0800b311   Thumb Code     2  stm32f4xx_hal_tim_ex.o(i.HAL_TIMEx_BreakCallback)
    HAL_TIMEx_CommutCallback                 0x0800b313   Thumb Code     2  stm32f4xx_hal_tim_ex.o(i.HAL_TIMEx_CommutCallback)
    HAL_TIM_Base_Init                        0x0800b315   Thumb Code    54  stm32f4xx_hal_tim.o(i.HAL_TIM_Base_Init)
    HAL_TIM_Base_MspInit                     0x0800b34b   Thumb Code     2  stm32f4xx_hal_tim.o(i.HAL_TIM_Base_MspInit)
    HAL_TIM_Base_Start_IT                    0x0800b34d   Thumb Code    34  stm32f4xx_hal_tim.o(i.HAL_TIM_Base_Start_IT)
    HAL_TIM_IC_CaptureCallback               0x0800b36f   Thumb Code     2  stm32f4xx_hal_tim.o(i.HAL_TIM_IC_CaptureCallback)
    HAL_TIM_IRQHandler                       0x0800b371   Thumb Code   358  stm32f4xx_hal_tim.o(i.HAL_TIM_IRQHandler)
    HAL_TIM_OC_DelayElapsedCallback          0x0800b4d7   Thumb Code     2  stm32f4xx_hal_tim.o(i.HAL_TIM_OC_DelayElapsedCallback)
    HAL_TIM_PWM_PulseFinishedCallback        0x0800b4d9   Thumb Code     2  stm32f4xx_hal_tim.o(i.HAL_TIM_PWM_PulseFinishedCallback)
    HAL_TIM_PeriodElapsedCallback            0x0800b4dd   Thumb Code    14  main.o(i.HAL_TIM_PeriodElapsedCallback)
    HAL_TIM_TriggerCallback                  0x0800b4f1   Thumb Code     2  stm32f4xx_hal_tim.o(i.HAL_TIM_TriggerCallback)
    HAL_UART_Init                            0x0800b4f3   Thumb Code    98  stm32f4xx_hal_uart.o(i.HAL_UART_Init)
    HAL_UART_MspInit                         0x0800b555   Thumb Code   146  stm32f4xx_hal_msp.o(i.HAL_UART_MspInit)
    HAL_UART_Receive                         0x0800b5fd   Thumb Code   184  stm32f4xx_hal_uart.o(i.HAL_UART_Receive)
    HAL_UART_Transmit                        0x0800b6b5   Thumb Code   186  stm32f4xx_hal_uart.o(i.HAL_UART_Transmit)
    HardFault_Handler                        0x0800b76f   Thumb Code     2  stm32f4xx_it.o(i.HardFault_Handler)
    MemManage_Handler                        0x0800bc11   Thumb Code     2  stm32f4xx_it.o(i.MemManage_Handler)
    NMI_Handler                              0x0800bc13   Thumb Code     2  stm32f4xx_it.o(i.NMI_Handler)
    SysTick_Handler                          0x0800bc15   Thumb Code    38  port.o(i.SysTick_Handler)
    SystemClock_Config                       0x0800bc41   Thumb Code   126  main.o(i.SystemClock_Config)
    SystemInit                               0x0800bcc9   Thumb Code    66  system_stm32f4xx.o(i.SystemInit)
    TIM5_IRQHandler                          0x0800bd21   Thumb Code     6  stm32f4xx_it.o(i.TIM5_IRQHandler)
    TIM_Base_SetConfig                       0x0800bd2d   Thumb Code   122  stm32f4xx_hal_tim.o(i.TIM_Base_SetConfig)
    TrasnsmitUartThread                      0x0800bdc5   Thumb Code   116  main.o(i.TrasnsmitUartThread)
    UpdateHandleThread                       0x0800c155   Thumb Code   408  main.o(i.UpdateHandleThread)
    UsageFault_Handler                       0x0800c345   Thumb Code     2  stm32f4xx_it.o(i.UsageFault_Handler)
    __ARM_fpclassify                         0x0800c347   Thumb Code    48  fpclassify.o(i.__ARM_fpclassify)
    _is_digit                                0x0800c397   Thumb Code    14  __printf_wp.o(i._is_digit)
    getAccelData                             0x0800c3a5   Thumb Code   300  main.o(i.getAccelData)
    initAccel_LSM303DLHC                     0x0800c4d5   Thumb Code   218  main.o(i.initAccel_LSM303DLHC)
    main                                     0x0800c5b5   Thumb Code   266  main.o(i.main)
    osDelay                                  0x0800c6ed   Thumb Code    46  cmsis_os2.o(i.osDelay)
    osEventFlagsClear                        0x0800c721   Thumb Code    82  cmsis_os2.o(i.osEventFlagsClear)
    osEventFlagsNew                          0x0800c779   Thumb Code    64  cmsis_os2.o(i.osEventFlagsNew)
    osEventFlagsSet                          0x0800c7bd   Thumb Code    98  cmsis_os2.o(i.osEventFlagsSet)
    osEventFlagsWait                         0x0800c829   Thumb Code   118  cmsis_os2.o(i.osEventFlagsWait)
    osKernelInitialize                       0x0800c8a5   Thumb Code    50  cmsis_os2.o(i.osKernelInitialize)
    osKernelStart                            0x0800c8dd   Thumb Code    58  cmsis_os2.o(i.osKernelStart)
    osMessageQueueGet                        0x0800c91d   Thumb Code   116  cmsis_os2.o(i.osMessageQueueGet)
    osMessageQueueNew                        0x0800c999   Thumb Code   110  cmsis_os2.o(i.osMessageQueueNew)
    osMessageQueuePut                        0x0800ca0d   Thumb Code   120  cmsis_os2.o(i.osMessageQueuePut)
    osMutexAcquire                           0x0800ca8d   Thumb Code   104  cmsis_os2.o(i.osMutexAcquire)
    osMutexNew                               0x0800caf9   Thumb Code   124  cmsis_os2.o(i.osMutexNew)
    osMutexRelease                           0x0800cb79   Thumb Code    88  cmsis_os2.o(i.osMutexRelease)
    osThreadNew                              0x0800cbd5   Thumb Code   160  cmsis_os2.o(i.osThreadNew)
    parsing_update_request                   0x0800cc79   Thumb Code    98  main.o(i.parsing_update_request)
    pvPortMalloc                             0x0800d451   Thumb Code   210  heap_4.o(i.pvPortMalloc)
    pvTaskIncrementMutexHeldCount            0x0800d529   Thumb Code    18  tasks.o(i.pvTaskIncrementMutexHeldCount)
    pxPortInitialiseStack                    0x0800d541   Thumb Code    40  port.o(i.pxPortInitialiseStack)
    strrev                                   0x0800d56d   Thumb Code    44  main.o(i.strrev)
    uxListRemove                             0x0800d599   Thumb Code    38  list.o(i.uxListRemove)
    uxTaskResetEventItemValue                0x0800d5c1   Thumb Code    20  tasks.o(i.uxTaskResetEventItemValue)
    vApplicationGetIdleTaskMemory            0x0800d5d9   Thumb Code    16  cmsis_os2.o(i.vApplicationGetIdleTaskMemory)
    vApplicationGetTimerTaskMemory           0x0800d5ed   Thumb Code    18  cmsis_os2.o(i.vApplicationGetTimerTaskMemory)
    vEventGroupClearBitsCallback             0x0800d605   Thumb Code     4  event_groups.o(i.vEventGroupClearBitsCallback)
    vEventGroupSetBitsCallback               0x0800d609   Thumb Code     4  event_groups.o(i.vEventGroupSetBitsCallback)
    vListInitialise                          0x0800d60d   Thumb Code    22  list.o(i.vListInitialise)
    vListInitialiseItem                      0x0800d623   Thumb Code     6  list.o(i.vListInitialiseItem)
    vListInsert                              0x0800d629   Thumb Code    48  list.o(i.vListInsert)
    vListInsertEnd                           0x0800d659   Thumb Code    24  list.o(i.vListInsertEnd)
    vPortEnterCritical                       0x0800d671   Thumb Code    54  port.o(i.vPortEnterCritical)
    vPortExitCritical                        0x0800d6b1   Thumb Code    34  port.o(i.vPortExitCritical)
    vPortFree                                0x0800d6d9   Thumb Code    88  heap_4.o(i.vPortFree)
    vPortSetupTimerInterrupt                 0x0800d735   Thumb Code    32  port.o(i.vPortSetupTimerInterrupt)
    vPortValidateInterruptPriority           0x0800d759   Thumb Code    74  port.o(i.vPortValidateInterruptPriority)
    vQueueAddToRegistry                      0x0800d7ad   Thumb Code    34  queue.o(i.vQueueAddToRegistry)
    vQueueWaitForMessageRestricted           0x0800d7d5   Thumb Code    68  queue.o(i.vQueueWaitForMessageRestricted)
    vTaskDelay                               0x0800d819   Thumb Code    66  tasks.o(i.vTaskDelay)
    vTaskInternalSetTimeOutState             0x0800d865   Thumb Code    12  tasks.o(i.vTaskInternalSetTimeOutState)
    vTaskMissedYield                         0x0800d875   Thumb Code     8  tasks.o(i.vTaskMissedYield)
    vTaskPlaceOnEventList                    0x0800d881   Thumb Code    44  tasks.o(i.vTaskPlaceOnEventList)
    vTaskPlaceOnEventListRestricted          0x0800d8b1   Thumb Code    52  tasks.o(i.vTaskPlaceOnEventListRestricted)
    vTaskPlaceOnUnorderedEventList           0x0800d8e9   Thumb Code    76  tasks.o(i.vTaskPlaceOnUnorderedEventList)
    vTaskPriorityDisinheritAfterTimeout      0x0800d939   Thumb Code   134  tasks.o(i.vTaskPriorityDisinheritAfterTimeout)
    vTaskRemoveFromUnorderedEventList        0x0800d9c9   Thumb Code   102  tasks.o(i.vTaskRemoveFromUnorderedEventList)
    vTaskStartScheduler                      0x0800da39   Thumb Code   118  tasks.o(i.vTaskStartScheduler)
    vTaskSuspendAll                          0x0800dac1   Thumb Code    10  tasks.o(i.vTaskSuspendAll)
    vTaskSwitchContext                       0x0800dad1   Thumb Code    90  tasks.o(i.vTaskSwitchContext)
    write_to_flash_word                      0x0800db35   Thumb Code    84  main.o(i.write_to_flash_word)
    xEventGroupClearBits                     0x0800db8d   Thumb Code    64  event_groups.o(i.xEventGroupClearBits)
    xEventGroupClearBitsFromISR              0x0800dbcd   Thumb Code    12  event_groups.o(i.xEventGroupClearBitsFromISR)
    xEventGroupCreate                        0x0800dbdd   Thumb Code    28  event_groups.o(i.xEventGroupCreate)
    xEventGroupCreateStatic                  0x0800dbf9   Thumb Code    44  event_groups.o(i.xEventGroupCreateStatic)
    xEventGroupGetBitsFromISR                0x0800dc25   Thumb Code    26  event_groups.o(i.xEventGroupGetBitsFromISR)
    xEventGroupSetBits                       0x0800dc3f   Thumb Code   140  event_groups.o(i.xEventGroupSetBits)
    xEventGroupSetBitsFromISR                0x0800dccd   Thumb Code    12  event_groups.o(i.xEventGroupSetBitsFromISR)
    xEventGroupWaitBits                      0x0800dcdd   Thumb Code   260  event_groups.o(i.xEventGroupWaitBits)
    xPortStartScheduler                      0x0800dde5   Thumb Code   222  port.o(i.xPortStartScheduler)
    xQueueCreateMutex                        0x0800ded9   Thumb Code    22  queue.o(i.xQueueCreateMutex)
    xQueueCreateMutexStatic                  0x0800deef   Thumb Code    26  queue.o(i.xQueueCreateMutexStatic)
    xQueueGenericCreate                      0x0800df09   Thumb Code    72  queue.o(i.xQueueGenericCreate)
    xQueueGenericCreateStatic                0x0800df51   Thumb Code   102  queue.o(i.xQueueGenericCreateStatic)
    xQueueGenericReset                       0x0800dfb9   Thumb Code   132  queue.o(i.xQueueGenericReset)
    xQueueGenericSend                        0x0800e041   Thumb Code   346  queue.o(i.xQueueGenericSend)
    xQueueGenericSendFromISR                 0x0800e1a1   Thumb Code   188  queue.o(i.xQueueGenericSendFromISR)
    xQueueGiveMutexRecursive                 0x0800e25d   Thumb Code    62  queue.o(i.xQueueGiveMutexRecursive)
    xQueueReceive                            0x0800e29d   Thumb Code   308  queue.o(i.xQueueReceive)
    xQueueReceiveFromISR                     0x0800e3d5   Thumb Code   154  queue.o(i.xQueueReceiveFromISR)
    xQueueSemaphoreTake                      0x0800e471   Thumb Code   372  queue.o(i.xQueueSemaphoreTake)
    xQueueTakeMutexRecursive                 0x0800e5e9   Thumb Code    64  queue.o(i.xQueueTakeMutexRecursive)
    xTaskCheckForTimeOut                     0x0800e629   Thumb Code   112  tasks.o(i.xTaskCheckForTimeOut)
    xTaskCreate                              0x0800e69d   Thumb Code    90  tasks.o(i.xTaskCreate)
    xTaskCreateStatic                        0x0800e6f7   Thumb Code    86  tasks.o(i.xTaskCreateStatic)
    xTaskGetCurrentTaskHandle                0x0800e74d   Thumb Code     6  tasks.o(i.xTaskGetCurrentTaskHandle)
    xTaskGetSchedulerState                   0x0800e759   Thumb Code    22  tasks.o(i.xTaskGetSchedulerState)
    xTaskGetTickCount                        0x0800e775   Thumb Code     6  tasks.o(i.xTaskGetTickCount)
    xTaskIncrementTick                       0x0800e781   Thumb Code   190  tasks.o(i.xTaskIncrementTick)
    xTaskPriorityDisinherit                  0x0800e849   Thumb Code   118  tasks.o(i.xTaskPriorityDisinherit)
    xTaskPriorityInherit                     0x0800e8c9   Thumb Code   112  tasks.o(i.xTaskPriorityInherit)
    xTaskRemoveFromEventList                 0x0800e941   Thumb Code    98  tasks.o(i.xTaskRemoveFromEventList)
    xTaskResumeAll                           0x0800e9b1   Thumb Code   182  tasks.o(i.xTaskResumeAll)
    xTimerCreateTimerTask                    0x0800ea75   Thumb Code    78  timers.o(i.xTimerCreateTimerTask)
    xTimerGenericCommand                     0x0800ead5   Thumb Code    98  timers.o(i.xTimerGenericCommand)
    xTimerPendFunctionCallFromISR            0x0800eb3d   Thumb Code    34  timers.o(i.xTimerPendFunctionCallFromISR)
    _get_lc_ctype                            0x0800eb65   Thumb Code    44  lc_ctype_c.o(locale$$code)
    _get_lc_numeric                          0x0800eb91   Thumb Code    44  lc_numeric_c.o(locale$$code)
    __aeabi_d2f                              0x0800ebbd   Thumb Code     0  d2f.o(x$fpl$d2f)
    _d2f                                     0x0800ebbd   Thumb Code    98  d2f.o(x$fpl$d2f)
    __aeabi_i2d                              0x0800ec1f   Thumb Code     0  dflt_clz.o(x$fpl$dflt)
    _dflt                                    0x0800ec1f   Thumb Code    46  dflt_clz.o(x$fpl$dflt)
    __aeabi_dmul                             0x0800ec4d   Thumb Code     0  dmul.o(x$fpl$dmul)
    _dmul                                    0x0800ec4d   Thumb Code   332  dmul.o(x$fpl$dmul)
    __fpl_dnaninf                            0x0800eda1   Thumb Code   156  dnaninf.o(x$fpl$dnaninf)
    __fpl_dretinf                            0x0800ee3d   Thumb Code    12  dretinf.o(x$fpl$dretinf)
    __aeabi_f2d                              0x0800ee49   Thumb Code     0  f2d.o(x$fpl$f2d)
    _f2d                                     0x0800ee49   Thumb Code    86  f2d.o(x$fpl$f2d)
    __fpl_fnaninf                            0x0800ee9f   Thumb Code   140  fnaninf.o(x$fpl$fnaninf)
    _fp_init                                 0x0800ef2b   Thumb Code    10  fpinit.o(x$fpl$fpinit)
    __fplib_config_fpu_vfp                   0x0800ef33   Thumb Code     0  fpinit.o(x$fpl$fpinit)
    __fplib_config_pureend_doubles           0x0800ef33   Thumb Code     0  fpinit.o(x$fpl$fpinit)
    __fpl_fretinf                            0x0800ef35   Thumb Code    10  fretinf.o(x$fpl$fretinf)
    _printf_fp_dec                           0x0800ef3f   Thumb Code     4  printf1.o(x$fpl$printf1)
    _printf_fp_hex                           0x0800ef43   Thumb Code     4  printf2.o(x$fpl$printf2)
    __I$use$fp                               0x0800ef46   Number         0  usenofp.o(x$fpl$usenofp)
    AHBPrescTable                            0x0800efdc   Data          16  system_stm32f4xx.o(.constdata)
    APBPrescTable                            0x0800efec   Data           8  system_stm32f4xx.o(.constdata)
    Region$$Table$$Base                      0x0800f134   Number         0  anon$$obj.o(Region$$Table)
    Region$$Table$$Limit                     0x0800f154   Number         0  anon$$obj.o(Region$$Table)
    __ctype                                  0x0800f161   Data           0  lc_ctype_c.o(locale$$data)
    accelTaskHandle                          0x20000000   Data           4  main.o(.data)
    sendTaskHandle                           0x20000004   Data           4  main.o(.data)
    updateTaskHandle                         0x20000008   Data           4  main.o(.data)
    accelDataQueueHandle                     0x2000000c   Data           4  main.o(.data)
    uartMutexHandle                          0x20000010   Data           4  main.o(.data)
    evt_id                                   0x20000014   Data           4  main.o(.data)
    flags                                    0x20000018   Data           4  main.o(.data)
    uwTickFreq                               0x2000001c   Data           1  stm32f4xx_hal.o(.data)
    uwTickPrio                               0x20000020   Data           4  stm32f4xx_hal.o(.data)
    uwTick                                   0x20000024   Data           4  stm32f4xx_hal.o(.data)
    SystemCoreClock                          0x20000028   Data           4  system_stm32f4xx.o(.data)
    pxCurrentTCB                             0x2000002c   Data           4  tasks.o(.data)
    rx_buffer                                0x200000a8   Data          64  main.o(.bss)
    hi2c1                                    0x200000e8   Data          84  main.o(.bss)
    hspi1                                    0x2000013c   Data          88  main.o(.bss)
    huart2                                   0x20000194   Data          64  main.o(.bss)
    huart6                                   0x200001d4   Data          64  main.o(.bss)
    uartTxBuf                                0x20000214   Data          32  main.o(.bss)
    signature_sector                         0x20000234   Data          20  main.o(.bss)
    htim5                                    0x20000248   Data          64  stm32f4xx_hal_timebase_tim.o(.bss)
    pFlash                                   0x20000288   Data          32  stm32f4xx_hal_flash.o(.bss)
    xQueueRegistry                           0x200002a8   Data          64  queue.o(.bss)
    __libspace_start                         0x20004b7c   Data          96  libspace.o(.bss)
    __temporary_stack_top$libspace           0x20004bdc   Data           0  libspace.o(.bss)



==============================================================================

Memory Map of the image

  Image Entry point : 0x08008199

  Load Region LR_IROM1 (Base: 0x08008000, Size: 0x00007328, Max: 0x00080000, ABSOLUTE)

    Execution Region ER_IROM1 (Exec base: 0x08008000, Load base: 0x08008000, Size: 0x00007280, Max: 0x00080000, ABSOLUTE)

    Exec Addr    Load Addr    Size         Type   Attr      Idx    E Section Name        Object

    0x08008000   0x08008000   0x00000198   Data   RO            3    RESET               startup_stm32f411xe.o
    0x08008198   0x08008198   0x00000008   Code   RO         5426  * !!!main             c_w.l(__main.o)
    0x080081a0   0x080081a0   0x00000034   Code   RO         5766    !!!scatter          c_w.l(__scatter.o)
    0x080081d4   0x080081d4   0x0000001a   Code   RO         5768    !!handler_copy      c_w.l(__scatter_copy.o)
    0x080081ee   0x080081ee   0x00000002   PAD
    0x080081f0   0x080081f0   0x0000001c   Code   RO         5770    !!handler_zi        c_w.l(__scatter_zi.o)
    0x0800820c   0x0800820c   0x00000000   Code   RO         5402    .ARM.Collect$$_printf_percent$$00000000  c_w.l(_printf_percent.o)
    0x0800820c   0x0800820c   0x00000006   Code   RO         5502    .ARM.Collect$$_printf_percent$$00000001  c_w.l(_printf_n.o)
    0x08008212   0x08008212   0x00000006   Code   RO         5504    .ARM.Collect$$_printf_percent$$00000002  c_w.l(_printf_p.o)
    0x08008218   0x08008218   0x00000006   Code   RO         5401    .ARM.Collect$$_printf_percent$$00000003  c_w.l(_printf_f.o)
    0x0800821e   0x0800821e   0x00000006   Code   RO         5509    .ARM.Collect$$_printf_percent$$00000004  c_w.l(_printf_e.o)
    0x08008224   0x08008224   0x00000006   Code   RO         5510    .ARM.Collect$$_printf_percent$$00000005  c_w.l(_printf_g.o)
    0x0800822a   0x0800822a   0x00000006   Code   RO         5511    .ARM.Collect$$_printf_percent$$00000006  c_w.l(_printf_a.o)
    0x08008230   0x08008230   0x0000000a   Code   RO         5516    .ARM.Collect$$_printf_percent$$00000007  c_w.l(_printf_ll.o)
    0x0800823a   0x0800823a   0x00000006   Code   RO         5506    .ARM.Collect$$_printf_percent$$00000008  c_w.l(_printf_i.o)
    0x08008240   0x08008240   0x00000006   Code   RO         5507    .ARM.Collect$$_printf_percent$$00000009  c_w.l(_printf_d.o)
    0x08008246   0x08008246   0x00000006   Code   RO         5508    .ARM.Collect$$_printf_percent$$0000000A  c_w.l(_printf_u.o)
    0x0800824c   0x0800824c   0x00000006   Code   RO         5505    .ARM.Collect$$_printf_percent$$0000000B  c_w.l(_printf_o.o)
    0x08008252   0x08008252   0x00000006   Code   RO         5503    .ARM.Collect$$_printf_percent$$0000000C  c_w.l(_printf_x.o)
    0x08008258   0x08008258   0x00000006   Code   RO         5513    .ARM.Collect$$_printf_percent$$0000000D  c_w.l(_printf_lli.o)
    0x0800825e   0x0800825e   0x00000006   Code   RO         5514    .ARM.Collect$$_printf_percent$$0000000E  c_w.l(_printf_lld.o)
    0x08008264   0x08008264   0x00000006   Code   RO         5515    .ARM.Collect$$_printf_percent$$0000000F  c_w.l(_printf_llu.o)
    0x0800826a   0x0800826a   0x00000006   Code   RO         5520    .ARM.Collect$$_printf_percent$$00000010  c_w.l(_printf_llo.o)
    0x08008270   0x08008270   0x00000006   Code   RO         5521    .ARM.Collect$$_printf_percent$$00000011  c_w.l(_printf_llx.o)
    0x08008276   0x08008276   0x0000000a   Code   RO         5517    .ARM.Collect$$_printf_percent$$00000012  c_w.l(_printf_l.o)
    0x08008280   0x08008280   0x00000006   Code   RO         5500    .ARM.Collect$$_printf_percent$$00000013  c_w.l(_printf_c.o)
    0x08008286   0x08008286   0x00000006   Code   RO         5501    .ARM.Collect$$_printf_percent$$00000014  c_w.l(_printf_s.o)
    0x0800828c   0x0800828c   0x00000006   Code   RO         5518    .ARM.Collect$$_printf_percent$$00000015  c_w.l(_printf_lc.o)
    0x08008292   0x08008292   0x00000006   Code   RO         5519    .ARM.Collect$$_printf_percent$$00000016  c_w.l(_printf_ls.o)
    0x08008298   0x08008298   0x00000004   Code   RO         5512    .ARM.Collect$$_printf_percent$$00000017  c_w.l(_printf_percent_end.o)
    0x0800829c   0x0800829c   0x00000002   Code   RO         5639    .ARM.Collect$$libinit$$00000000  c_w.l(libinit.o)
    0x0800829e   0x0800829e   0x00000004   Code   RO         5640    .ARM.Collect$$libinit$$00000001  c_w.l(libinit2.o)
    0x080082a2   0x080082a2   0x00000000   Code   RO         5643    .ARM.Collect$$libinit$$00000004  c_w.l(libinit2.o)
    0x080082a2   0x080082a2   0x00000000   Code   RO         5646    .ARM.Collect$$libinit$$0000000A  c_w.l(libinit2.o)
    0x080082a2   0x080082a2   0x00000000   Code   RO         5648    .ARM.Collect$$libinit$$0000000C  c_w.l(libinit2.o)
    0x080082a2   0x080082a2   0x00000000   Code   RO         5650    .ARM.Collect$$libinit$$0000000E  c_w.l(libinit2.o)
    0x080082a2   0x080082a2   0x00000006   Code   RO         5651    .ARM.Collect$$libinit$$0000000F  c_w.l(libinit2.o)
    0x080082a8   0x080082a8   0x00000000   Code   RO         5653    .ARM.Collect$$libinit$$00000011  c_w.l(libinit2.o)
    0x080082a8   0x080082a8   0x0000000c   Code   RO         5654    .ARM.Collect$$libinit$$00000012  c_w.l(libinit2.o)
    0x080082b4   0x080082b4   0x00000000   Code   RO         5655    .ARM.Collect$$libinit$$00000013  c_w.l(libinit2.o)
    0x080082b4   0x080082b4   0x00000000   Code   RO         5657    .ARM.Collect$$libinit$$00000015  c_w.l(libinit2.o)
    0x080082b4   0x080082b4   0x0000000a   Code   RO         5658    .ARM.Collect$$libinit$$00000016  c_w.l(libinit2.o)
    0x080082be   0x080082be   0x00000000   Code   RO         5659    .ARM.Collect$$libinit$$00000017  c_w.l(libinit2.o)
    0x080082be   0x080082be   0x00000000   Code   RO         5661    .ARM.Collect$$libinit$$00000019  c_w.l(libinit2.o)
    0x080082be   0x080082be   0x00000000   Code   RO         5663    .ARM.Collect$$libinit$$0000001B  c_w.l(libinit2.o)
    0x080082be   0x080082be   0x00000000   Code   RO         5665    .ARM.Collect$$libinit$$0000001D  c_w.l(libinit2.o)
    0x080082be   0x080082be   0x00000000   Code   RO         5667    .ARM.Collect$$libinit$$0000001F  c_w.l(libinit2.o)
    0x080082be   0x080082be   0x00000000   Code   RO         5669    .ARM.Collect$$libinit$$00000021  c_w.l(libinit2.o)
    0x080082be   0x080082be   0x00000000   Code   RO         5671    .ARM.Collect$$libinit$$00000023  c_w.l(libinit2.o)
    0x080082be   0x080082be   0x00000000   Code   RO         5673    .ARM.Collect$$libinit$$00000025  c_w.l(libinit2.o)
    0x080082be   0x080082be   0x00000000   Code   RO         5677    .ARM.Collect$$libinit$$0000002C  c_w.l(libinit2.o)
    0x080082be   0x080082be   0x00000000   Code   RO         5679    .ARM.Collect$$libinit$$0000002E  c_w.l(libinit2.o)
    0x080082be   0x080082be   0x00000000   Code   RO         5681    .ARM.Collect$$libinit$$00000030  c_w.l(libinit2.o)
    0x080082be   0x080082be   0x00000000   Code   RO         5683    .ARM.Collect$$libinit$$00000032  c_w.l(libinit2.o)
    0x080082be   0x080082be   0x00000002   Code   RO         5684    .ARM.Collect$$libinit$$00000033  c_w.l(libinit2.o)
    0x080082c0   0x080082c0   0x00000002   Code   RO         5731    .ARM.Collect$$libshutdown$$00000000  c_w.l(libshutdown.o)
    0x080082c2   0x080082c2   0x00000000   Code   RO         5749    .ARM.Collect$$libshutdown$$00000002  c_w.l(libshutdown2.o)
    0x080082c2   0x080082c2   0x00000000   Code   RO         5751    .ARM.Collect$$libshutdown$$00000004  c_w.l(libshutdown2.o)
    0x080082c2   0x080082c2   0x00000000   Code   RO         5754    .ARM.Collect$$libshutdown$$00000007  c_w.l(libshutdown2.o)
    0x080082c2   0x080082c2   0x00000000   Code   RO         5757    .ARM.Collect$$libshutdown$$0000000A  c_w.l(libshutdown2.o)
    0x080082c2   0x080082c2   0x00000000   Code   RO         5759    .ARM.Collect$$libshutdown$$0000000C  c_w.l(libshutdown2.o)
    0x080082c2   0x080082c2   0x00000000   Code   RO         5762    .ARM.Collect$$libshutdown$$0000000F  c_w.l(libshutdown2.o)
    0x080082c2   0x080082c2   0x00000002   Code   RO         5763    .ARM.Collect$$libshutdown$$00000010  c_w.l(libshutdown2.o)
    0x080082c4   0x080082c4   0x00000000   Code   RO         5442    .ARM.Collect$$rtentry$$00000000  c_w.l(__rtentry.o)
    0x080082c4   0x080082c4   0x00000000   Code   RO         5547    .ARM.Collect$$rtentry$$00000002  c_w.l(__rtentry2.o)
    0x080082c4   0x080082c4   0x00000006   Code   RO         5559    .ARM.Collect$$rtentry$$00000004  c_w.l(__rtentry4.o)
    0x080082ca   0x080082ca   0x00000000   Code   RO         5549    .ARM.Collect$$rtentry$$00000009  c_w.l(__rtentry2.o)
    0x080082ca   0x080082ca   0x00000004   Code   RO         5550    .ARM.Collect$$rtentry$$0000000A  c_w.l(__rtentry2.o)
    0x080082ce   0x080082ce   0x00000000   Code   RO         5552    .ARM.Collect$$rtentry$$0000000C  c_w.l(__rtentry2.o)
    0x080082ce   0x080082ce   0x00000008   Code   RO         5553    .ARM.Collect$$rtentry$$0000000D  c_w.l(__rtentry2.o)
    0x080082d6   0x080082d6   0x00000002   Code   RO         5685    .ARM.Collect$$rtexit$$00000000  c_w.l(rtexit.o)
    0x080082d8   0x080082d8   0x00000000   Code   RO         5700    .ARM.Collect$$rtexit$$00000002  c_w.l(rtexit2.o)
    0x080082d8   0x080082d8   0x00000004   Code   RO         5701    .ARM.Collect$$rtexit$$00000003  c_w.l(rtexit2.o)
    0x080082dc   0x080082dc   0x00000006   Code   RO         5702    .ARM.Collect$$rtexit$$00000004  c_w.l(rtexit2.o)
    0x080082e2   0x080082e2   0x00000002   PAD
    0x080082e4   0x080082e4   0x000000be   Code   RO         5290    .emb_text           port.o
    0x080083a2   0x080083a2   0x00000002   PAD
    0x080083a4   0x080083a4   0x00000040   Code   RO            4    .text               startup_stm32f411xe.o
    0x080083e4   0x080083e4   0x000000ee   Code   RO         5369    .text               c_w.l(lludivv7m.o)
    0x080084d2   0x080084d2   0x00000002   PAD
    0x080084d4   0x080084d4   0x00000024   Code   RO         5371    .text               c_w.l(vsprintf.o)
    0x080084f8   0x080084f8   0x0000002c   Code   RO         5373    .text               c_w.l(__2sprintf.o)
    0x08008524   0x08008524   0x0000004e   Code   RO         5379    .text               c_w.l(_printf_pad.o)
    0x08008572   0x08008572   0x00000002   PAD
    0x08008574   0x08008574   0x00000188   Code   RO         5398    .text               c_w.l(__printf_flags_ss_wp.o)
    0x080086fc   0x080086fc   0x00000070   Code   RO         5403    .text               c_w.l(strtol.o)
    0x0800876c   0x0800876c   0x0000000c   Code   RO         5405    .text               c_w.l(strtok.o)
    0x08008778   0x08008778   0x00000048   Code   RO         5408    .text               c_w.l(strcpy.o)
    0x080087c0   0x080087c0   0x0000003e   Code   RO         5410    .text               c_w.l(strlen.o)
    0x080087fe   0x080087fe   0x0000008a   Code   RO         5412    .text               c_w.l(rt_memcpy_v6.o)
    0x08008888   0x08008888   0x00000064   Code   RO         5414    .text               c_w.l(rt_memcpy_w.o)
    0x080088ec   0x080088ec   0x00000010   Code   RO         5418    .text               c_w.l(aeabi_memset.o)
    0x080088fc   0x080088fc   0x0000004e   Code   RO         5420    .text               c_w.l(rt_memclr_w.o)
    0x0800894a   0x0800894a   0x00000002   PAD
    0x0800894c   0x0800894c   0x00000080   Code   RO         5422    .text               c_w.l(strcmpv7m.o)
    0x080089cc   0x080089cc   0x00000006   Code   RO         5424    .text               c_w.l(heapauxi.o)
    0x080089d2   0x080089d2   0x00000002   PAD
    0x080089d4   0x080089d4   0x00000010   Code   RO         5443    .text               c_w.l(rt_ctype_table.o)
    0x080089e4   0x080089e4   0x00000008   Code   RO         5452    .text               c_w.l(rt_errno_addr_intlibspace.o)
    0x080089ec   0x080089ec   0x00000024   Code   RO         5454    .text               c_w.l(_printf_truncate.o)
    0x08008a10   0x08008a10   0x00000052   Code   RO         5456    .text               c_w.l(_printf_str.o)
    0x08008a62   0x08008a62   0x00000002   PAD
    0x08008a64   0x08008a64   0x00000078   Code   RO         5458    .text               c_w.l(_printf_dec.o)
    0x08008adc   0x08008adc   0x00000028   Code   RO         5460    .text               c_w.l(_printf_charcount.o)
    0x08008b04   0x08008b04   0x0000041e   Code   RO         5462    .text               c_w.l(_printf_fp_dec.o)
    0x08008f22   0x08008f22   0x00000002   PAD
    0x08008f24   0x08008f24   0x00000030   Code   RO         5464    .text               c_w.l(_printf_char_common.o)
    0x08008f54   0x08008f54   0x0000000a   Code   RO         5466    .text               c_w.l(_sputc.o)
    0x08008f5e   0x08008f5e   0x00000002   PAD
    0x08008f60   0x08008f60   0x000000bc   Code   RO         5468    .text               c_w.l(_printf_wctomb.o)
    0x0800901c   0x0800901c   0x0000007c   Code   RO         5471    .text               c_w.l(_printf_longlong_dec.o)
    0x08009098   0x08009098   0x00000070   Code   RO         5477    .text               c_w.l(_printf_oct_int_ll.o)
    0x08009108   0x08009108   0x00000094   Code   RO         5497    .text               c_w.l(_printf_hex_int_ll_ptr.o)
    0x0800919c   0x0800919c   0x0000009e   Code   RO         5522    .text               c_w.l(_strtoul.o)
    0x0800923a   0x0800923a   0x00000002   PAD
    0x0800923c   0x0800923c   0x00000044   Code   RO         5524    .text               c_w.l(strtok_int.o)
    0x08009280   0x08009280   0x00000044   Code   RO         5526    .text               c_w.l(rt_memclr.o)
    0x080092c4   0x080092c4   0x00000008   Code   RO         5543    .text               c_w.l(libspace.o)
    0x080092cc   0x080092cc   0x00000008   Code   RO         5566    .text               c_w.l(rt_locale_intlibspace.o)
    0x080092d4   0x080092d4   0x0000008a   Code   RO         5568    .text               c_w.l(lludiv10.o)
    0x0800935e   0x0800935e   0x000000b2   Code   RO         5570    .text               c_w.l(_printf_intcommon.o)
    0x08009410   0x08009410   0x000002fc   Code   RO         5572    .text               c_w.l(_printf_fp_hex.o)
    0x0800970c   0x0800970c   0x00000080   Code   RO         5575    .text               c_w.l(_printf_fp_infnan.o)
    0x0800978c   0x0800978c   0x0000002c   Code   RO         5579    .text               c_w.l(_printf_char.o)
    0x080097b8   0x080097b8   0x0000002c   Code   RO         5581    .text               c_w.l(_printf_wchar.o)
    0x080097e4   0x080097e4   0x0000001c   Code   RO         5583    .text               c_w.l(_chval.o)
    0x08009800   0x08009800   0x000000e4   Code   RO         5585    .text               c_w.l(bigflt0.o)
    0x080098e4   0x080098e4   0x00000040   Code   RO         5610    .text               c_w.l(_wcrtomb.o)
    0x08009924   0x08009924   0x00000020   Code   RO         5618    .text               c_w.l(strcspn.o)
    0x08009944   0x08009944   0x0000001c   Code   RO         5620    .text               c_w.l(strspn.o)
    0x08009960   0x08009960   0x0000004a   Code   RO         5626    .text               c_w.l(sys_stackheap_outer.o)
    0x080099aa   0x080099aa   0x00000012   Code   RO         5628    .text               c_w.l(exit.o)
    0x080099bc   0x080099bc   0x0000000c   Code   RO         5697    .text               c_w.l(sys_exit.o)
    0x080099c8   0x080099c8   0x00000002   Code   RO         5718    .text               c_w.l(use_no_semi.o)
    0x080099ca   0x080099ca   0x00000000   Code   RO         5720    .text               c_w.l(indicate_semi.o)
    0x080099ca   0x080099ca   0x0000003e   Code   RO         5588    CL$$btod_d2e        c_w.l(btod.o)
    0x08009a08   0x08009a08   0x00000046   Code   RO         5590    CL$$btod_d2e_denorm_low  c_w.l(btod.o)
    0x08009a4e   0x08009a4e   0x00000060   Code   RO         5589    CL$$btod_d2e_norm_op1  c_w.l(btod.o)
    0x08009aae   0x08009aae   0x00000338   Code   RO         5598    CL$$btod_div_common  c_w.l(btod.o)
    0x08009de6   0x08009de6   0x000000dc   Code   RO         5595    CL$$btod_e2e        c_w.l(btod.o)
    0x08009ec2   0x08009ec2   0x0000002a   Code   RO         5592    CL$$btod_ediv       c_w.l(btod.o)
    0x08009eec   0x08009eec   0x0000002a   Code   RO         5591    CL$$btod_emul       c_w.l(btod.o)
    0x08009f16   0x08009f16   0x00000244   Code   RO         5597    CL$$btod_mult_common  c_w.l(btod.o)
    0x0800a15a   0x0800a15a   0x00000002   PAD
    0x0800a15c   0x0800a15c   0x000000e0   Code   RO           13    i.AccelReadThread   main.o
    0x0800a23c   0x0800a23c   0x00000002   Code   RO          309    i.BusFault_Handler  stm32f4xx_it.o
    0x0800a23e   0x0800a23e   0x00000002   Code   RO          310    i.DebugMon_Handler  stm32f4xx_it.o
    0x0800a240   0x0800a240   0x00000006   Code   RO          311    i.EXTI0_IRQHandler  stm32f4xx_it.o
    0x0800a246   0x0800a246   0x00000002   PAD
    0x0800a248   0x0800a248   0x00000050   Code   RO         2786    i.FLASH_Erase_Sector  stm32f4xx_hal_flash_ex.o
    0x0800a298   0x0800a298   0x00000020   Code   RO         2668    i.FLASH_Program_Byte  stm32f4xx_hal_flash.o
    0x0800a2b8   0x0800a2b8   0x00000028   Code   RO         2669    i.FLASH_Program_DoubleWord  stm32f4xx_hal_flash.o
    0x0800a2e0   0x0800a2e0   0x00000024   Code   RO         2670    i.FLASH_Program_HalfWord  stm32f4xx_hal_flash.o
    0x0800a304   0x0800a304   0x00000024   Code   RO         2671    i.FLASH_Program_Word  stm32f4xx_hal_flash.o
    0x0800a328   0x0800a328   0x0000007c   Code   RO         2672    i.FLASH_SetErrorCode  stm32f4xx_hal_flash.o
    0x0800a3a4   0x0800a3a4   0x00000050   Code   RO         2673    i.FLASH_WaitForLastOperation  stm32f4xx_hal_flash.o
    0x0800a3f4   0x0800a3f4   0x00000014   Code   RO         2677    i.HAL_FLASH_Lock    stm32f4xx_hal_flash.o
    0x0800a408   0x0800a408   0x0000007c   Code   RO         2682    i.HAL_FLASH_Program  stm32f4xx_hal_flash.o
    0x0800a484   0x0800a484   0x0000002c   Code   RO         2684    i.HAL_FLASH_Unlock  stm32f4xx_hal_flash.o
    0x0800a4b0   0x0800a4b0   0x00000034   Code   RO           15    i.HAL_GPIO_EXTI_Callback  main.o
    0x0800a4e4   0x0800a4e4   0x00000018   Code   RO         2914    i.HAL_GPIO_EXTI_IRQHandler  stm32f4xx_hal_gpio.o
    0x0800a4fc   0x0800a4fc   0x00000188   Code   RO         2915    i.HAL_GPIO_Init     stm32f4xx_hal_gpio.o
    0x0800a684   0x0800a684   0x0000000a   Code   RO         2919    i.HAL_GPIO_WritePin  stm32f4xx_hal_gpio.o
    0x0800a68e   0x0800a68e   0x00000002   PAD
    0x0800a690   0x0800a690   0x0000000c   Code   RO         3471    i.HAL_GetTick       stm32f4xx_hal.o
    0x0800a69c   0x0800a69c   0x00000174   Code   RO          489    i.HAL_I2C_Init      stm32f4xx_hal_i2c.o
    0x0800a810   0x0800a810   0x000001e0   Code   RO          495    i.HAL_I2C_Master_Receive  stm32f4xx_hal_i2c.o
    0x0800a9f0   0x0800a9f0   0x0000012c   Code   RO          502    i.HAL_I2C_Master_Transmit  stm32f4xx_hal_i2c.o
    0x0800ab1c   0x0800ab1c   0x0000006c   Code   RO          380    i.HAL_I2C_MspInit   stm32f4xx_hal_msp.o
    0x0800ab88   0x0800ab88   0x00000010   Code   RO         3477    i.HAL_IncTick       stm32f4xx_hal.o
    0x0800ab98   0x0800ab98   0x00000034   Code   RO         3478    i.HAL_Init          stm32f4xx_hal.o
    0x0800abcc   0x0800abcc   0x00000074   Code   RO          439    i.HAL_InitTick      stm32f4xx_hal_timebase_tim.o
    0x0800ac40   0x0800ac40   0x00000038   Code   RO          381    i.HAL_MspInit       stm32f4xx_hal_msp.o
    0x0800ac78   0x0800ac78   0x0000001a   Code   RO         3328    i.HAL_NVIC_EnableIRQ  stm32f4xx_hal_cortex.o
    0x0800ac92   0x0800ac92   0x00000002   PAD
    0x0800ac94   0x0800ac94   0x00000040   Code   RO         3334    i.HAL_NVIC_SetPriority  stm32f4xx_hal_cortex.o
    0x0800acd4   0x0800acd4   0x00000024   Code   RO         3335    i.HAL_NVIC_SetPriorityGrouping  stm32f4xx_hal_cortex.o
    0x0800acf8   0x0800acf8   0x00000130   Code   RO         2507    i.HAL_RCC_ClockConfig  stm32f4xx_hal_rcc.o
    0x0800ae28   0x0800ae28   0x00000040   Code   RO         2511    i.HAL_RCC_GetClockConfig  stm32f4xx_hal_rcc.o
    0x0800ae68   0x0800ae68   0x00000020   Code   RO         2514    i.HAL_RCC_GetPCLK1Freq  stm32f4xx_hal_rcc.o
    0x0800ae88   0x0800ae88   0x00000020   Code   RO         2515    i.HAL_RCC_GetPCLK2Freq  stm32f4xx_hal_rcc.o
    0x0800aea8   0x0800aea8   0x00000064   Code   RO         2516    i.HAL_RCC_GetSysClockFreq  stm32f4xx_hal_rcc.o
    0x0800af0c   0x0800af0c   0x0000031c   Code   RO         2519    i.HAL_RCC_OscConfig  stm32f4xx_hal_rcc.o
    0x0800b228   0x0800b228   0x00000080   Code   RO          941    i.HAL_SPI_Init      stm32f4xx_hal_spi.o
    0x0800b2a8   0x0800b2a8   0x00000068   Code   RO          383    i.HAL_SPI_MspInit   stm32f4xx_hal_msp.o
    0x0800b310   0x0800b310   0x00000002   Code   RO         1929    i.HAL_TIMEx_BreakCallback  stm32f4xx_hal_tim_ex.o
    0x0800b312   0x0800b312   0x00000002   Code   RO         1930    i.HAL_TIMEx_CommutCallback  stm32f4xx_hal_tim_ex.o
    0x0800b314   0x0800b314   0x00000036   Code   RO         1254    i.HAL_TIM_Base_Init  stm32f4xx_hal_tim.o
    0x0800b34a   0x0800b34a   0x00000002   Code   RO         1256    i.HAL_TIM_Base_MspInit  stm32f4xx_hal_tim.o
    0x0800b34c   0x0800b34c   0x00000022   Code   RO         1259    i.HAL_TIM_Base_Start_IT  stm32f4xx_hal_tim.o
    0x0800b36e   0x0800b36e   0x00000002   Code   RO         1283    i.HAL_TIM_IC_CaptureCallback  stm32f4xx_hal_tim.o
    0x0800b370   0x0800b370   0x00000166   Code   RO         1297    i.HAL_TIM_IRQHandler  stm32f4xx_hal_tim.o
    0x0800b4d6   0x0800b4d6   0x00000002   Code   RO         1300    i.HAL_TIM_OC_DelayElapsedCallback  stm32f4xx_hal_tim.o
    0x0800b4d8   0x0800b4d8   0x00000002   Code   RO         1327    i.HAL_TIM_PWM_PulseFinishedCallback  stm32f4xx_hal_tim.o
    0x0800b4da   0x0800b4da   0x00000002   PAD
    0x0800b4dc   0x0800b4dc   0x00000014   Code   RO           16    i.HAL_TIM_PeriodElapsedCallback  main.o
    0x0800b4f0   0x0800b4f0   0x00000002   Code   RO         1340    i.HAL_TIM_TriggerCallback  stm32f4xx_hal_tim.o
    0x0800b4f2   0x0800b4f2   0x00000062   Code   RO         2205    i.HAL_UART_Init     stm32f4xx_hal_uart.o
    0x0800b554   0x0800b554   0x000000a8   Code   RO          385    i.HAL_UART_MspInit  stm32f4xx_hal_msp.o
    0x0800b5fc   0x0800b5fc   0x000000b8   Code   RO         2208    i.HAL_UART_Receive  stm32f4xx_hal_uart.o
    0x0800b6b4   0x0800b6b4   0x000000ba   Code   RO         2213    i.HAL_UART_Transmit  stm32f4xx_hal_uart.o
    0x0800b76e   0x0800b76e   0x00000002   Code   RO          312    i.HardFault_Handler  stm32f4xx_it.o
    0x0800b770   0x0800b770   0x0000002e   Code   RO          531    i.I2C_IsAcknowledgeFailed  stm32f4xx_hal_i2c.o
    0x0800b79e   0x0800b79e   0x000000d4   Code   RO          534    i.I2C_MasterRequestRead  stm32f4xx_hal_i2c.o
    0x0800b872   0x0800b872   0x00000002   PAD
    0x0800b874   0x0800b874   0x00000088   Code   RO          535    i.I2C_MasterRequestWrite  stm32f4xx_hal_i2c.o
    0x0800b8fc   0x0800b8fc   0x0000004c   Code   RO          544    i.I2C_WaitOnBTFFlagUntilTimeout  stm32f4xx_hal_i2c.o
    0x0800b948   0x0800b948   0x00000068   Code   RO          545    i.I2C_WaitOnFlagUntilTimeout  stm32f4xx_hal_i2c.o
    0x0800b9b0   0x0800b9b0   0x00000096   Code   RO          546    i.I2C_WaitOnMasterAddressFlagUntilTimeout  stm32f4xx_hal_i2c.o
    0x0800ba46   0x0800ba46   0x00000066   Code   RO          547    i.I2C_WaitOnRXNEFlagUntilTimeout  stm32f4xx_hal_i2c.o
    0x0800baac   0x0800baac   0x0000004c   Code   RO          548    i.I2C_WaitOnTXEFlagUntilTimeout  stm32f4xx_hal_i2c.o
    0x0800baf8   0x0800baf8   0x000000e0   Code   RO           17    i.MX_GPIO_Init      main.o
    0x0800bbd8   0x0800bbd8   0x00000038   Code   RO           18    i.MX_SPI1_Init      main.o
    0x0800bc10   0x0800bc10   0x00000002   Code   RO          313    i.MemManage_Handler  stm32f4xx_it.o
    0x0800bc12   0x0800bc12   0x00000002   Code   RO          314    i.NMI_Handler       stm32f4xx_it.o
    0x0800bc14   0x0800bc14   0x0000002c   Code   RO         5291    i.SysTick_Handler   port.o
    0x0800bc40   0x0800bc40   0x00000088   Code   RO           19    i.SystemClock_Config  main.o
    0x0800bcc8   0x0800bcc8   0x00000058   Code   RO         3714    i.SystemInit        system_stm32f4xx.o
    0x0800bd20   0x0800bd20   0x0000000c   Code   RO          315    i.TIM5_IRQHandler   stm32f4xx_it.o
    0x0800bd2c   0x0800bd2c   0x00000098   Code   RO         1342    i.TIM_Base_SetConfig  stm32f4xx_hal_tim.o
    0x0800bdc4   0x0800bdc4   0x00000080   Code   RO           20    i.TrasnsmitUartThread  main.o
    0x0800be44   0x0800be44   0x000002ac   Code   RO         2231    i.UART_SetConfig    stm32f4xx_hal_uart.o
    0x0800c0f0   0x0800c0f0   0x00000064   Code   RO         2233    i.UART_WaitOnFlagUntilTimeout  stm32f4xx_hal_uart.o
    0x0800c154   0x0800c154   0x000001f0   Code   RO           21    i.UpdateHandleThread  main.o
    0x0800c344   0x0800c344   0x00000002   Code   RO          316    i.UsageFault_Handler  stm32f4xx_it.o
    0x0800c346   0x0800c346   0x00000030   Code   RO         5624    i.__ARM_fpclassify  m_wm.l(fpclassify.o)
    0x0800c376   0x0800c376   0x00000020   Code   RO         3341    i.__NVIC_SetPriority  stm32f4xx_hal_cortex.o
    0x0800c396   0x0800c396   0x0000000e   Code   RO         5391    i._is_digit         c_w.l(__printf_wp.o)
    0x0800c3a4   0x0800c3a4   0x00000130   Code   RO           22    i.getAccelData      main.o
    0x0800c4d4   0x0800c4d4   0x000000e0   Code   RO           23    i.initAccel_LSM303DLHC  main.o
    0x0800c5b4   0x0800c5b4   0x00000138   Code   RO           24    i.main              main.o
    0x0800c6ec   0x0800c6ec   0x00000034   Code   RO         4820    i.osDelay           cmsis_os2.o
    0x0800c720   0x0800c720   0x00000058   Code   RO         4822    i.osEventFlagsClear  cmsis_os2.o
    0x0800c778   0x0800c778   0x00000044   Code   RO         4825    i.osEventFlagsNew   cmsis_os2.o
    0x0800c7bc   0x0800c7bc   0x0000006c   Code   RO         4826    i.osEventFlagsSet   cmsis_os2.o
    0x0800c828   0x0800c828   0x0000007c   Code   RO         4827    i.osEventFlagsWait  cmsis_os2.o
    0x0800c8a4   0x0800c8a4   0x00000038   Code   RO         4834    i.osKernelInitialize  cmsis_os2.o
    0x0800c8dc   0x0800c8dc   0x00000040   Code   RO         4837    i.osKernelStart     cmsis_os2.o
    0x0800c91c   0x0800c91c   0x0000007c   Code   RO         4840    i.osMessageQueueGet  cmsis_os2.o
    0x0800c998   0x0800c998   0x00000074   Code   RO         4845    i.osMessageQueueNew  cmsis_os2.o
    0x0800ca0c   0x0800ca0c   0x00000080   Code   RO         4846    i.osMessageQueuePut  cmsis_os2.o
    0x0800ca8c   0x0800ca8c   0x0000006c   Code   RO         4848    i.osMutexAcquire    cmsis_os2.o
    0x0800caf8   0x0800caf8   0x00000080   Code   RO         4851    i.osMutexNew        cmsis_os2.o
    0x0800cb78   0x0800cb78   0x0000005c   Code   RO         4852    i.osMutexRelease    cmsis_os2.o
    0x0800cbd4   0x0800cbd4   0x000000a4   Code   RO         4871    i.osThreadNew       cmsis_os2.o
    0x0800cc78   0x0800cc78   0x00000068   Code   RO           25    i.parsing_update_request  main.o
    0x0800cce0   0x0800cce0   0x0000005c   Code   RO         4316    i.prvAddCurrentTaskToDelayedList  tasks.o
    0x0800cd3c   0x0800cd3c   0x000000d0   Code   RO         4317    i.prvAddNewTaskToReadyList  tasks.o
    0x0800ce0c   0x0800ce0c   0x00000058   Code   RO         4666    i.prvCheckForValidListAndQueue  timers.o
    0x0800ce64   0x0800ce64   0x00000026   Code   RO         3919    i.prvCopyDataFromQueue  queue.o
    0x0800ce8a   0x0800ce8a   0x0000006c   Code   RO         3920    i.prvCopyDataToQueue  queue.o
    0x0800cef6   0x0800cef6   0x00000034   Code   RO         4318    i.prvDeleteTCB      tasks.o
    0x0800cf2a   0x0800cf2a   0x00000002   PAD
    0x0800cf2c   0x0800cf2c   0x0000004c   Code   RO         5241    i.prvHeapInit       heap_4.o
    0x0800cf78   0x0800cf78   0x00000060   Code   RO         4319    i.prvIdleTask       tasks.o
    0x0800cfd8   0x0800cfd8   0x00000016   Code   RO         3921    i.prvInitialiseMutex  queue.o
    0x0800cfee   0x0800cfee   0x00000002   PAD
    0x0800cff0   0x0800cff0   0x00000022   Code   RO         3922    i.prvInitialiseNewQueue  queue.o
    0x0800d012   0x0800d012   0x0000009c   Code   RO         4320    i.prvInitialiseNewTask  tasks.o
    0x0800d0ae   0x0800d0ae   0x00000002   PAD
    0x0800d0b0   0x0800d0b0   0x0000004c   Code   RO         5242    i.prvInsertBlockIntoFreeList  heap_4.o
    0x0800d0fc   0x0800d0fc   0x00000038   Code   RO         4668    i.prvInsertTimerInActiveList  timers.o
    0x0800d134   0x0800d134   0x0000001c   Code   RO         3923    i.prvIsQueueEmpty   queue.o
    0x0800d150   0x0800d150   0x000000cc   Code   RO         4669    i.prvProcessReceivedCommands  timers.o
    0x0800d21c   0x0800d21c   0x000000b4   Code   RO         4670    i.prvProcessTimerOrBlockTask  timers.o
    0x0800d2d0   0x0800d2d0   0x00000020   Code   RO         4322    i.prvResetNextTaskUnblockTime  tasks.o
    0x0800d2f0   0x0800d2f0   0x00000028   Code   RO         4671    i.prvSampleTimeNow  timers.o
    0x0800d318   0x0800d318   0x0000006c   Code   RO         4672    i.prvSwitchTimerLists  timers.o
    0x0800d384   0x0800d384   0x00000028   Code   RO         5292    i.prvTaskExitError  port.o
    0x0800d3ac   0x0800d3ac   0x00000014   Code   RO         3757    i.prvTestWaitCondition  event_groups.o
    0x0800d3c0   0x0800d3c0   0x00000024   Code   RO         4673    i.prvTimerTask      timers.o
    0x0800d3e4   0x0800d3e4   0x0000006a   Code   RO         3924    i.prvUnlockQueue    queue.o
    0x0800d44e   0x0800d44e   0x00000002   PAD
    0x0800d450   0x0800d450   0x000000d8   Code   RO         5243    i.pvPortMalloc      heap_4.o
    0x0800d528   0x0800d528   0x00000018   Code   RO         4325    i.pvTaskIncrementMutexHeldCount  tasks.o
    0x0800d540   0x0800d540   0x0000002c   Code   RO         5293    i.pxPortInitialiseStack  port.o
    0x0800d56c   0x0800d56c   0x0000002c   Code   RO           26    i.strrev            main.o
    0x0800d598   0x0800d598   0x00000026   Code   RO         3879    i.uxListRemove      list.o
    0x0800d5be   0x0800d5be   0x00000002   PAD
    0x0800d5c0   0x0800d5c0   0x00000018   Code   RO         4333    i.uxTaskResetEventItemValue  tasks.o
    0x0800d5d8   0x0800d5d8   0x00000014   Code   RO         4883    i.vApplicationGetIdleTaskMemory  cmsis_os2.o
    0x0800d5ec   0x0800d5ec   0x00000018   Code   RO         4884    i.vApplicationGetTimerTaskMemory  cmsis_os2.o
    0x0800d604   0x0800d604   0x00000004   Code   RO         3759    i.vEventGroupClearBitsCallback  event_groups.o
    0x0800d608   0x0800d608   0x00000004   Code   RO         3761    i.vEventGroupSetBitsCallback  event_groups.o
    0x0800d60c   0x0800d60c   0x00000016   Code   RO         3880    i.vListInitialise   list.o
    0x0800d622   0x0800d622   0x00000006   Code   RO         3881    i.vListInitialiseItem  list.o
    0x0800d628   0x0800d628   0x00000030   Code   RO         3882    i.vListInsert       list.o
    0x0800d658   0x0800d658   0x00000018   Code   RO         3883    i.vListInsertEnd    list.o
    0x0800d670   0x0800d670   0x00000040   Code   RO         5295    i.vPortEnterCritical  port.o
    0x0800d6b0   0x0800d6b0   0x00000028   Code   RO         5296    i.vPortExitCritical  port.o
    0x0800d6d8   0x0800d6d8   0x0000005c   Code   RO         5244    i.vPortFree         heap_4.o
    0x0800d734   0x0800d734   0x00000024   Code   RO         5297    i.vPortSetupTimerInterrupt  port.o
    0x0800d758   0x0800d758   0x00000054   Code   RO         5298    i.vPortValidateInterruptPriority  port.o
    0x0800d7ac   0x0800d7ac   0x00000028   Code   RO         3930    i.vQueueAddToRegistry  queue.o
    0x0800d7d4   0x0800d7d4   0x00000044   Code   RO         3934    i.vQueueWaitForMessageRestricted  queue.o
    0x0800d818   0x0800d818   0x0000004c   Code   RO         4334    i.vTaskDelay        tasks.o
    0x0800d864   0x0800d864   0x00000010   Code   RO         4339    i.vTaskInternalSetTimeOutState  tasks.o
    0x0800d874   0x0800d874   0x0000000c   Code   RO         4340    i.vTaskMissedYield  tasks.o
    0x0800d880   0x0800d880   0x00000030   Code   RO         4342    i.vTaskPlaceOnEventList  tasks.o
    0x0800d8b0   0x0800d8b0   0x00000038   Code   RO         4343    i.vTaskPlaceOnEventListRestricted  tasks.o
    0x0800d8e8   0x0800d8e8   0x00000050   Code   RO         4344    i.vTaskPlaceOnUnorderedEventList  tasks.o
    0x0800d938   0x0800d938   0x00000090   Code   RO         4345    i.vTaskPriorityDisinheritAfterTimeout  tasks.o
    0x0800d9c8   0x0800d9c8   0x00000070   Code   RO         4347    i.vTaskRemoveFromUnorderedEventList  tasks.o
    0x0800da38   0x0800da38   0x00000088   Code   RO         4351    i.vTaskStartScheduler  tasks.o
    0x0800dac0   0x0800dac0   0x00000010   Code   RO         4353    i.vTaskSuspendAll   tasks.o
    0x0800dad0   0x0800dad0   0x00000064   Code   RO         4354    i.vTaskSwitchContext  tasks.o
    0x0800db34   0x0800db34   0x00000058   Code   RO           27    i.write_to_flash_word  main.o
    0x0800db8c   0x0800db8c   0x00000040   Code   RO         3763    i.xEventGroupClearBits  event_groups.o
    0x0800dbcc   0x0800dbcc   0x00000010   Code   RO         3764    i.xEventGroupClearBitsFromISR  event_groups.o
    0x0800dbdc   0x0800dbdc   0x0000001c   Code   RO         3765    i.xEventGroupCreate  event_groups.o
    0x0800dbf8   0x0800dbf8   0x0000002c   Code   RO         3766    i.xEventGroupCreateStatic  event_groups.o
    0x0800dc24   0x0800dc24   0x0000001a   Code   RO         3767    i.xEventGroupGetBitsFromISR  event_groups.o
    0x0800dc3e   0x0800dc3e   0x0000008c   Code   RO         3768    i.xEventGroupSetBits  event_groups.o
    0x0800dcca   0x0800dcca   0x00000002   PAD
    0x0800dccc   0x0800dccc   0x00000010   Code   RO         3769    i.xEventGroupSetBitsFromISR  event_groups.o
    0x0800dcdc   0x0800dcdc   0x00000108   Code   RO         3771    i.xEventGroupWaitBits  event_groups.o
    0x0800dde4   0x0800dde4   0x000000f4   Code   RO         5299    i.xPortStartScheduler  port.o
    0x0800ded8   0x0800ded8   0x00000016   Code   RO         3937    i.xQueueCreateMutex  queue.o
    0x0800deee   0x0800deee   0x0000001a   Code   RO         3938    i.xQueueCreateMutexStatic  queue.o
    0x0800df08   0x0800df08   0x00000048   Code   RO         3939    i.xQueueGenericCreate  queue.o
    0x0800df50   0x0800df50   0x00000066   Code   RO         3940    i.xQueueGenericCreateStatic  queue.o
    0x0800dfb6   0x0800dfb6   0x00000002   PAD
    0x0800dfb8   0x0800dfb8   0x00000088   Code   RO         3941    i.xQueueGenericReset  queue.o
    0x0800e040   0x0800e040   0x00000160   Code   RO         3942    i.xQueueGenericSend  queue.o
    0x0800e1a0   0x0800e1a0   0x000000bc   Code   RO         3943    i.xQueueGenericSendFromISR  queue.o
    0x0800e25c   0x0800e25c   0x0000003e   Code   RO         3947    i.xQueueGiveMutexRecursive  queue.o
    0x0800e29a   0x0800e29a   0x00000002   PAD
    0x0800e29c   0x0800e29c   0x00000138   Code   RO         3952    i.xQueueReceive     queue.o
    0x0800e3d4   0x0800e3d4   0x0000009a   Code   RO         3953    i.xQueueReceiveFromISR  queue.o
    0x0800e46e   0x0800e46e   0x00000002   PAD
    0x0800e470   0x0800e470   0x00000178   Code   RO         3954    i.xQueueSemaphoreTake  queue.o
    0x0800e5e8   0x0800e5e8   0x00000040   Code   RO         3955    i.xQueueTakeMutexRecursive  queue.o
    0x0800e628   0x0800e628   0x00000074   Code   RO         4355    i.xTaskCheckForTimeOut  tasks.o
    0x0800e69c   0x0800e69c   0x0000005a   Code   RO         4356    i.xTaskCreate       tasks.o
    0x0800e6f6   0x0800e6f6   0x00000056   Code   RO         4357    i.xTaskCreateStatic  tasks.o
    0x0800e74c   0x0800e74c   0x0000000c   Code   RO         4360    i.xTaskGetCurrentTaskHandle  tasks.o
    0x0800e758   0x0800e758   0x0000001c   Code   RO         4361    i.xTaskGetSchedulerState  tasks.o
    0x0800e774   0x0800e774   0x0000000c   Code   RO         4362    i.xTaskGetTickCount  tasks.o
    0x0800e780   0x0800e780   0x000000c8   Code   RO         4364    i.xTaskIncrementTick  tasks.o
    0x0800e848   0x0800e848   0x00000080   Code   RO         4367    i.xTaskPriorityDisinherit  tasks.o
    0x0800e8c8   0x0800e8c8   0x00000078   Code   RO         4368    i.xTaskPriorityInherit  tasks.o
    0x0800e940   0x0800e940   0x00000070   Code   RO         4369    i.xTaskRemoveFromEventList  tasks.o
    0x0800e9b0   0x0800e9b0   0x000000c4   Code   RO         4370    i.xTaskResumeAll    tasks.o
    0x0800ea74   0x0800ea74   0x00000060   Code   RO         4680    i.xTimerCreateTimerTask  timers.o
    0x0800ead4   0x0800ead4   0x00000068   Code   RO         4681    i.xTimerGenericCommand  timers.o
    0x0800eb3c   0x0800eb3c   0x00000028   Code   RO         4687    i.xTimerPendFunctionCallFromISR  timers.o
    0x0800eb64   0x0800eb64   0x0000002c   Code   RO         5613    locale$$code        c_w.l(lc_ctype_c.o)
    0x0800eb90   0x0800eb90   0x0000002c   Code   RO         5616    locale$$code        c_w.l(lc_numeric_c.o)
    0x0800ebbc   0x0800ebbc   0x00000062   Code   RO         5428    x$fpl$d2f           fz_wm.l(d2f.o)
    0x0800ec1e   0x0800ec1e   0x0000002e   Code   RO         5431    x$fpl$dflt          fz_wm.l(dflt_clz.o)
    0x0800ec4c   0x0800ec4c   0x00000154   Code   RO         5436    x$fpl$dmul          fz_wm.l(dmul.o)
    0x0800eda0   0x0800eda0   0x0000009c   Code   RO         5528    x$fpl$dnaninf       fz_wm.l(dnaninf.o)
    0x0800ee3c   0x0800ee3c   0x0000000c   Code   RO         5530    x$fpl$dretinf       fz_wm.l(dretinf.o)
    0x0800ee48   0x0800ee48   0x00000056   Code   RO         5438    x$fpl$f2d           fz_wm.l(f2d.o)
    0x0800ee9e   0x0800ee9e   0x0000008c   Code   RO         5532    x$fpl$fnaninf       fz_wm.l(fnaninf.o)
    0x0800ef2a   0x0800ef2a   0x0000000a   Code   RO         5695    x$fpl$fpinit        fz_wm.l(fpinit.o)
    0x0800ef34   0x0800ef34   0x0000000a   Code   RO         5534    x$fpl$fretinf       fz_wm.l(fretinf.o)
    0x0800ef3e   0x0800ef3e   0x00000004   Code   RO         5440    x$fpl$printf1       fz_wm.l(printf1.o)
    0x0800ef42   0x0800ef42   0x00000004   Code   RO         5536    x$fpl$printf2       fz_wm.l(printf2.o)
    0x0800ef46   0x0800ef46   0x00000000   Code   RO         5542    x$fpl$usenofp       fz_wm.l(usenofp.o)
    0x0800ef46   0x0800ef46   0x00000002   PAD
    0x0800ef48   0x0800ef48   0x00000094   Data   RO           29    .constdata          main.o
    0x0800efdc   0x0800efdc   0x00000010   Data   RO         3715    .constdata          system_stm32f4xx.o
    0x0800efec   0x0800efec   0x00000008   Data   RO         3716    .constdata          system_stm32f4xx.o
    0x0800eff4   0x0800eff4   0x00000011   Data   RO         5399    .constdata          c_w.l(__printf_flags_ss_wp.o)
    0x0800f005   0x0800f005   0x00000003   PAD
    0x0800f008   0x0800f008   0x00000008   Data   RO         5469    .constdata          c_w.l(_printf_wctomb.o)
    0x0800f010   0x0800f010   0x00000028   Data   RO         5498    .constdata          c_w.l(_printf_hex_int_ll_ptr.o)
    0x0800f038   0x0800f038   0x00000026   Data   RO         5573    .constdata          c_w.l(_printf_fp_hex.o)
    0x0800f05e   0x0800f05e   0x00000002   PAD
    0x0800f060   0x0800f060   0x00000094   Data   RO         5586    .constdata          c_w.l(bigflt0.o)
    0x0800f0f4   0x0800f0f4   0x0000003e   Data   RO           30    .conststring        main.o
    0x0800f132   0x0800f132   0x00000002   PAD
    0x0800f134   0x0800f134   0x00000020   Data   RO         5764    Region$$Table       anon$$obj.o
    0x0800f154   0x0800f154   0x00000110   Data   RO         5612    locale$$data        c_w.l(lc_ctype_c.o)
    0x0800f264   0x0800f264   0x0000001c   Data   RO         5615    locale$$data        c_w.l(lc_numeric_c.o)


    Execution Region RW_IRAM1 (Exec base: 0x20000000, Load base: 0x0800f280, Size: 0x000051e0, Max: 0x00020000, ABSOLUTE)

    Exec Addr    Load Addr    Size         Type   Attr      Idx    E Section Name        Object

    0x20000000   0x0800f280   0x0000001c   Data   RW           31    .data               main.o
    0x2000001c   0x0800f29c   0x0000000c   Data   RW         3485    .data               stm32f4xx_hal.o
    0x20000028   0x0800f2a8   0x00000004   Data   RW         3717    .data               system_stm32f4xx.o
    0x2000002c   0x0800f2ac   0x0000003c   Data   RW         4373    .data               tasks.o
    0x20000068   0x0800f2e8   0x00000014   Data   RW         4689    .data               timers.o
    0x2000007c   0x0800f2fc   0x00000004   Data   RW         4886    .data               cmsis_os2.o
    0x20000080   0x0800f300   0x00000018   Data   RW         5249    .data               heap_4.o
    0x20000098   0x0800f318   0x0000000c   Data   RW         5300    .data               port.o
    0x200000a4   0x0800f324   0x00000004   Data   RW         5406    .data               c_w.l(strtok.o)
    0x200000a8        -       0x000001a0   Zero   RW           28    .bss                main.o
    0x20000248        -       0x00000040   Zero   RW          442    .bss                stm32f4xx_hal_timebase_tim.o
    0x20000288        -       0x00000020   Zero   RW         2685    .bss                stm32f4xx_hal_flash.o
    0x200002a8        -       0x00000040   Zero   RW         3956    .bss                queue.o
    0x200002e8        -       0x000004c4   Zero   RW         4372    .bss                tasks.o
    0x200007ac        -       0x00000118   Zero   RW         4688    .bss                timers.o
    0x200008c4        -       0x000006b8   Zero   RW         4885    .bss                cmsis_os2.o
    0x20000f7c        -       0x00003c00   Zero   RW         5248    .bss                heap_4.o
    0x20004b7c        -       0x00000060   Zero   RW         5544    .bss                c_w.l(libspace.o)
    0x20004bdc   0x0800f328   0x00000004   PAD
    0x20004be0        -       0x00000200   Zero   RW            2    HEAP                startup_stm32f411xe.o
    0x20004de0        -       0x00000400   Zero   RW            1    STACK               startup_stm32f411xe.o


==============================================================================

Image component sizes


      Code (inc. data)   RO Data    RW Data    ZI Data      Debug   Object Name

      1464         92          0          4       1720      30388   cmsis_os2.o
       626         12          0          0          0      31774   event_groups.o
         0          0          0          0          0       2648   freertos.o
       460         24          0         24      15360       4883   heap_4.o
       138          0          0          0          0       3654   list.o
      2412        274        210         28        416     492758   main.o
       786         82          0         12          0      11809   port.o
      2310         24          0          0         64      25815   queue.o
        64         26        408          0       1536        864   startup_stm32f411xe.o
        80         14          0         12          0       3338   stm32f4xx_hal.o
       158         14          0          0          0      33246   stm32f4xx_hal_cortex.o
       536         66          0          0         32       6810   stm32f4xx_hal_flash.o
        80          6          0          0          0        757   stm32f4xx_hal_flash_ex.o
       426         40          0          0          0       3103   stm32f4xx_hal_gpio.o
      2054         42          0          0          0      12458   stm32f4xx_hal_i2c.o
       436         52          0          0          0       3201   stm32f4xx_hal_msp.o
      1328         90          0          0          0       5937   stm32f4xx_hal_rcc.o
       128          0          0          0          0       1203   stm32f4xx_hal_spi.o
       608         30          0          0          0       7404   stm32f4xx_hal_tim.o
         4          0          0          0          0       1657   stm32f4xx_hal_tim_ex.o
       116         16          0          0         64       1451   stm32f4xx_hal_timebase_tim.o
      1252          8          0          0          0       5355   stm32f4xx_hal_uart.o
        30          6          0          0          0       3798   stm32f4xx_it.o
         0          0          0          0          0       8892   stream_buffer.o
        88         22         24          4          0       1219   system_stm32f4xx.o
      2580        218          0         60       1220      30270   tasks.o
       952         88          0         20        280      27343   timers.o

    ----------------------------------------------------------------------
     19146       1246        676        164      20692     762035   Object Totals
         0          0         32          0          0          0   (incl. Generated)
        30          0          2          0          0          0   (incl. Padding)

    ----------------------------------------------------------------------

      Code (inc. data)   RO Data    RW Data    ZI Data      Debug   Library Member Name

        44          6          0          0          0         84   __2sprintf.o
         8          0          0          0          0         68   __main.o
       392          4         17          0          0         92   __printf_flags_ss_wp.o
        14          0          0          0          0         68   __printf_wp.o
         0          0          0          0          0          0   __rtentry.o
        12          0          0          0          0          0   __rtentry2.o
         6          0          0          0          0          0   __rtentry4.o
        52          8          0          0          0          0   __scatter.o
        26          0          0          0          0          0   __scatter_copy.o
        28          0          0          0          0          0   __scatter_zi.o
        28          0          0          0          0         68   _chval.o
         6          0          0          0          0          0   _printf_a.o
         6          0          0          0          0          0   _printf_c.o
        44          0          0          0          0        108   _printf_char.o
        48          6          0          0          0         96   _printf_char_common.o
        40          0          0          0          0         68   _printf_charcount.o
         6          0          0          0          0          0   _printf_d.o
       120         16          0          0          0         92   _printf_dec.o
         6          0          0          0          0          0   _printf_e.o
         6          0          0          0          0          0   _printf_f.o
      1054          0          0          0          0        216   _printf_fp_dec.o
       764          8         38          0          0        100   _printf_fp_hex.o
       128         16          0          0          0         84   _printf_fp_infnan.o
         6          0          0          0          0          0   _printf_g.o
       148          4         40          0          0        160   _printf_hex_int_ll_ptr.o
         6          0          0          0          0          0   _printf_i.o
       178          0          0          0          0         88   _printf_intcommon.o
        10          0          0          0          0          0   _printf_l.o
         6          0          0          0          0          0   _printf_lc.o
        10          0          0          0          0          0   _printf_ll.o
         6          0          0          0          0          0   _printf_lld.o
         6          0          0          0          0          0   _printf_lli.o
         6          0          0          0          0          0   _printf_llo.o
         6          0          0          0          0          0   _printf_llu.o
         6          0          0          0          0          0   _printf_llx.o
       124         16          0          0          0         92   _printf_longlong_dec.o
         6          0          0          0          0          0   _printf_ls.o
         6          0          0          0          0          0   _printf_n.o
         6          0          0          0          0          0   _printf_o.o
       112         10          0          0          0        124   _printf_oct_int_ll.o
         6          0          0          0          0          0   _printf_p.o
        78          0          0          0          0        108   _printf_pad.o
         0          0          0          0          0          0   _printf_percent.o
         4          0          0          0          0          0   _printf_percent_end.o
         6          0          0          0          0          0   _printf_s.o
        82          0          0          0          0         80   _printf_str.o
        36          0          0          0          0         84   _printf_truncate.o
         6          0          0          0          0          0   _printf_u.o
        44          0          0          0          0        108   _printf_wchar.o
       188          6          8          0          0         92   _printf_wctomb.o
         6          0          0          0          0          0   _printf_x.o
        10          0          0          0          0         68   _sputc.o
       158          0          0          0          0         92   _strtoul.o
        64          0          0          0          0         92   _wcrtomb.o
        16          0          0          0          0         68   aeabi_memset.o
       228          4        148          0          0         96   bigflt0.o
      1936        128          0          0          0        672   btod.o
        18          0          0          0          0         80   exit.o
         6          0          0          0          0        152   heapauxi.o
         0          0          0          0          0          0   indicate_semi.o
        44         10        272          0          0         76   lc_ctype_c.o
        44         10         28          0          0         76   lc_numeric_c.o
         2          0          0          0          0          0   libinit.o
        34          0          0          0          0          0   libinit2.o
         2          0          0          0          0          0   libshutdown.o
         2          0          0          0          0          0   libshutdown2.o
         8          4          0          0         96         68   libspace.o
       138          0          0          0          0         80   lludiv10.o
       238          0          0          0          0        100   lludivv7m.o
        16          4          0          0          0         76   rt_ctype_table.o
         8          4          0          0          0         68   rt_errno_addr_intlibspace.o
         8          4          0          0          0         68   rt_locale_intlibspace.o
        68          0          0          0          0         68   rt_memclr.o
        78          0          0          0          0         80   rt_memclr_w.o
       138          0          0          0          0         68   rt_memcpy_v6.o
       100          0          0          0          0         80   rt_memcpy_w.o
         2          0          0          0          0          0   rtexit.o
        10          0          0          0          0          0   rtexit2.o
       128          0          0          0          0         68   strcmpv7m.o
        72          0          0          0          0         80   strcpy.o
        32          0          0          0          0         80   strcspn.o
        62          0          0          0          0         76   strlen.o
        28          0          0          0          0         80   strspn.o
        12          6          0          4          0         68   strtok.o
        68          4          0          0          0         84   strtok_int.o
       112          0          0          0          0         88   strtol.o
        12          4          0          0          0         68   sys_exit.o
        74          0          0          0          0         80   sys_stackheap_outer.o
         2          0          0          0          0         68   use_no_semi.o
        36          4          0          0          0         76   vsprintf.o
        98          4          0          0          0        140   d2f.o
        46          0          0          0          0        116   dflt_clz.o
       340         12          0          0          0        152   dmul.o
       156          4          0          0          0        140   dnaninf.o
        12          0          0          0          0        116   dretinf.o
        86          4          0          0          0        132   f2d.o
       140          4          0          0          0        132   fnaninf.o
        10          0          0          0          0        116   fpinit.o
        10          0          0          0          0        116   fretinf.o
         4          0          0          0          0        116   printf1.o
         4          0          0          0          0        116   printf2.o
         0          0          0          0          0          0   usenofp.o
        48          0          0          0          0        124   fpclassify.o

    ----------------------------------------------------------------------
      8934        314        556          4        100       6740   Library Totals
        24          0          5          0          4          0   (incl. Padding)

    ----------------------------------------------------------------------

      Code (inc. data)   RO Data    RW Data    ZI Data      Debug   Library Name

      7956        286        551          4         96       5224   c_w.l
       906         28          0          0          0       1392   fz_wm.l
        48          0          0          0          0        124   m_wm.l

    ----------------------------------------------------------------------
      8934        314        556          4        100       6740   Library Totals

    ----------------------------------------------------------------------

==============================================================================


      Code (inc. data)   RO Data    RW Data    ZI Data      Debug   

     28080       1560       1232        168      20792     746711   Grand Totals
     28080       1560       1232        168      20792     746711   ELF Image Totals
     28080       1560       1232        168          0          0   ROM Totals

==============================================================================

    Total RO  Size (Code + RO Data)                29312 (  28.63kB)
    Total RW  Size (RW Data + ZI Data)             20960 (  20.47kB)
    Total ROM Size (Code + RO Data + RW Data)      29480 (  28.79kB)

==============================================================================

